Virtuoso Framework License (111) was checked out successfully. Total checkout time was 0.03s.
********************************************************************************
Product   : Virtuoso(R) XStream Out
Program   : @(#)$CDS: strmout version IC23.1-64b 04/22/2025 22:31 (cpgbld17) $
          : sub-version  IC23.1-64b.ISR14.32 
Started at: 23-Nov-2025  14:39:10
User Name : bskepper
Host Name : c17-orng-08.ad.mtu.edu
Directory : /home/campus31/bskepper
CADENCE Design Systems, Inc.
********************************************************************************
Info: Cellview Rev Num:99,  Tech Rev Num:59

WARNING (XSTRM-20): Output Stream file '/home/campus31/bskepper/Group2_VLSI_EE5900/Group2_VLSI_EE5900/4bit_FullAddSub/pegasus/4bit_FullAddSub.gds.gz' already exists. It will be overwritten.
Loading sky130_fd_pr_main/libInit.il ...
	Loading sky130_fd_pr_main/loadCxt.ile ... done!
	Loading context 'sky130_fd_pr_main' from library 'sky130_fd_pr_main' ... done!
	Loading context 'pdkUtils' from library 'sky130_fd_pr_main' ... done!
	Loading sky130_fd_pr_main/libInitCktPro.il ... done!
	Loading sky130_fd_pr_main/libInitCustomExit.il ... 	Loading Environment Settings ...
done!
Loaded sky130_fd_pr_main/libInit.il successfully!
INFO (XSTRM-217): Reading the layer map file, /opt/cadence-suite/sky130_release_0.0.4/libs/sky130_fd_pr_main/sky130_fd_pr_main.layermap
WARNING (XSTRM-333): The '-enableColoring' option will be ignored during XStream Out. This is because there is no color entry in the layer map and the object map file.
INFO (XSTRM-427): Based on current hardware configuration, running XStream Out translation in multi-threaded mode with 4 threads.
INFO (XSTRM-280): The output file will be a compressed file because the file name has extension .gz
INFO (XSTRM-162): You have not used the '-viaMap' option. If the OpenAccess design has native oaVia instances, use the '-viaMap' option for preserving oaVia instances in a XStream Out - XStream In round trip. Using the '-viaMap' option improves performance and VM usage of applications using the Streamed-In design.

Summary of Options :
library                                 Group2_VLSI_EE5900
strmFile                                /home/campus31/bskepper/Group2_VLSI_EE5900/Group2_VLSI_EE5900/4bit_FullAddSub/pegasus/4bit_FullAddSub.gds.gz
topCell                                 4bit_FullAddSub
view                                    layout
runDir                                  /home/campus31/bskepper/Group2_VLSI_EE5900/Group2_VLSI_EE5900/4bit_FullAddSub/pegasus
logFile                                 /home/campus31/bskepper/Group2_VLSI_EE5900/Group2_VLSI_EE5900/4bit_FullAddSub/pegasus/PIPO1.LOG
techLib                                 sky130_fd_pr_main
hierDepth                               32
maxVertices                             2048
layerMap                                /opt/cadence-suite/sky130_release_0.0.4/libs/sky130_fd_pr_main/sky130_fd_pr_main.layermap
userSkillFile                           /home/campus31/bskepper/Group2_VLSI_EE5900/Group2_VLSI_EE5900/4bit_FullAddSub/pegasus/strmout.il
labelDepth                              32
case                                    Preserve
convertDot                              node

INFO (XSTRM-180): You have not used the '-objectMap' option. The design has instance(s) of at least one of following OpenAccess objects: oaBlockage, oaBoundary, oaRow, and oaMarker. Any information about these objects will not be translated into the generated stream file. Use the '-objectMap' option to translate/preserve these objects using XStream.
INFO (XSTRM-223): 1. Translating stdVia sky130_fd_pr_main/PYL1CON_C/layout as STRUCTURE PYL1CON_C_CDNS_763926750320.
INFO (XSTRM-223): 2. Translating customVia sky130_fd_pr_main/polyConn/layout as STRUCTURE polyConn_CDNS_763926750320.
INFO (XSTRM-223): 3. Translating stdVia sky130_fd_pr_main/L1M1_C/layout as STRUCTURE L1M1_C_CDNS_763926750321.
INFO (XSTRM-223): 4. Translating cellview sky130_fd_pr_main/pfet_01v8/layout as STRUCTURE pfet_01v8_CDNS_763926750321.
INFO (XSTRM-223): 5. Translating cellview sky130_fd_pr_main/nfet_01v8/layout as STRUCTURE nfet_01v8_CDNS_763926750322.
INFO (XSTRM-223): 6. Translating customVia sky130_fd_pr_main/subTap/layout as STRUCTURE subTap_CDNS_763926750323.
INFO (XSTRM-223): 7. Translating customVia sky130_fd_pr_main/nwellTap/layout as STRUCTURE nwellTap_CDNS_763926750324.
INFO (XSTRM-223): 8. Translating cellview Group2_VLSI_EE5900/NOT/layout as STRUCTURE NOT.
INFO (XSTRM-223): 9. Translating cellview sky130_fd_pr_main/pfet_01v8/layout as STRUCTURE pfet_01v8_CDNS_763926750325.
INFO (XSTRM-223): 10. Translating cellview sky130_fd_pr_main/pfet_01v8/layout as STRUCTURE pfet_01v8_CDNS_763926750326.
INFO (XSTRM-223): 11. Translating cellview sky130_fd_pr_main/nfet_01v8/layout as STRUCTURE nfet_01v8_CDNS_763926750327.
INFO (XSTRM-223): 12. Translating cellview sky130_fd_pr_main/pfet_01v8/layout as STRUCTURE pfet_01v8_CDNS_763926750328.
INFO (XSTRM-223): 13. Translating cellview sky130_fd_pr_main/nfet_01v8/layout as STRUCTURE nfet_01v8_CDNS_763926750329.
INFO (XSTRM-223): 14. Translating cellview sky130_fd_pr_main/nfet_01v8/layout as STRUCTURE nfet_01v8_CDNS_7639267503210.
INFO (XSTRM-223): 15. Translating cellview sky130_fd_pr_main/pfet_01v8/layout as STRUCTURE pfet_01v8_CDNS_7639267503211.
INFO (XSTRM-223): 16. Translating cellview sky130_fd_pr_main/nfet_01v8/layout as STRUCTURE nfet_01v8_CDNS_7639267503212.
INFO (XSTRM-223): 17. Translating cellview sky130_fd_pr_main/pfet_01v8/layout as STRUCTURE pfet_01v8_CDNS_7639267503213.
INFO (XSTRM-223): 18. Translating cellview sky130_fd_pr_main/pfet_01v8/layout as STRUCTURE pfet_01v8_CDNS_7639267503214.
INFO (XSTRM-223): 19. Translating cellview sky130_fd_pr_main/nfet_01v8/layout as STRUCTURE nfet_01v8_CDNS_7639267503215.
INFO (XSTRM-223): 20. Translating cellview sky130_fd_pr_main/nfet_01v8/layout as STRUCTURE nfet_01v8_CDNS_7639267503216.
INFO (XSTRM-223): 21. Translating cellview sky130_fd_pr_main/nfet_01v8/layout as STRUCTURE nfet_01v8_CDNS_7639267503217.
INFO (XSTRM-223): 22. Translating cellview sky130_fd_pr_main/nfet_01v8/layout as STRUCTURE nfet_01v8_CDNS_7639267503218.
INFO (XSTRM-223): 23. Translating cellview sky130_fd_pr_main/pfet_01v8/layout as STRUCTURE pfet_01v8_CDNS_7639267503219.
INFO (XSTRM-223): 24. Translating cellview sky130_fd_pr_main/pfet_01v8/layout as STRUCTURE pfet_01v8_CDNS_7639267503220.
INFO (XSTRM-223): 25. Translating cellview Group2_VLSI_EE5900/1bit_FullAdder/layout as STRUCTURE 1bit_FullAdder.
INFO (XSTRM-223): 26. Translating stdVia sky130_fd_pr_main/L1M1_C/layout as STRUCTURE L1M1_C_CDNS_763926750322.
INFO (XSTRM-223): 27. Translating stdVia sky130_fd_pr_main/L1M1_C/layout as STRUCTURE L1M1_C_CDNS_763926750323.
INFO (XSTRM-223): 28. Translating cellview sky130_fd_pr_main/nfet_01v8/layout as STRUCTURE nfet_01v8_CDNS_7639267503221.
INFO (XSTRM-223): 29. Translating cellview sky130_fd_pr_main/pfet_01v8/layout as STRUCTURE pfet_01v8_CDNS_7639267503222.
INFO (XSTRM-223): 30. Translating cellview sky130_fd_pr_main/pfet_01v8/layout as STRUCTURE pfet_01v8_CDNS_7639267503223.
INFO (XSTRM-223): 31. Translating cellview sky130_fd_pr_main/pfet_01v8/layout as STRUCTURE pfet_01v8_CDNS_7639267503224.
INFO (XSTRM-223): 32. Translating cellview sky130_fd_pr_main/nfet_01v8/layout as STRUCTURE nfet_01v8_CDNS_7639267503225.
INFO (XSTRM-223): 33. Translating cellview Group2_VLSI_EE5900/XOR/layout as STRUCTURE XOR.
INFO (XSTRM-223): 34. Translating cellview Group2_VLSI_EE5900/4bit_FullAddSub/layout as STRUCTURE 4bit_FullAddSub.

Summary of Objects Translated:
	Scalar Instances:                       46
	Array Instances:                        0
	Polygons:                               0
	Paths:                                  0
	Rectangles:                             351
	Lines:                                  0
	Arcs:                                   0
	Donuts:                                 0
	Dots:                                   0
	Ellipses:                               0
	Boundaries:                             0
	Area Blockages:                         0
	Layer Blockages:                        0
	Area Halos:                             0
	Markers:                                0
	Rows:                                   0
	Stitch:                                 0
	Standard Vias                           15
	Custom Vias:                            25
	CdsGen Vias:                            0
	Pathsegs:                               233
	Text:                                   0
	TextDisplay:                            0
	Cells:                                  34

Elapsed Time: 0.5s   User Time: 0.1s   CPU Time: 0.0s   Peak VM: 38224KB
INFO (XSTRM-234): Translation completed. '0' error(s) and '2' warning(s) found.
