Running: /opt/cadence-suite/pegasus/tools.lnx86/Pegasus/bin/64bit/pegasusvirt \
  -isPegasus \
  -mode drc \
  -global_log_file /home/campus31/bskepper/Group2_VLSI_EE5900/Group2_VLSI_EE5900/1bit_FullAddSub/pegasus/pegasusuidrc.log \
  -control /home/campus31/bskepper/Group2_VLSI_EE5900/Group2_VLSI_EE5900/1bit_FullAddSub/pegasus/pegasusdrcctl \
  -cell_tree /home/campus31/bskepper/Group2_VLSI_EE5900/Group2_VLSI_EE5900/1bit_FullAddSub/pegasus/cell_tree.txt \
  -layLibName Group2_VLSI_EE5900 \
  -layCellName 1bit_FullAddSub \
  -layViewName layout \
  -igds /home/campus31/bskepper/Group2_VLSI_EE5900/Group2_VLSI_EE5900/1bit_FullAddSub/pegasus/1bit_FullAddSub.gds.gz \
  -layScale 0.001 \
  -layTechLib sky130_fd_pr_main \
  -convertPin geometry \
  -replaceBusBitChar nil \
  -noConvertHalfWidthPath nil \
  -layHierDepth 32 \
  -layMaxVertices 2048 \
  -enableColoring yes \
  -rulesFile /opt/cadence-suite/sky130_release_0.0.4/Sky130_DRC/sky130_rev_0.0_1.0.drc.pvl \
  -log_dir LOGS \
  -df2_version IC23.1.0 \
  -sign IPVS_1763932211_2223859 \
  -run_dir /home/campus31/bskepper/Group2_VLSI_EE5900/Group2_VLSI_EE5900/1bit_FullAddSub/pegasus \
  -no_rules_check



Virtuoso Framework License (111) was checked out successfully. Total checkout time was 0.07s.
********************************************************************************
Product   : Virtuoso(R) XStream Out
Program   : @(#)$CDS: strmout version IC23.1-64b 04/22/2025 22:31 (cpgbld17) $
          : sub-version  IC23.1-64b.ISR14.32 
Started at: 23-Nov-2025  16:10:13
User Name : bskepper
Host Name : c17-orng-08.ad.mtu.edu
Directory : /home/campus31/bskepper
CADENCE Design Systems, Inc.
********************************************************************************
Info: Cellview Rev Num:99,  Tech Rev Num:59

Loading sky130_fd_pr_main/libInit.il ...
	Loading sky130_fd_pr_main/loadCxt.ile ... done!
	Loading context 'sky130_fd_pr_main' from library 'sky130_fd_pr_main' ... done!
	Loading context 'pdkUtils' from library 'sky130_fd_pr_main' ... done!
	Loading sky130_fd_pr_main/libInitCktPro.il ... done!
	Loading sky130_fd_pr_main/libInitCustomExit.il ... 	Loading Environment Settings ...
done!
Loaded sky130_fd_pr_main/libInit.il successfully!
INFO (XSTRM-217): Reading the layer map file, /opt/cadence-suite/sky130_release_0.0.4/libs/sky130_fd_pr_main/sky130_fd_pr_main.layermap
WARNING (XSTRM-333): The '-enableColoring' option will be ignored during XStream Out. This is because there is no color entry in the layer map and the object map file.
INFO (XSTRM-427): Based on current hardware configuration, running XStream Out translation in multi-threaded mode with 4 threads.
INFO (XSTRM-280): The output file will be a compressed file because the file name has extension .gz
INFO (XSTRM-162): You have not used the '-viaMap' option. If the OpenAccess design has native oaVia instances, use the '-viaMap' option for preserving oaVia instances in a XStream Out - XStream In round trip. Using the '-viaMap' option improves performance and VM usage of applications using the Streamed-In design.

Summary of Options :
library                                 Group2_VLSI_EE5900
strmFile                                /home/campus31/bskepper/Group2_VLSI_EE5900/Group2_VLSI_EE5900/1bit_FullAddSub/pegasus/1bit_FullAddSub.gds.gz
topCell                                 1bit_FullAddSub
view                                    layout
runDir                                  /home/campus31/bskepper/Group2_VLSI_EE5900/Group2_VLSI_EE5900/1bit_FullAddSub/pegasus
logFile                                 /home/campus31/bskepper/Group2_VLSI_EE5900/Group2_VLSI_EE5900/1bit_FullAddSub/pegasus/PIPO1.LOG
techLib                                 sky130_fd_pr_main
hierDepth                               32
maxVertices                             2048
layerMap                                /opt/cadence-suite/sky130_release_0.0.4/libs/sky130_fd_pr_main/sky130_fd_pr_main.layermap
userSkillFile                           /home/campus31/bskepper/Group2_VLSI_EE5900/Group2_VLSI_EE5900/1bit_FullAddSub/pegasus/strmout.il
labelDepth                              32
case                                    Preserve
convertDot                              node

INFO (XSTRM-180): You have not used the '-objectMap' option. The design has instance(s) of at least one of following OpenAccess objects: oaBlockage, oaBoundary, oaRow, and oaMarker. Any information about these objects will not be translated into the generated stream file. Use the '-objectMap' option to translate/preserve these objects using XStream.
INFO (XSTRM-223): 1. Translating stdVia sky130_fd_pr_main/M1M2_C/layout as STRUCTURE M1M2_C_CDNS_763932213580.
INFO (XSTRM-223): 2. Translating stdVia sky130_fd_pr_main/PYL1CON_C/layout as STRUCTURE PYL1CON_C_CDNS_763932213581.
INFO (XSTRM-223): 3. Translating customVia sky130_fd_pr_main/polyConn/layout as STRUCTURE polyConn_CDNS_763932213580.
INFO (XSTRM-223): 4. Translating stdVia sky130_fd_pr_main/L1M1_C/layout as STRUCTURE L1M1_C_CDNS_763932213582.
INFO (XSTRM-223): 5. Translating cellview sky130_fd_pr_main/pfet_01v8/layout as STRUCTURE pfet_01v8_CDNS_763932213581.
INFO (XSTRM-223): 6. Translating cellview sky130_fd_pr_main/nfet_01v8/layout as STRUCTURE nfet_01v8_CDNS_763932213582.
INFO (XSTRM-223): 7. Translating customVia sky130_fd_pr_main/subTap/layout as STRUCTURE subTap_CDNS_763932213583.
INFO (XSTRM-223): 8. Translating customVia sky130_fd_pr_main/nwellTap/layout as STRUCTURE nwellTap_CDNS_763932213584.
INFO (XSTRM-223): 9. Translating cellview Group2_VLSI_EE5900/NOT/layout as STRUCTURE NOT.
INFO (XSTRM-223): 10. Translating cellview sky130_fd_pr_main/pfet_01v8/layout as STRUCTURE pfet_01v8_CDNS_763932213585.
INFO (XSTRM-223): 11. Translating cellview sky130_fd_pr_main/pfet_01v8/layout as STRUCTURE pfet_01v8_CDNS_763932213586.
INFO (XSTRM-223): 12. Translating cellview sky130_fd_pr_main/nfet_01v8/layout as STRUCTURE nfet_01v8_CDNS_763932213587.
INFO (XSTRM-223): 13. Translating cellview sky130_fd_pr_main/pfet_01v8/layout as STRUCTURE pfet_01v8_CDNS_763932213588.
INFO (XSTRM-223): 14. Translating cellview sky130_fd_pr_main/nfet_01v8/layout as STRUCTURE nfet_01v8_CDNS_763932213589.
INFO (XSTRM-223): 15. Translating cellview sky130_fd_pr_main/nfet_01v8/layout as STRUCTURE nfet_01v8_CDNS_7639322135810.
INFO (XSTRM-223): 16. Translating cellview sky130_fd_pr_main/pfet_01v8/layout as STRUCTURE pfet_01v8_CDNS_7639322135811.
INFO (XSTRM-223): 17. Translating cellview sky130_fd_pr_main/nfet_01v8/layout as STRUCTURE nfet_01v8_CDNS_7639322135812.
INFO (XSTRM-223): 18. Translating cellview sky130_fd_pr_main/pfet_01v8/layout as STRUCTURE pfet_01v8_CDNS_7639322135813.
INFO (XSTRM-223): 19. Translating cellview sky130_fd_pr_main/pfet_01v8/layout as STRUCTURE pfet_01v8_CDNS_7639322135814.
INFO (XSTRM-223): 20. Translating cellview sky130_fd_pr_main/nfet_01v8/layout as STRUCTURE nfet_01v8_CDNS_7639322135815.
INFO (XSTRM-223): 21. Translating cellview sky130_fd_pr_main/nfet_01v8/layout as STRUCTURE nfet_01v8_CDNS_7639322135816.
INFO (XSTRM-223): 22. Translating cellview sky130_fd_pr_main/nfet_01v8/layout as STRUCTURE nfet_01v8_CDNS_7639322135817.
INFO (XSTRM-223): 23. Translating cellview sky130_fd_pr_main/nfet_01v8/layout as STRUCTURE nfet_01v8_CDNS_7639322135818.
INFO (XSTRM-223): 24. Translating cellview sky130_fd_pr_main/pfet_01v8/layout as STRUCTURE pfet_01v8_CDNS_7639322135819.
INFO (XSTRM-223): 25. Translating cellview sky130_fd_pr_main/pfet_01v8/layout as STRUCTURE pfet_01v8_CDNS_7639322135820.
INFO (XSTRM-223): 26. Translating cellview Group2_VLSI_EE5900/1bit_FullAdder/layout as STRUCTURE 1bit_FullAdder.
INFO (XSTRM-223): 27. Translating stdVia sky130_fd_pr_main/L1M1_C/layout as STRUCTURE L1M1_C_CDNS_763932213583.
INFO (XSTRM-223): 28. Translating stdVia sky130_fd_pr_main/L1M1_C/layout as STRUCTURE L1M1_C_CDNS_763932213584.
INFO (XSTRM-223): 29. Translating cellview sky130_fd_pr_main/nfet_01v8/layout as STRUCTURE nfet_01v8_CDNS_7639322135821.
INFO (XSTRM-223): 30. Translating cellview sky130_fd_pr_main/pfet_01v8/layout as STRUCTURE pfet_01v8_CDNS_7639322135822.
INFO (XSTRM-223): 31. Translating cellview sky130_fd_pr_main/pfet_01v8/layout as STRUCTURE pfet_01v8_CDNS_7639322135823.
INFO (XSTRM-223): 32. Translating cellview sky130_fd_pr_main/pfet_01v8/layout as STRUCTURE pfet_01v8_CDNS_7639322135824.
INFO (XSTRM-223): 33. Translating cellview sky130_fd_pr_main/nfet_01v8/layout as STRUCTURE nfet_01v8_CDNS_7639322135825.
INFO (XSTRM-223): 34. Translating cellview Group2_VLSI_EE5900/XOR/layout as STRUCTURE XOR.
INFO (XSTRM-223): 35. Translating cellview Group2_VLSI_EE5900/1bit_FullAddSub/layout as STRUCTURE 1bit_FullAddSub.

Summary of Objects Translated:
	Scalar Instances:                       40
	Array Instances:                        0
	Polygons:                               0
	Paths:                                  0
	Rectangles:                             339
	Lines:                                  0
	Arcs:                                   0
	Donuts:                                 0
	Dots:                                   0
	Ellipses:                               0
	Boundaries:                             0
	Area Blockages:                         0
	Layer Blockages:                        0
	Area Halos:                             0
	Markers:                                0
	Rows:                                   0
	Stitch:                                 0
	Standard Vias                           19
	Custom Vias:                            25
	CdsGen Vias:                            0
	Pathsegs:                               251
	Text:                                   0
	TextDisplay:                            0
	Cells:                                  35

Elapsed Time: 0.3s   User Time: 0.1s   CPU Time: 0.0s   Peak VM: 38172KB
INFO (XSTRM-234): Translation completed. '0' error(s) and '1' warning(s) found.


Pegasus 23.14-s006 W6eUyhvWDSmkstMrnkYP8g 2025-11-23 16:10:13 2233683 c17-orng-08.ad.mtu.edu
Copyright 2024 Cadence Design Systems, Inc.
All rights reserved worldwide.

INFO:    Command Line Options: --log_dir LOGS -top_cell 1bit_FullAddSub -ui_data --control /home/campus31/bskepper/Group2_VLSI_EE5900/Group2_VLSI_EE5900/1bit_FullAddSub/pegasus/pegasusdrcctl /opt/cadence-suite/sky130_release_0.0.4/Sky130_DRC/sky130_rev_0.0_1.0.drc.pvl
INFO:    Launch host CPU: Model: 13th Gen Intel(R) Core(TM) i7-13700, OS: Red Hat Enterprise Linux release 9.6 (Plow), Logical cores: 24, Physical cores: 16, Cache: 30720 KB, CPU Speed: 815.424 MHz
         Launch host Memory: MemTotal: 31522 MB,  MemFree: 8008 MB,  SwapTotal: 4095 MB,  SwapFree: 4095 MB,  VmallocTotal: 33554431 MB,  VmallocUsed: 202 MB
INFO:    Current path: /home/campus31/bskepper/Group2_VLSI_EE5900/Group2_VLSI_EE5900/1bit_FullAddSub/pegasus
INFO:    Run directory same as current path
INFO:    Log directory: /home/campus31/bskepper/Group2_VLSI_EE5900/Group2_VLSI_EE5900/1bit_FullAddSub/pegasus/LOGS
INFO:    Setting LAYOUT_PRIMARY to: 1bit_FullAddSub 
INFO:    PVL parsing results:
WARNING: LAYOUT_FORMAT at line 30 in file /opt/cadence-suite/sky130_release_0.0.4/Sky130_DRC/sky130_rev_0.0_1.0.drc.pvl is skipped. It is set in control file.
WARNING: LAYOUT_PATH at line 34 in file /opt/cadence-suite/sky130_release_0.0.4/Sky130_DRC/sky130_rev_0.0_1.0.drc.pvl is skipped. It is set in control file.
WARNING: Cmd-line override: LAYOUT_PRIMARY "1bit_FullAddSub";
WARNING: REPORT_SUMMARY statement at line 42 in file /opt/cadence-suite/sky130_release_0.0.4/Sky130_DRC/sky130_rev_0.0_1.0.drc.pvl is ignored.
       summary file has been specified as /home/campus31/bskepper/Group2_VLSI_EE5900/Group2_VLSI_EE5900/1bit_FullAddSub/pegasus/1bit_FullAddSub.sum
WARNING: RESULTS_DB -ascii at line 46 in file /opt/cadence-suite/sky130_release_0.0.4/Sky130_DRC/sky130_rev_0.0_1.0.drc.pvl is skipped. It is set in control file.
WARNING: MAX_RESULTS -drc at line 50 in file /opt/cadence-suite/sky130_release_0.0.4/Sky130_DRC/sky130_rev_0.0_1.0.drc.pvl is skipped. It is set in control file.
WARNING: ABORT_ON_LAYOUT_ERROR at line 58 in file /opt/cadence-suite/sky130_release_0.0.4/Sky130_DRC/sky130_rev_0.0_1.0.drc.pvl is skipped. It is set in control file.
WARNING: TEXT_DEPTH at line 60 in file /opt/cadence-suite/sky130_release_0.0.4/Sky130_DRC/sky130_rev_0.0_1.0.drc.pvl is skipped. It is set in control file.
WARNING: LAYOUT_PATH at line 6 in file /opt/cadence-suite/sky130_release_0.0.4/Sky130_DRC/Include/hvnwell.drc.pvl is skipped. It is set in control file.
WARNING: Cmd-line override: LAYOUT_PRIMARY "1bit_FullAddSub";
WARNING: RESULTS_DB -ascii at line 8 in file /opt/cadence-suite/sky130_release_0.0.4/Sky130_DRC/Include/hvnwell.drc.pvl is skipped. It is set in control file.

INFO:    See "/home/campus31/bskepper/Group2_VLSI_EE5900/Group2_VLSI_EE5900/1bit_FullAddSub/pegasus/LOGS/pvl.log" for additional details.

INFO:    Checking out 1 license(s) of feature: 'Pegasus_DRC' version 23.1
INFO:    License checkout successful ... 2025-11-23 16:10:16

INFO:    Checking out 1 license(s) of feature: 'Pegasus_16nm' version 23.1
INFO:    License checkout successful ... 2025-11-23 16:10:16
INFO:    Worker 0 started on host c17-orng-08.ad.mtu.edu with 1 cpu(s)
sh: line 1: lsb_release: command not found
         CPU: Model: 13th Gen Intel(R) Core(TM) i7-13700, OS: , Logical cores: 24, Physical cores: 16, Cache: 30720 KB, CPU Speed: 930.575 MHz
         Memory: MemTotal: 31522 MB,  MemFree: 7936 MB,  SwapTotal: 4095 MB,  SwapFree: 4095 MB,  VmallocTotal: 33554431 MB,  VmallocUsed: 202 MB

INFO:    Gdsii input summary
         File name: /home/campus31/bskepper/Group2_VLSI_EE5900/Group2_VLSI_EE5900/1bit_FullAddSub/pegasus/1bit_FullAddSub.gds.gz
         File size: 5216
         Version: 5.0
         Library name: Group2_VLSI_EE5900
         Last modified: 2025-11-23 15:23:22
         Last accessed: 2025-11-23 16:10:13
         Database unit in user units: 0.001
         Database unit in meters: 1e-09
         Magnification: 1 
WARNING: Cell name parameter "*_tech_CD_top" for inside_cell [-not] operation not located.
WARNING: Cell name parameter "s8rf2_xcmvpp_hd5_*" for inside_cell [-not] operation not located.
WARNING: Cell name parameter "s8cell_ee_plus_sseln_a" for inside_cell [-not] operation not located.
WARNING: Cell name parameter "s8cell_ee_plus_sseln_b" for inside_cell [-not] operation not located.
WARNING: Cell name parameter "s8cell_ee_plus_sselp_a" for inside_cell [-not] operation not located.
WARNING: Cell name parameter "s8cell_ee_plus_sselp_b" for inside_cell [-not] operation not located.
WARNING: Cell name parameter "s8fpls_pl8" for inside_cell [-not] operation not located.
WARNING: Cell name parameter "s8fs_cmux4_fm" for inside_cell [-not] operation not located.

INFO:    Cell Summary:
         ----------------------------------------------------------------------------
             CELL                            INSTANCE    GEOMETRY      LABELS        HREF        FREF
         ----------------------------------------------------------------------------
         M1M2_C_CDNS_763932213580                   0           3           0           4           4
         PYL1CON_C_CDNS_763932213581                0           3           0           2           2
         polyConn_CDNS_763932213580                 0           6           0          23          26
         L1M1_C_CDNS_763932213582                   0           3           0           8          14
         pfet_01v8_CDNS_763932213581                0          14           0           3           6
         nfet_01v8_CDNS_763932213582                0          13           0           3           6
         subTap_CDNS_763932213583                   0           6           0           1           4
         nwellTap_CDNS_763932213584                 0           7           0           1           4
         NOT                                        7          20           0           4           4
         pfet_01v8_CDNS_763932213585                0          12           0           2           2
         pfet_01v8_CDNS_763932213586                0          14           0           1           1
         nfet_01v8_CDNS_763932213587                0          11           0           2           2
         pfet_01v8_CDNS_763932213588                0          12           0           2           2
         nfet_01v8_CDNS_763932213589                0          11           0           2           2
         nfet_01v8_CDNS_7639322135810               0          11           0           1           1
         pfet_01v8_CDNS_7639322135811               0          12           0           1           1
         nfet_01v8_CDNS_7639322135812               0          13           0           1           1
         pfet_01v8_CDNS_7639322135813               0          12           0           1           1
         pfet_01v8_CDNS_7639322135814               0          10           0           1           1
         nfet_01v8_CDNS_7639322135815               0          11           0           3           3
         nfet_01v8_CDNS_7639322135816               0           9           0           1           1
         nfet_01v8_CDNS_7639322135817               0          11           0           1           1
         nfet_01v8_CDNS_7639322135818               0          13           0           1           1
         pfet_01v8_CDNS_7639322135819               0          12           0           2           2
         pfet_01v8_CDNS_7639322135820               0          14           0           1           1
         1bit_FullAdder                            44         142           0           1           1
         L1M1_C_CDNS_763932213583                   0           3           0           1           1
         L1M1_C_CDNS_763932213584                   0           3           0           4           4
         nfet_01v8_CDNS_7639322135821               0           9           0           1           1
         pfet_01v8_CDNS_7639322135822               0          12           0           1           1
         pfet_01v8_CDNS_7639322135823               0          14           0           1           1
         pfet_01v8_CDNS_7639322135824               0          12           0           1           1
         nfet_01v8_CDNS_7639322135825               0          11           0           1           1
         XOR                                       27          92           0           1           1
         1bit_FullAddSub                            6          27           0           1           1
         ----------------------------------------------------------------------------
         TOTAL CELL = 35;  INSTANCE = 84;  GEOMETRY = 588;  LABEL = 0

INFO:    Layer Summary:
         ----------------------------------------------------------------------------
             LAYER                               ID       HPN      HTC        FPN       FTC
         ----------------------------------------------------------------------------
         diff                                  1001        69         0       120         0
         tap                                   1003         2         0         8         0
         nwell                                 1004        19         0        33         0
         dnwell                                1005         0         0         0         0
         pwbm                                  1006         0         0         0         0
         pwde                                  1007         0         0         0         0
         hvtr                                  1008         0         0         0         0
         hvtp                                  1009         0         0         0         0
         hvi                                   1011         0         0         0         0
         tunm                                  1012         0         0         0         0
         lvtn                                  1013         0         0         0         0
         poly                                  1014       179         0       293         0
         hvntm                                 1016         0         0         0         0
         nsdm                                  1017        12         0        24         0
         psdm                                  1018        13         0        24         0
         rpm                                   1019         0         0         0         0
         npc                                   1021         2         0        28         0
         licon1                                1022        31         0        90         0
         li1                                   1023       122         0       217         0
         mcon                                  1025         6         0        53         0
         met1                                  1026       125         0       208         0
         via                                   1028         1         0         4         0
         met2                                  1029         7         0        10         0
         via2                                  1031         0         0         0         0
         met3                                  1032         0         0         0         0
         via3                                  1034         0         0         0         0
         met4                                  1035         0         0         0         0
         via4                                  1037         0         0         0         0
         met5                                  1038         0         0         0         0
         pad                                   1040         0         0         0         0
         nsm                                   1042         0         0         0         0
         vhvi                                  1045         0         0         0         0
         uhvi                                  1046         0         0         0         0
         capacitor_in                          1049         0         0         0         0
         pnp                                   1050         0         0         0         0
         ncm                                   1052         0         0         0         0
         areaid.ce                             1056         0         0         0         0
         areaid.sc                             1058         0         0         0         0
         areaid.mt                             1062         0         0         0         0
         areaid.cd                             1075         0         0         0         0
         areaid.st                             1076         0         0         0         0
         areaid.en                             1078         0         0         0         0
         areaid.hl                             1081         0         0         0         0
         diff_res                              1092         0         0         0         0
         pwell_res                             1093         0         0         0         0
         met4_fuse                             1096         0         0         0         0
         ----------------------------------------------------------------------------

INFO:    CHIP EXTENT: 0 0 17000 8000


INFO:    Ports ...
         ========================================================================

INFO:    Texts For Connectivity ...
         ========================================================================

INFO:    Texts For SELECT -LABEL ...
         ========================================================================

INFO:    Texts For EXPAND_TEXT_ORIGIN ...
         ========================================================================

INFO:    Texts For DFM_TEXT ...
         ========================================================================

INFO:    Layer Summary(Texts For Connectivity):
         ----------------------------------------------------------------------------
             LAYER                               ID       TEXTS
         ----------------------------------------------------------------------------
         ----------------------------------------------------------------------------

INFO:    Layer Summary(Texts For SELECT -LABEL):
         ----------------------------------------------------------------------------
             LAYER                               ID       TEXTS
         ----------------------------------------------------------------------------
         ----------------------------------------------------------------------------

INFO:    Layer Summary(Texts For EXPAND_TEXT_ORIGIN):
         ----------------------------------------------------------------------------
             LAYER                               ID       TEXTS
         ----------------------------------------------------------------------------
         ----------------------------------------------------------------------------

INFO:    Layer Summary(Texts For DFM_TEXT):
         ----------------------------------------------------------------------------
             LAYER                               ID       TEXTS
         ----------------------------------------------------------------------------
         ----------------------------------------------------------------------------

INFO:    Expanded Cell Summary
         subTap_CDNS_763932213583 is expanded.
         nwellTap_CDNS_763932213584 is expanded.
         L1M1_C_CDNS_763932213583 is expanded.
         pfet_01v8_CDNS_763932213586 is expanded.
         nfet_01v8_CDNS_7639322135810 is expanded.
         pfet_01v8_CDNS_7639322135811 is expanded.
         nfet_01v8_CDNS_7639322135812 is expanded.
         pfet_01v8_CDNS_7639322135813 is expanded.
         pfet_01v8_CDNS_7639322135814 is expanded.
         nfet_01v8_CDNS_7639322135816 is expanded.
         nfet_01v8_CDNS_7639322135817 is expanded.
         nfet_01v8_CDNS_7639322135818 is expanded.
         pfet_01v8_CDNS_7639322135820 is expanded.
         nfet_01v8_CDNS_7639322135821 is expanded.
         pfet_01v8_CDNS_7639322135822 is expanded.
         pfet_01v8_CDNS_7639322135823 is expanded.
         pfet_01v8_CDNS_7639322135824 is expanded.
         nfet_01v8_CDNS_7639322135825 is expanded.
         1bit_FullAdder is expanded.
         XOR is expanded.
         M1M2_C_CDNS_763932213580 is expanded.
         PYL1CON_C_CDNS_763932213581 is expanded.
         polyConn_CDNS_763932213580 is expanded.
         L1M1_C_CDNS_763932213582 is expanded.
         L1M1_C_CDNS_763932213584 is expanded.
INFO:    Rule dnwell.2 completed with no violations, 1/279
INFO:    Rule dnwell.3 completed with no violations, 2/279
INFO:    Rule dnwell.4 completed with no violations, 3/279
INFO:    Rule dnwell.5 completed with no violations, 4/279
INFO:    Rule dnwell.7 completed with no violations, 5/279
INFO:    Rule nwell.1 completed with no violations, 6/279
INFO:    Rule nwell.2ab completed with no violations, 7/279
INFO:    Rule hvnwell.8 completed with no violations, 8/279
INFO:    Rule nwell.4 completed with no violations, 9/279
INFO:    Rule nwell.5 completed with no violations, 10/279
INFO:    Rule nwell.6 completed with no violations, 11/279
INFO:    Rule hvtp.1 completed with no violations, 12/279
INFO:    Rule hvtp.2 completed with no violations, 13/279
INFO:    Rule hvtp.3 completed with no violations, 14/279
INFO:    Rule hvtp.4 completed with no violations, 15/279
INFO:    Rule hvtp.5 completed with no violations, 16/279
INFO:    Rule hvtp.6 completed with no violations, 17/279
INFO:    Rule hvtr.1 completed with no violations, 18/279
INFO:    Rule hvtr.2 completed with no violations, 19/279
INFO:    Rule hvtr.3 completed with no violations, 20/279
INFO:    Rule lvtn.1a completed with no violations, 21/279
INFO:    Rule lvtn.2 completed with no violations, 22/279
INFO:    Rule lvtn.3a completed with no violations, 23/279
INFO:    Rule lvtn.3b completed with no violations, 24/279
INFO:    Rule lvtn.4b completed with no violations, 25/279
INFO:    Rule lvtn.9 completed with no violations, 26/279
INFO:    Rule lvtn.10 completed with no violations, 27/279
INFO:    Rule lvtn.12 completed with no violations, 28/279
INFO:    Rule lvtn.13 completed with no violations, 29/279
INFO:    Rule lvtn.14 completed with no violations, 30/279
INFO:    Rule ncm.1 completed with no violations, 31/279
INFO:    Rule ncm.2a completed with no violations, 32/279
INFO:    Rule ncm.3 completed with no violations, 33/279
INFO:    Rule ncm.4 completed with no violations, 34/279
INFO:    Rule ncm.5 completed with no violations, 35/279
INFO:    Rule ncm.6 completed with no violations, 36/279
INFO:    Rule ncm.7 completed with no violations, 37/279
INFO:    Rule ncm.8 completed with no violations, 38/279
INFO:    Rule difftap.1 completed with no violations, 39/279
INFO:    Rule difftap.2 completed with no violations, 40/279
INFO:    Rule difftap.2b completed with no violations, 41/279
INFO:    Rule difftap.3 completed with no violations, 42/279
INFO:    Rule difftap.4 completed with no violations, 43/279
INFO:    Rule difftap.5 completed with no violations, 44/279
INFO:    Rule difftap.6 completed with no violations, 45/279
INFO:    Rule difftap.7 completed with no violations, 46/279
INFO:    Rule difftap.8 completed with no violations, 47/279
INFO:    Rule difftap.9 completed with no violations, 48/279
INFO:    Rule difftap.10 completed with no violations, 49/279
INFO:    Rule difftap.11 completed with no violations, 50/279
INFO:    Rule tunm.1 completed with no violations, 51/279
INFO:    Rule tunm.2 completed with no violations, 52/279
INFO:    Rule tunm.3 completed with no violations, 53/279
INFO:    Rule tunm.4 completed with no violations, 54/279
INFO:    Rule tunm.5 completed with no violations, 55/279
INFO:    Rule tunm.6a completed with no violations, 56/279
INFO:    Rule tunm.7 completed with no violations, 57/279
INFO:    Rule tunm.8 completed with no violations, 58/279
INFO:    Rule poly.1a completed with no violations, 59/279
INFO:    Rule poly.1b completed with no violations, 60/279
INFO:    Rule poly.2 completed with no violations, 61/279
INFO:    Rule poly.4 completed with no violations, 62/279
INFO:    Rule poly.5 completed with no violations, 63/279
INFO:    Rule poly.6 completed with no violations, 64/279
INFO:    Rule poly.7 completed with no violations, 65/279
INFO:    Rule poly.8 completed with no violations, 66/279
INFO:    Rule poly.10 completed with no violations, 67/279
INFO:    Rule poly.11 completed with no violations, 68/279
INFO:    Rule poly.12 completed with no violations, 69/279
INFO:    Rule poly.15 completed with no violations, 70/279
INFO:    Rule rpm.2 completed with no violations, 71/279
INFO:    Rule rpm.3 completed with no violations, 72/279
INFO:    Rule rpm.4 completed with no violations, 73/279
INFO:    Rule rpm.5 completed with no violations, 74/279
INFO:    Rule rpm.6 completed with no violations, 75/279
INFO:    Rule rpm.7 completed with no violations, 76/279
INFO:    Rule rpm.8 completed with no violations, 77/279
INFO:    Rule rpm.9 completed with no violations, 78/279
INFO:    Rule rpm.11 completed with no violations, 79/279
INFO:    Rule varac.1 completed with no violations, 80/279
INFO:    Rule varac.2 completed with no violations, 81/279
INFO:    Rule varac.3 completed with no violations, 82/279
INFO:    Rule varac.4 completed with no violations, 83/279
INFO:    Rule varac.5 completed with no violations, 84/279
INFO:    Rule varac.7 completed with no violations, 85/279
INFO:    Rule varac.8 completed with no violations, 86/279
INFO:    Rule npc.1 completed with no violations, 87/279
INFO:    Rule npc.2 completed with no violations, 88/279
INFO:    Rule npc.4 completed with no violations, 89/279
INFO:    Rule psd.1 completed with no violations, 90/279
INFO:    Rule psd.2 completed with no violations, 91/279
INFO:    Rule psd.5a completed with no violations, 92/279
INFO:    Rule psd.5b completed with no violations, 93/279
INFO:    Rule psd.6 completed with no violations, 94/279
INFO:    Rule psd.7 completed with no violations, 95/279
INFO:    Rule psd.9 completed with no violations, 96/279
INFO:    Rule psd.10a completed with no violations, 97/279
INFO:    Rule psd.10b completed with no violations, 98/279
INFO:    Rule psd.11 completed with no violations, 99/279
INFO:    Rule licon.1 completed with no violations, 100/279
INFO:    Rule licon.2 completed with no violations, 101/279
INFO:    Rule licon.4 completed with no violations, 102/279
INFO:    Rule licon.5a completed with no violations, 103/279
INFO:    Rule licon.5b completed with no violations, 104/279
INFO:    Rule licon.5c completed with no violations, 105/279
INFO:    Rule licon.6 completed with no violations, 106/279
INFO:    Rule licon.7 completed with no violations, 107/279
INFO:    Rule licon.8 completed with no violations, 108/279
INFO:    Rule licon.8a completed with no violations, 109/279
INFO:    Rule licon.9 completed with no violations, 110/279
INFO:    Rule licon.11 completed with no violations, 111/279
INFO:    Rule licon.11a completed with no violations, 112/279
INFO:    Rule licon.12 completed with 11 violations, 113/279
INFO:    Rule licon.13 completed with no violations, 114/279
INFO:    Rule licon.14 completed with no violations, 115/279
INFO:    Rule licon.15 completed with no violations, 116/279
INFO:    Rule licon.16 completed with no violations, 117/279
INFO:    Rule licon.17 completed with no violations, 118/279
INFO:    Rule licon.18 completed with no violations, 119/279
INFO:    Rule li.1 completed with no violations, 120/279
INFO:    Rule li.1a completed with no violations, 121/279
INFO:    Rule li.3 completed with no violations, 122/279
INFO:    Rule li.3a completed with no violations, 123/279
INFO:    Rule li.5 completed with no violations, 124/279
INFO:    Rule li.6 completed with no violations, 125/279
INFO:    Rule ct.1 completed with no violations, 126/279
INFO:    Rule ct.2 completed with no violations, 127/279
INFO:    Rule vpp.1 completed with no violations, 128/279
INFO:    Rule vpp.1b completed with no violations, 129/279
INFO:    Rule vpp.3 completed with no violations, 130/279
INFO:    Rule vpp.4 completed with no violations, 131/279
INFO:    Rule vpp.8 completed with no violations, 132/279
INFO:    Rule vpp.9 completed with no violations, 133/279
INFO:    Rule vpp.13 completed with no violations, 134/279
INFO:    Rule vpp.14 completed with no violations, 135/279
INFO:    Rule m1.1 completed with no violations, 136/279
INFO:    Rule m1.2 completed with no violations, 137/279
INFO:    Rule m1.3b completed with no violations, 138/279
INFO:    Rule m1.4 completed with no violations, 139/279
INFO:    Rule m1.4a completed with no violations, 140/279
INFO:    Rule m1.5 completed with no violations, 141/279
INFO:    Rule m1.6 completed with no violations, 142/279
INFO:    Rule m1.7 completed with no violations, 143/279
INFO:    Rule via.1a completed with no violations, 144/279
INFO:    Rule via.1b completed with no violations, 145/279
INFO:    Rule via.2 completed with no violations, 146/279
INFO:    Rule via.4a completed with no violations, 147/279
INFO:    Rule via.4b completed with no violations, 148/279
INFO:    Rule via.4c completed with no violations, 149/279
INFO:    Rule via.5a completed with no violations, 150/279
INFO:    Rule via.5b completed with no violations, 151/279
INFO:    Rule via.5c completed with no violations, 152/279
INFO:    Rule m2.1 completed with no violations, 153/279
INFO:    Rule m2.2 completed with no violations, 154/279
INFO:    Rule m2.3b completed with no violations, 155/279
INFO:    Rule m2.4 completed with no violations, 156/279
INFO:    Rule m2.5 completed with no violations, 157/279
INFO:    Rule m2.6 completed with no violations, 158/279
INFO:    Rule m2.7 completed with no violations, 159/279
INFO:    Rule via2.1a completed with no violations, 160/279
INFO:    Rule via2.1b completed with no violations, 161/279
INFO:    Rule via2.1c completed with no violations, 162/279
INFO:    Rule via2.1d completed with no violations, 163/279
INFO:    Rule via2.1e completed with no violations, 164/279
INFO:    Rule via2.1f completed with no violations, 165/279
INFO:    Rule via2.2 completed with no violations, 166/279
INFO:    Rule via2.4 completed with no violations, 167/279
INFO:    Rule via2.4a completed with no violations, 168/279
INFO:    Rule via2.5 completed with no violations, 169/279
INFO:    Rule m3.1 completed with no violations, 170/279
INFO:    Rule m3.2 completed with no violations, 171/279
INFO:    Rule m3.3d completed with no violations, 172/279
INFO:    Rule m3.4 completed with no violations, 173/279
INFO:    Rule m3.6 completed with no violations, 174/279
INFO:    Rule via3.1 completed with no violations, 175/279
INFO:    Rule via3.1a completed with no violations, 176/279
INFO:    Rule via3.2 completed with no violations, 177/279
INFO:    Rule via3.4 completed with no violations, 178/279
INFO:    Rule via3.5 completed with no violations, 179/279
INFO:    Rule nsm.1 completed with no violations, 180/279
INFO:    Rule nsm.2 completed with no violations, 181/279
INFO:    Rule m4.1 completed with no violations, 182/279
INFO:    Rule m4.2 completed with no violations, 183/279
INFO:    Rule m4.3 completed with no violations, 184/279
INFO:    Rule m4.4a completed with no violations, 185/279
INFO:    Rule m4.5b completed with no violations, 186/279
INFO:    Rule via4.1 completed with no violations, 187/279
INFO:    Rule via4.2 completed with no violations, 188/279
INFO:    Rule m5.1 completed with no violations, 189/279
INFO:    Rule m5.2 completed with no violations, 190/279
INFO:    Rule m5.3 completed with no violations, 191/279
INFO:    Rule m5.4 completed with no violations, 192/279
INFO:    Rule pad.2 completed with no violations, 193/279
INFO:    Rule pad.3 completed with no violations, 194/279
INFO:    Rule mf.1 completed with no violations, 195/279
INFO:    Rule mf.2 completed with no violations, 196/279
INFO:    Rule mf.3 completed with no violations, 197/279
INFO:    Rule mf.4 completed with no violations, 198/279
INFO:    Rule mf.5 completed with no violations, 199/279
INFO:    Rule mf.6 completed with no violations, 200/279
INFO:    Rule mf.7 completed with no violations, 201/279
INFO:    Rule mf.8 completed with no violations, 202/279
INFO:    Rule mf.9 completed with no violations, 203/279
INFO:    Rule mf.10 completed with no violations, 204/279
INFO:    Rule mf.11 completed with no violations, 205/279
INFO:    Rule mf.12 completed with no violations, 206/279
INFO:    Rule mf.13 completed with no violations, 207/279
INFO:    Rule mf.14 completed with no violations, 208/279
INFO:    Rule mf.18 completed with no violations, 209/279
INFO:    Rule mf.19 completed with no violations, 210/279
INFO:    Rule mf.21 completed with no violations, 211/279
INFO:    Rule mf.22 completed with no violations, 212/279
INFO:    Rule mf.24 completed with no violations, 213/279
INFO:    Rule hvi.1 completed with no violations, 214/279
INFO:    Rule hvi.2a completed with no violations, 215/279
INFO:    Rule hvi.4 completed with no violations, 216/279
INFO:    Rule hvi.5 completed with no violations, 217/279
INFO:    Rule hvdifftap.14 completed with no violations, 218/279
INFO:    Rule hvdifftap.14a completed with no violations, 219/279
INFO:    Rule hvdifftap.15a completed with no violations, 220/279
INFO:    Rule hvdifftap.15b completed with no violations, 221/279
INFO:    Rule hvdifftap.16 completed with no violations, 222/279
INFO:    Rule hvdifftap.17 completed with no violations, 223/279
INFO:    Rule hvdifftap.18 completed with no violations, 224/279
INFO:    Rule hvdifftap.19 completed with no violations, 225/279
INFO:    Rule hvdifftap.20 completed with no violations, 226/279
INFO:    Rule hvdifftap.21 completed with no violations, 227/279
INFO:    Rule hvdifftap.22 completed with no violations, 228/279
INFO:    Rule hvdifftap.23 completed with no violations, 229/279
INFO:    Rule hvdifftap.24 completed with no violations, 230/279
INFO:    Rule hvdifftap.25 completed with no violations, 231/279
INFO:    Rule hvpoly.13 completed with no violations, 232/279
INFO:    Rule hvpoly.14 completed with no violations, 233/279
INFO:    Rule hvntm.1 completed with no violations, 234/279
INFO:    Rule hvntm.2 completed with no violations, 235/279
INFO:    Rule hvntm.3 completed with no violations, 236/279
INFO:    Rule hvntm.4 completed with no violations, 237/279
INFO:    Rule hvntm.5 completed with no violations, 238/279
INFO:    Rule hvntm.6a completed with no violations, 239/279
INFO:    Rule hvntm.6b completed with no violations, 240/279
INFO:    Rule hvntm.9 completed with no violations, 241/279
INFO:    Rule hvntm.10 completed with no violations, 242/279
INFO:    Rule denmos.1 completed with no violations, 243/279
INFO:    Rule denmos.7 completed with no violations, 244/279
INFO:    Rule denmos.2 completed with no violations, 245/279
INFO:    Rule denmos.3 completed with no violations, 246/279
INFO:    Rule denmos.4 completed with no violations, 247/279
INFO:    Rule denmos.5 completed with no violations, 248/279
INFO:    Rule denmos.6 completed with no violations, 249/279
INFO:    Rule denmos.8 completed with no violations, 250/279
INFO:    Rule denmos.10 completed with no violations, 251/279
INFO:    Rule denmos.11 completed with no violations, 252/279
INFO:    Rule denmos.12 completed with no violations, 253/279
INFO:    Rule denmos.13 completed with no violations, 254/279
INFO:    Rule depmos.1 completed with no violations, 255/279
INFO:    Rule depmos.7 completed with no violations, 256/279
INFO:    Rule depmos.2 completed with no violations, 257/279
INFO:    Rule depmos.3 completed with no violations, 258/279
INFO:    Rule depmos.4 completed with no violations, 259/279
INFO:    Rule depmos.5 completed with no violations, 260/279
INFO:    Rule depmos.6 completed with no violations, 261/279
INFO:    Rule depmos.8 completed with no violations, 262/279
INFO:    Rule depmos.10 completed with no violations, 263/279
INFO:    Rule depmos.11 completed with no violations, 264/279
INFO:    Rule depmos.12 completed with no violations, 265/279
INFO:    Rule vhvi.1.- completed with no violations, 266/279
INFO:    Rule vhvi.2.- completed with no violations, 267/279
INFO:    Rule vhvi.3.- completed with no violations, 268/279
INFO:    Rule vhvi.5.- completed with no violations, 269/279
         Remaining rules: vpp.5  vhvi.6.-  vhvi.7.-  vhvi.8.-  pwres.3  pwres.5  pwres.6  pwres.7a  pwres.7b  pwres.8 
INFO:    Rule vhvi.6.- completed with no violations, 270/279
         Remaining rules: vpp.5  vhvi.7.-  vhvi.8.-  pwres.3  pwres.5  pwres.6  pwres.7a  pwres.7b  pwres.8 
INFO:    Rule vhvi.7.- completed with no violations, 271/279
         Remaining rules: vpp.5  vhvi.8.-  pwres.3  pwres.5  pwres.6  pwres.7a  pwres.7b  pwres.8 
INFO:    Rule vhvi.8.- completed with no violations, 272/279
         Remaining rules: vpp.5  pwres.3  pwres.5  pwres.6  pwres.7a  pwres.7b  pwres.8 
INFO:    Rule pwres.3 completed with no violations, 273/279
         Remaining rules: vpp.5  pwres.5  pwres.6  pwres.7a  pwres.7b  pwres.8 
INFO:    Rule pwres.5 completed with no violations, 274/279
         Remaining rules: vpp.5  pwres.6  pwres.7a  pwres.7b  pwres.8 
INFO:    Rule pwres.6 completed with no violations, 275/279
         Remaining rules: vpp.5  pwres.7a  pwres.7b  pwres.8 
INFO:    Rule pwres.7a completed with no violations, 276/279
         Remaining rules: vpp.5  pwres.7b  pwres.8 
INFO:    Rule pwres.7b completed with no violations, 277/279
         Remaining rules: vpp.5  pwres.8 
INFO:    Rule pwres.8 completed with no violations, 278/279
         Remaining rules: vpp.5 
INFO:    Rule vpp.5 completed with no violations, 279/279
INFO:    Status: Runset 100% complete as of 2025-11-23 16:10:17   Elapsed: 00:00:01
         Worker: Active CPUs  Total Mem(MB)  Active Mem(MB)  CPU time(s)
              0:    1 /   1             24              12            0
INFO:	 Status: Finishing as of 2025-11-23 16:10:17   Elapsed: 00:00:01   CPU time[s]: 1
INFO:    Resource usage by worker at exit:
                  CPU      Elapsed  CPUs       CPU       Peak        Peak engine
         Worker:  time[s]  time[s]  Allocated  usage[%]  Memory[MB]  Memory[MB]
              0:        0        1          1     45.89          24           12
         Worker resource usage  summary: Total CPU[s]: 0  Run duration[s]: 1  Max peak memory[MB]: 24
         Worker CPU utilization summary: 0 of 1 available CPU seconds ( 0.00%) with 1 average available CPU(s)
INFO:    Generating summary in /home/campus31/bskepper/Group2_VLSI_EE5900/Group2_VLSI_EE5900/1bit_FullAddSub/pegasus/1bit_FullAddSub.sum
INFO:    All selected rules completed
         Total CPU Time                    : 1(s)
         Total Real Time                   : 2(s)
         Total Original Geometry           : 588(1112)
         Total DRC RuleChecks              : 279
         Total DRC Results                 : 11 (15)
         ASCII report database is /home/campus31/bskepper/Group2_VLSI_EE5900/Group2_VLSI_EE5900/1bit_FullAddSub/pegasus/1bit_FullAddSub.drc_errors.ascii
INFO:    Checking in all SoftShare licenses.

Pegasus finished normally. 2025-11-23 16:10:17


