Running: /opt/cadence-suite/pegasus/tools.lnx86/Pegasus/bin/64bit/pegasusvirt \
  -isPegasus \
  -mode lvs \
  -global_log_file /home/campus03/vmbasvi/Group2_VLSI_EE5900/1to2_demux/lvs/pegasusuilvs.log \
  -control /home/campus03/vmbasvi/Group2_VLSI_EE5900/1to2_demux/lvs/pegasuslvsctl \
  -df2_version IC23.1.0 \
  -run_dir /home/campus03/vmbasvi/Group2_VLSI_EE5900/1to2_demux/lvs \
  -no_rules_check \
  -source_top_cell 1to2_demux \
  -source_cdl /home/campus03/vmbasvi/Group2_VLSI_EE5900/1to2_demux/lvs/1to2_demux.cdl \
  -spice /home/campus03/vmbasvi/Group2_VLSI_EE5900/1to2_demux/lvs/1to2_demux.spi \
  -layLibName Group2_VLSI_EE5900 \
  -layCellName 1to2_demux \
  -layViewName layout \
  -igds /home/campus03/vmbasvi/Group2_VLSI_EE5900/1to2_demux/lvs/1to2_demux.gds.gz \
  -layScale 0.001 \
  -layTechLib sky130_fd_pr_main \
  -convertPin geometryAndText \
  -replaceBusBitChar nil \
  -noConvertHalfWidthPath nil \
  -layHierDepth 32 \
  -layMaxVertices 2048 \
  -enableColoring yes \
  -rulesFile /opt/cadence-suite/sky130_release_0.0.4/Sky130_LVS/sky130.lvs.pvl \
  -log_dir LOGS



Virtuoso Framework License (111) was checked out successfully. Total checkout time was 0.02s.
********************************************************************************
Product   : Virtuoso(R) XStream Out
Program   : @(#)$CDS: strmout version IC23.1-64b 04/22/2025 22:31 (cpgbld17) $
          : sub-version  IC23.1-64b.ISR14.32 
Started at: 03-Dec-2025  18:46:49
User Name : vmbasvi
Host Name : c17-orng-10.ad.mtu.edu
Directory : /home/campus03/vmbasvi
CADENCE Design Systems, Inc.
********************************************************************************
Info: Cellview Rev Num:99,  Tech Rev Num:59

Loading sky130_fd_pr_main/libInit.il ...
	Loading sky130_fd_pr_main/loadCxt.ile ... done!
	Loading context 'sky130_fd_pr_main' from library 'sky130_fd_pr_main' ... done!
	Loading context 'pdkUtils' from library 'sky130_fd_pr_main' ... done!
	Loading sky130_fd_pr_main/libInitCktPro.il ... done!
	Loading sky130_fd_pr_main/libInitCustomExit.il ... 	Loading Environment Settings ...
done!
Loaded sky130_fd_pr_main/libInit.il successfully!
INFO (XSTRM-217): Reading the layer map file, /opt/cadence-suite/sky130_release_0.0.4/libs/sky130_fd_pr_main/sky130_fd_pr_main.layermap
WARNING (XSTRM-333): The '-enableColoring' option will be ignored during XStream Out. This is because there is no color entry in the layer map and the object map file.
INFO (XSTRM-427): Based on current hardware configuration, running XStream Out translation in multi-threaded mode with 4 threads.
INFO (XSTRM-280): The output file will be a compressed file because the file name has extension .gz
INFO (XSTRM-162): You have not used the '-viaMap' option. If the OpenAccess design has native oaVia instances, use the '-viaMap' option for preserving oaVia instances in a XStream Out - XStream In round trip. Using the '-viaMap' option improves performance and VM usage of applications using the Streamed-In design.

Summary of Options :
library                                 Group2_VLSI_EE5900
strmFile                                /home/campus03/vmbasvi/Group2_VLSI_EE5900/1to2_demux/lvs/1to2_demux.gds.gz
topCell                                 1to2_demux
view                                    layout
runDir                                  /home/campus03/vmbasvi/Group2_VLSI_EE5900/1to2_demux/lvs
logFile                                 /home/campus03/vmbasvi/Group2_VLSI_EE5900/1to2_demux/lvs/PIPO1.LOG
techLib                                 sky130_fd_pr_main
hierDepth                               32
maxVertices                             2048
layerMap                                /opt/cadence-suite/sky130_release_0.0.4/libs/sky130_fd_pr_main/sky130_fd_pr_main.layermap
userSkillFile                           /home/campus03/vmbasvi/Group2_VLSI_EE5900/1to2_demux/lvs/strmout.il
labelDepth                              32
case                                    Preserve
convertDot                              node
convertPin                              geometryAndText

INFO (XSTRM-180): You have not used the '-objectMap' option. The design has instance(s) of at least one of following OpenAccess objects: oaBlockage, oaBoundary, oaRow, and oaMarker. Any information about these objects will not be translated into the generated stream file. Use the '-objectMap' option to translate/preserve these objects using XStream.
INFO (XSTRM-223): 1. Translating stdVia sky130_fd_pr_main/L1M1_C/layout as STRUCTURE L1M1_C_CDNS_764805609600.
INFO (XSTRM-223): 2. Translating customVia sky130_fd_pr_main/subTap/layout as STRUCTURE subTap_CDNS_764805609600.
INFO (XSTRM-223): 3. Translating customVia sky130_fd_pr_main/polyConn/layout as STRUCTURE polyConn_CDNS_764805609601.
INFO (XSTRM-223): 4. Translating customVia sky130_fd_pr_main/nwellTap/layout as STRUCTURE nwellTap_CDNS_764805609602.
INFO (XSTRM-223): 5. Translating cellview sky130_fd_pr_main/pfet_01v8/layout as STRUCTURE pfet_01v8_CDNS_764805609603.
INFO (XSTRM-223): 6. Translating cellview sky130_fd_pr_main/nfet_01v8/layout as STRUCTURE nfet_01v8_CDNS_764805609604.
INFO (XSTRM-223): 7. Translating cellview Group2_VLSI_EE5900/NOT/layout as STRUCTURE NOT.
INFO (XSTRM-223): 8. Translating cellview sky130_fd_pr_main/nfet_01v8/layout as STRUCTURE nfet_01v8_CDNS_764805609605.
INFO (XSTRM-223): 9. Translating cellview sky130_fd_pr_main/nfet_01v8/layout as STRUCTURE nfet_01v8_CDNS_764805609606.
INFO (XSTRM-223): 10. Translating cellview sky130_fd_pr_main/pfet_01v8/layout as STRUCTURE pfet_01v8_CDNS_764805609607.
INFO (XSTRM-223): 11. Translating cellview sky130_fd_pr_main/pfet_01v8/layout as STRUCTURE pfet_01v8_CDNS_764805609608.
INFO (XSTRM-223): 12. Translating cellview Group2_VLSI_EE5900/NAND/layout as STRUCTURE NAND.
INFO (XSTRM-223): 13. Translating cellview Group2_VLSI_EE5900/AND/layout as STRUCTURE AND.
INFO (XSTRM-223): 14. Translating cellview Group2_VLSI_EE5900/1to2_demux/layout as STRUCTURE 1to2_demux.

Summary of Objects Translated:
	Scalar Instances:                       12
	Array Instances:                        0
	Polygons:                               0
	Paths:                                  0
	Rectangles:                             133
	Lines:                                  0
	Arcs:                                   0
	Donuts:                                 0
	Dots:                                   0
	Ellipses:                               0
	Boundaries:                             0
	Area Blockages:                         0
	Layer Blockages:                        0
	Area Halos:                             0
	Markers:                                0
	Rows:                                   0
	Stitch:                                 0
	Standard Vias                           13
	Custom Vias:                            5
	CdsGen Vias:                            0
	Pathsegs:                               88
	Text:                                   0
	TextDisplay:                            0
	Cells:                                  14

Elapsed Time: 0.3s   User Time: 0.1s   CPU Time: 0.0s   Peak VM: 36244KB
INFO (XSTRM-234): Translation completed. '0' error(s) and '1' warning(s) found.


Pegasus 23.14-s006 W6eUyhvWDSmkstMrnkYP8g 2025-12-03 18:46:50 159792 c17-orng-10.ad.mtu.edu
Copyright 2024 Cadence Design Systems, Inc.
All rights reserved worldwide.

INFO:    Command Line Options: -lvs -top_cell 1to2_demux -log_dir LOGS -source_top_cell 1to2_demux -spice /home/campus03/vmbasvi/Group2_VLSI_EE5900/1to2_demux/lvs/1to2_demux.spi -control /home/campus03/vmbasvi/Group2_VLSI_EE5900/1to2_demux/lvs/pegasuslvsctl -ui_data -gdb_data /opt/cadence-suite/sky130_release_0.0.4/Sky130_LVS/sky130.lvs.pvl
INFO:    Launch host CPU: Model: 13th Gen Intel(R) Core(TM) i7-13700, OS: Red Hat Enterprise Linux release 9.6 (Plow), Logical cores: 24, Physical cores: 16, Cache: 30720 KB, CPU Speed: 800.343 MHz
         Launch host Memory: MemTotal: 31522 MB,  MemFree: 14619 MB,  SwapTotal: 4095 MB,  SwapFree: 4095 MB,  VmallocTotal: 33554431 MB,  VmallocUsed: 206 MB
INFO:    Current path: /home/campus03/vmbasvi/Group2_VLSI_EE5900/1to2_demux/lvs
INFO:    Run directory same as current path
INFO:    Log directory: /home/campus03/vmbasvi/Group2_VLSI_EE5900/1to2_demux/lvs/LOGS
INFO:    PVL parsing results:
WARNING: LAYOUT_FORMAT at line 24 in file /opt/cadence-suite/sky130_release_0.0.4/Sky130_LVS/sky130.lvs.pvl is skipped. It is set in control file.
WARNING: LAYOUT_PATH at line 28 in file /opt/cadence-suite/sky130_release_0.0.4/Sky130_LVS/sky130.lvs.pvl is skipped. It is set in control file.
WARNING: Cmd-line override: LAYOUT_PRIMARY "1to2_demux";
WARNING: REPORT_SUMMARY statement at line 36 in file /opt/cadence-suite/sky130_release_0.0.4/Sky130_LVS/sky130.lvs.pvl is ignored.
       summary file has been specified as /home/campus03/vmbasvi/Group2_VLSI_EE5900/1to2_demux/lvs/1to2_demux.sum
WARNING: option -drc is skipped at line 40 in file /opt/cadence-suite/sky130_release_0.0.4/Sky130_LVS/sky130.lvs.pvl
WARNING: MAX_RESULTS -erc at line 44 in file /opt/cadence-suite/sky130_release_0.0.4/Sky130_LVS/sky130.lvs.pvl is skipped. It is set in control file.
WARNING: option -drc is skipped at line 48 in file /opt/cadence-suite/sky130_release_0.0.4/Sky130_LVS/sky130.lvs.pvl
WARNING: ABORT_ON_LAYOUT_ERROR at line 52 in file /opt/cadence-suite/sky130_release_0.0.4/Sky130_LVS/sky130.lvs.pvl is skipped. It is set in control file.
WARNING: TEXT_DEPTH at line 54 in file /opt/cadence-suite/sky130_release_0.0.4/Sky130_LVS/sky130.lvs.pvl is skipped. It is set in control file.
WARNING: LVS_RECOGNIZE_GATES at line 972 in file /opt/cadence-suite/sky130_release_0.0.4/Sky130_LVS/sky130.lvs.pvl is skipped. Pegasus only takes the first LVS_RECOGNIZE_GATES command.

INFO:    See "/home/campus03/vmbasvi/Group2_VLSI_EE5900/1to2_demux/lvs/LOGS/pvl.log" for additional details.

INFO:    Checking out 1 license(s) of feature: 'Pegasus_LVS' version 23.1
INFO:    License checkout successful ... 2025-12-03 18:46:59

INFO:    Checking out 1 license(s) of feature: 'Pegasus_16nm' version 23.1
INFO:    License checkout successful ... 2025-12-03 18:46:59
WARNING: Neither hcell nor -automatch option is specified.
INFO:    Worker 0 started on host c17-orng-10.ad.mtu.edu with 1 cpu(s)
sh: line 1: lsb_release: command not found
         CPU: Model: 13th Gen Intel(R) Core(TM) i7-13700, OS: , Logical cores: 24, Physical cores: 16, Cache: 30720 KB, CPU Speed: 800 MHz
         Memory: MemTotal: 31522 MB,  MemFree: 14640 MB,  SwapTotal: 4095 MB,  SwapFree: 4095 MB,  VmallocTotal: 33554431 MB,  VmallocUsed: 206 MB
INFO:    LVS report file: /home/campus03/vmbasvi/Group2_VLSI_EE5900/1to2_demux/lvs/1to2_demux.rep 
INFO:    Extracted layout netlist: /home/campus03/vmbasvi/Group2_VLSI_EE5900/1to2_demux/lvs/1to2_demux.spi 
INFO:    Setting LAYOUT_PATH to: /home/campus03/vmbasvi/Group2_VLSI_EE5900/1to2_demux/lvs/1to2_demux.gds.gz 
INFO:    Setting LAYOUT_PRIMARY to: 1to2_demux 
INFO:    Setting SCHEMATIC_PATH to: /home/campus03/vmbasvi/Group2_VLSI_EE5900/1to2_demux/lvs/1to2_demux.cdl 
INFO:    Setting SCHEMATIC_PRIMARY to: 1to2_demux 

INFO:    Gdsii input summary
         File name: /home/campus03/vmbasvi/Group2_VLSI_EE5900/1to2_demux/lvs/1to2_demux.gds.gz
         File size: 3087
         Version: 5.0
         Library name: Group2_VLSI_EE5900
         Last modified: 2025-12-3 18:43:19
         Last accessed: 2025-12-3 18:46:49
         Database unit in user units: 0.001
         Database unit in meters: 1e-09
         Magnification: 1 

INFO:    Cell Summary:
         ----------------------------------------------------------------------------
             CELL                           INSTANCE    GEOMETRY      LABELS        HREF        FREF
         ----------------------------------------------------------------------------
         L1M1_C_CDNS_764805609600                  0           3           0          13          22
         subTap_CDNS_764805609600                  0           6           0           1           4
         polyConn_CDNS_764805609601                0           6           0           3           8
         nwellTap_CDNS_764805609602                0           7           0           1           4
         pfet_01v8_CDNS_764805609603               0          14           0           1           4
         nfet_01v8_CDNS_764805609604               0          13           0           1           4
         NOT                                       7          20           0           3           4
         nfet_01v8_CDNS_764805609605               0          17           0           1           2
         nfet_01v8_CDNS_764805609606               0          11           0           1           2
         pfet_01v8_CDNS_764805609607               0          14           0           1           2
         pfet_01v8_CDNS_764805609608               0          18           0           1           2
         NAND                                      9          31           0           1           2
         AND                                       2          11           0           2           2
         1to2_demux                               12          50           0           1           1
         ----------------------------------------------------------------------------
         TOTAL CELL = 14;  INSTANCE = 30;  GEOMETRY = 221;  LABEL = 0

INFO:    Layer Summary:
         ----------------------------------------------------------------------------
             LAYER                            ID       HPN      HTC        FPN       FTC
         ----------------------------------------------------------------------------
         diff                               1001        18         0        48         0
         tap                                1003         4         0        12         0
         nwell_in                           1004         8         0        21         0
         hvtp                               1009         0         0         0         0
         hvi                                1011         0         0         0         0
         lvtn                               1013         0         0         0         0
         poly_in                            1014        38         0       104         0
         nsdm                               1017         5         0        14         0
         psdm                               1018         5         0        14         0
         rpm                                1019         0         0         0         0
         urpm                               1020         0         0         0         0
         npc                                1021         1         0         8         0
         licon1                             1022        14         0        46         0
         li1_in                             1023        42         0       125         0
         mcon                               1025         6         0        42         0
         met1_in                            1026        80         0       174         0
         via                                1028         0         0         0         0
         met2_in                            1029         0         0         0         0
         via2                               1031         0         0         0         0
         met3_in                            1032         0         0         0         0
         via3_in                            1034         0         0         0         0
         met4_in                            1035         0         0         0         0
         via4                               1037         0         0         0         0
         met5_in                            1038         0         0         0         0
         capm                               1043         0         0         0         0
         areaid.sl                          1055         0         0         0         0
         areaid.hl                          1081         0         0         0         0
         poly_res                           1091         0         0         0         0
         diff_res                           1092         0         0         0         0
         li1_label                          1115         0         0         0         0
         met1_label                         1116         0         0         0         0
         met2_label                         1117         0         0         0         0
         met3_label                         1118         0         0         0         0
         met4_label                         1119         0         0         0         0
         met5_label                         1120         0         0         0         0
         pwell_in                           1123         0         0         0         0
         pwell_label                        1124         0         0         0         0
         nwell_label                        1128         0         0         0         0
         li1_pin                            1139         0         0         0         0
         met1_pin                           1141         0         0         0         0
         met2_pin                           1143         0         0         0         0
         met3_pin                           1145         0         0         0         0
         met4_pin                           1147         0         0         0         0
         met5_pin                           1149         0         0         0         0
         nwell_pin                          1154         0         0         0         0
         pwell_pin                          1157         0         0         0         0
         met1_res                           1265         0         0         0         0
         met2_res                           1266         0         0         0         0
         met3_res                           1267         0         0         0         0
         met4_res                           1268         0         0         0         0
         met5_res                           1269         0         0         0         0
         ----------------------------------------------------------------------------

INFO:    CHIP EXTENT: 0 0 12990 9160


INFO:    Ports ...
         ========================================================================

INFO:    Texts For Connectivity ...
         ========================================================================

INFO:    Texts For SELECT -LABEL ...
         ========================================================================

INFO:    Texts For EXPAND_TEXT_ORIGIN ...
         ========================================================================

INFO:    Texts For DFM_TEXT ...
         ========================================================================

INFO:    Texts For Device Text Model Layer ...
         ========================================================================

INFO:    Texts For Device Text Property Layer ...
         ========================================================================

INFO:    Layer Summary(Texts For Connectivity):
         ----------------------------------------------------------------------------
             LAYER                            ID       TEXTS
         ----------------------------------------------------------------------------
         ----------------------------------------------------------------------------

INFO:    Layer Summary(Texts For SELECT -LABEL):
         ----------------------------------------------------------------------------
             LAYER                            ID       TEXTS
         ----------------------------------------------------------------------------
         ----------------------------------------------------------------------------

INFO:    Layer Summary(Texts For EXPAND_TEXT_ORIGIN):
         ----------------------------------------------------------------------------
             LAYER                            ID       TEXTS
         ----------------------------------------------------------------------------
         ----------------------------------------------------------------------------

INFO:    Layer Summary(Texts For DFM_TEXT):
         ----------------------------------------------------------------------------
             LAYER                            ID       TEXTS
         ----------------------------------------------------------------------------
         ----------------------------------------------------------------------------

INFO:    Expanded Cell Summary
         subTap_CDNS_764805609600 is expanded.
         nwellTap_CDNS_764805609602 is expanded.
INFO:    Status: Runset 100% complete as of 2025-12-03 18:47:00   Elapsed: 00:00:02
         Worker: Active CPUs  Total Mem(MB)  Active Mem(MB)  CPU time(s)
              0:    1 /   1             24              14            1
INFO:	 Status: Finishing as of 2025-12-03 18:47:00   Elapsed: 00:00:02   CPU time[s]: 2
INFO:    Resource usage by worker at exit:
                  CPU      Elapsed  CPUs       CPU       Peak        Peak engine
         Worker:  time[s]  time[s]  Allocated  usage[%]  Memory[MB]  Memory[MB]
              0:        1        2          1     48.00          24           14
         Worker resource usage  summary: Total CPU[s]: 1  Run duration[s]: 2  Max peak memory[MB]: 24
         Worker CPU utilization summary: 1 of 2 available CPU seconds (50.00%) with 1 average available CPU(s)
INFO:    Extraction result: WARNINGS (Reporter)
INFO:    Generating summary in /home/campus03/vmbasvi/Group2_VLSI_EE5900/1to2_demux/lvs/1to2_demux.sum
INFO:    All selected rules completed
         Total CPU Time                    : 1(s)
         Total Real Time                   : 2(s)
         Total Original Geometry           : 221(608)
         Total ERC RuleChecks              : 0
         Total ERC Results                 : 0 (0)
INFO:    Pegasus extracted connectivity database creation started
INFO:    CmdLine: /opt/cadence-suite/PEGASUS/tools.lnx86/Pegasus/bin/64bit/edbToEcdb -kf -edb 1to2_demux_159792.db -ecdb ./ -topcell 1to2_demux -netlist ./1to2_demux.net -layermap ./1to2_demux.ecdbmap -textmap ./1to2_demux.ports -dependmap 1to2_demux.lmap.perc -kvp ifs:Fm -lvsfile ./1to2_demux.lvsfile -saveFloatingNets .1to2_demux.info.softchk 
INFO:    Opening layer file '1to2_demux_159792.db/__layer'...
INFO:    Loading layer map file './1to2_demux.ecdbmap'...
INFO:    Loading text map file './1to2_demux.ports'...
INFO:    Loading dependency map file '1to2_demux.lmap.perc'...
INFO:    Pre loading edb directory contents...
INFO:    ECDB file name './/.1to2_demux.ecdb'...
INFO:    Loading Floating nets file '.1to2_demux.info.softchk'...
INFO:    Loading lvs file './1to2_demux.lvsfile'...
INFO:    Writing db header information...(0s)
INFO:    Transfering cdl structures to ecdb structures...
INFO:    Read Netlist (32 threads)...
INFO:      DONE - (2s)
INFO:    Process (32 threads)...
INFO:    Cell(       9):   8% Done...(2s), NAND                                    
INFO:    Cell(       6):  16% Done...(2s), nfet_01v8_CDNS_764805609606             
INFO:    Cell(      11):  25% Done...(2s), 1to2_demux                              
INFO:    Cell(       4):  33% Done...(2s), NOT                                     
INFO:    Cell(       5):  41% Done...(2s), nfet_01v8_CDNS_764805609605             
INFO:    Cell(       0):  50% Done...(2s), L1M1_C_CDNS_764805609600                
INFO:    Cell(       8):  58% Done...(2s), pfet_01v8_CDNS_764805609608             
INFO:    Cell(      10):  66% Done...(2s), AND                                     
INFO:    Cell(       2):  75% Done...(2s), pfet_01v8_CDNS_764805609603             
INFO:    Cell(       3):  83% Done...(2s), nfet_01v8_CDNS_764805609604             
INFO:    Cell(       1):  91% Done...(3s), polyConn_CDNS_764805609601              
INFO:    Cell(       7): 100% Done...(4s), pfet_01v8_CDNS_764805609607             
INFO:      DONE - (2s)
INFO:    Cells creation time: (4s)
INFO:    Write netlist items...         (4s)
INFO:    Saving name table to db...
INFO:    Save device templates to the db...
INFO:    Save connect rules to the db...
INFO:    Write calculated header information to the top of file...
INFO:    Erasing cdl subckts...          (0s)

INFO:    edbToEcdb Header Information:
  ECDB file version   : 38
  DevTmpl offset      : 13835
  Connect offset      : 14159
  NameTable offset    : 12821
  Layer Map offset    : 167
  Cell Start offset   : 11981
  Cell End offset     : 12821
  Aux Data offset     : 14523
  Labels     offset   : 0
  Layer RW   offset   : 0
  NVP                 : ifs:0.01 
  Scale               : 4000
  GDS Scale           : 1000
  File size (static)  : 18468
  File size (dynamic) : 0
  Cell count          : 12
  ECDB create time    : 4
  EDB info            : 10
  Top Cell            : 1to2_demux
  EDB info (Trans)    : WRITTEN_64 W_NOT_NET_ORDER 

INFO:    edbToEcdb Sizes written to disk (MB):
  NameTbl             :     0.001014
  Layers              :     0.003610
  Shapes              :     0.003369
  XYTree              :     0.002442
  LookUpTbls          :     0.000539
  Cells               :     0.000957
  Insts               :     0.000612
  Ports               :     0.000570
  Nets                :     0.000424
  Pins                :     0.000135
  Labels              :     0.000000
  DevTmpl             :     0.000324
  Connect             :     0.000360
  Header              :     0.000167
  AuxData             :     0.003943
  NvnLabels           :     0.000002
---------------------------------
  Total               :     0.018468

INFO:    Manager summary: CPU(s): 2 Elapsed(s): 4 Peak memory(MB): 885.86
INFO:    Pegasus extracted connectivity database creation completed. 2025-12-03 18:47:06
INFO:    Pegasus REPORTDB creation started...
INFO:    Processing file 1to2_demux.rep
INFO:    Manager summary: CPU(s): 0 Elapsed(s): 1 Peak memory(MB): 0.00
INFO:    Pegasus REPORTDB creation completed. 2025-12-03 18:47:07


INFO:    Comparing netlists ...
INFO:    Setup VLDB (0s)
INFO:    Init sch rules (0s)
INFO:    Init lay rules (0s)
INFO:    Init structures (0s)
INFO:    Set cells to delete (0s)
INFO:    Check expand on pin error (0s)
INFO:    Reading schematic network
INFO:     inputting cdl netlist /home/campus03/vmbasvi/Group2_VLSI_EE5900/1to2_demux/lvs/1to2_demux.cdl...
INFO:     finished loading cdl netlist /home/campus03/vmbasvi/Group2_VLSI_EE5900/1to2_demux/lvs/1to2_demux.cdl (0s)
INFO:     commit cdl netlist(s)...
INFO:     finished committing cdl netlists (0s)
INFO:    Post sch netlist rule processing (0s)
INFO:    Reading layout network
INFO:     inputting (fast parser) cdl netlist  /home/campus03/vmbasvi/Group2_VLSI_EE5900/1to2_demux/lvs/1to2_demux.spi...
INFO:     finished loading cdl netlist /home/campus03/vmbasvi/Group2_VLSI_EE5900/1to2_demux/lvs/1to2_demux.spi (0s)
INFO:     commit cdl netlist(s)...
INFO:     finished committing cdl netlists (0s)
INFO:    Post lay netlist rule processing (0s)
INFO:    Processing blackBox rules (0s)
INFO:    Processing bindings (0s)
WARNING (NVN-15140): Cell 'cap_vpp_11p5x11p7_m1m2m3m4_shieldm5' used in rule 'lvs_black_box' cannot be found in the layout. 
Skipping this rule.
WARNING (NVN-15140): Cell 'cap_vpp_11p5x11p7_m1m2m3m4_shieldm5' used in rule 'lvs_black_box' cannot be found in the schematic. 
Skipping this rule.
WARNING (NVN-15140): Cell 'cap_vpp_11p5x11p7_m1m2m3m4_shieldl1m5' used in rule 'lvs_black_box' cannot be found in the layout. 
Skipping this rule.
WARNING (NVN-15140): Cell 'cap_vpp_11p5x11p7_m1m2m3m4_shieldl1m5' used in rule 'lvs_black_box' cannot be found in the schematic. 
Skipping this rule.
WARNING (NVN-15140): Cell 'cap_vpp_11p5x11p7_m1m2m3_shieldl1' used in rule 'lvs_black_box' cannot be found in the layout. 
Skipping this rule.
WARNING (NVN-15140): Cell 'cap_vpp_11p5x11p7_m1m2m3_shieldl1' used in rule 'lvs_black_box' cannot be found in the schematic. 
Skipping this rule.
WARNING (NVN-15140): Cell 'cap_vpp_11p5x11p7_m1m2_noshield' used in rule 'lvs_black_box' cannot be found in the layout. 
Skipping this rule.
WARNING (NVN-15140): Cell 'cap_vpp_11p5x11p7_m1m2_noshield' used in rule 'lvs_black_box' cannot be found in the schematic. 
Skipping this rule.
WARNING (NVN-15140): Cell 'cap_vpp_11p5x11p7_l1m1m2m3m4_shieldpom5' used in rule 'lvs_black_box' cannot be found in the layout. 
Skipping this rule.
WARNING (NVN-15140): Cell 'cap_vpp_11p5x11p7_l1m1m2m3m4_shieldpom5' used in rule 'lvs_black_box' cannot be found in the schematic. 
Skipping this rule.
WARNING (NVN-15140): Cell 'cap_vpp_11p5x11p7_l1m1m2m3m4_shieldm5' used in rule 'lvs_black_box' cannot be found in the layout. 
Skipping this rule.
WARNING (NVN-15140): Cell 'cap_vpp_11p5x11p7_l1m1m2m3m4_shieldm5' used in rule 'lvs_black_box' cannot be found in the schematic. 
Skipping this rule.
WARNING (NVN-15140): Cell 'cap_vpp_11p5x11p7_l1m1m2m3_shieldpom4' used in rule 'lvs_black_box' cannot be found in the layout. 
Skipping this rule.
WARNING (NVN-15140): Cell 'cap_vpp_11p5x11p7_l1m1m2m3_shieldpom4' used in rule 'lvs_black_box' cannot be found in the schematic. 
Skipping this rule.
WARNING (NVN-15140): Cell 'cap_vpp_11p5x11p7_l1m1m2m3_shieldm4' used in rule 'lvs_black_box' cannot be found in the layout. 
Skipping this rule.
WARNING (NVN-15140): Cell 'cap_vpp_11p5x11p7_l1m1m2m3_shieldm4' used in rule 'lvs_black_box' cannot be found in the schematic. 
Skipping this rule.
WARNING (NVN-15140): Cell 'cap_vpp_11p5x11p7_l1m1m2_shieldpom3' used in rule 'lvs_black_box' cannot be found in the layout. 
Skipping this rule.
WARNING (NVN-15140): Cell 'cap_vpp_11p5x11p7_l1m1m2_shieldpom3' used in rule 'lvs_black_box' cannot be found in the schematic. 
Skipping this rule.
WARNING (NVN-15140): Cell 'cap_vpp_08p6x07p8_m1m2m3_shieldl1m5_floatm4' used in rule 'lvs_black_box' cannot be found in the layout. 
Skipping this rule.
WARNING (NVN-15140): Cell 'cap_vpp_08p6x07p8_m1m2m3_shieldl1m5_floatm4' used in rule 'lvs_black_box' cannot be found in the schematic. 
Skipping this rule.
WARNING (NVN-15140): Cell 'cap_vpp_08p6x07p8_m1m2m3_shieldl1' used in rule 'lvs_black_box' cannot be found in the layout. 
Skipping this rule.
WARNING (NVN-15140): Cell 'cap_vpp_08p6x07p8_m1m2m3_shieldl1' used in rule 'lvs_black_box' cannot be found in the schematic. 
Skipping this rule.
WARNING (NVN-15140): Cell 'cap_vpp_08p6x07p8_m1m2_noshield' used in rule 'lvs_black_box' cannot be found in the layout. 
Skipping this rule.
WARNING (NVN-15140): Cell 'cap_vpp_08p6x07p8_m1m2_noshield' used in rule 'lvs_black_box' cannot be found in the schematic. 
Skipping this rule.
WARNING (NVN-15140): Cell 'cap_vpp_04p4x04p6_m1m2m3_shieldl1' used in rule 'lvs_black_box' cannot be found in the layout. 
Skipping this rule.
WARNING (NVN-15140): Cell 'cap_vpp_04p4x04p6_m1m2m3_shieldl1' used in rule 'lvs_black_box' cannot be found in the schematic. 
Skipping this rule.
WARNING (NVN-15140): Cell 'cap_vpp_04p4x04p6_m1m2_noshield' used in rule 'lvs_black_box' cannot be found in the layout. 
Skipping this rule.
WARNING (NVN-15140): Cell 'cap_vpp_04p4x04p6_m1m2_noshield' used in rule 'lvs_black_box' cannot be found in the schematic. 
Skipping this rule.
WARNING (NVN-15140): Cell 'cap_vpp_02p4x04p6_m1m2_noshield' used in rule 'lvs_black_box' cannot be found in the layout. 
Skipping this rule.
WARNING (NVN-15140): Cell 'cap_vpp_02p4x04p6_m1m2_noshield' used in rule 'lvs_black_box' cannot be found in the schematic. 
Skipping this rule.
INFO:    Commit sch verilog netlist (0s)
INFO:    Commit lay verilog netlist (0s)
INFO:    Erase netlist data (0s)
INFO:    Set blackbox cells (0s)
INFO:    Sch put cells in memory (0s)
INFO:    Sch update netlist rules (0s)
INFO:    Sch set devices to delete (0s)
INFO:    Sch adjust device pins (0s)
INFO:    Sch calc hier order (0s)
INFO:    Sch process inherited connections (0s)
INFO:    Sch generate qrc files (0s)
INFO:    Sch handle global pins (0s)
INFO:    Sch apply rule actions with processed netlist (0s)
INFO:    Sch process cell supply (0s)
INFO:    Lay put cells in memory (0s)
INFO:    Lay update netlist rules (0s)
INFO:    Lay set devices to delete (0s)
INFO:    Lay calc hier order (0s)
INFO:    Lay process inherited connections (0s)
INFO:    Lay generate qrc files (0s)
INFO:    Lay handle global pins (0s)
INFO:    Lay apply rule actions with processed netlist (0s)
INFO:    Lay process cell supply (0s)
INFO:    Check if interposer flow (0s)
INFO:    Check binding file (0s)
INFO:    Set topcell global pin indicator (0s)
INFO:    Calculate preserve parameterized cells (0s)
INFO:    Check generic device bindings (0s)
INFO:    Calculate primitive device bindings (0s)
INFO:    Remove unused device parameters (0s)
INFO:    Set instances to flatten inside cells (0s)
INFO:    Calculate parameters (0s)
INFO:    Start sch normalization (0s)
INFO:    Start lay normalization (0s)
INFO:    Calculate primitive device bindings (2nd time) (0s)
INFO:    Finalize binding (0s)
INFO:    Sch join nets (0s)
INFO:    Sch setup hier normalization (0s)
INFO:    Sch remove feedthroughs and black box cell instances (0s)
INFO:    Sch remove identical pins (0s)
INFO:    Sch calc connection counts (0s)
INFO:    Run genHierCells (0s)
INFO:    Reset normalization flags (0s)
INFO:    Lay join nets (0s)
INFO:    Lay setup hier normalization (0s)
INFO:    Lay remove feedthroughs and black box cell instances (0s)
INFO:    Lay remove identical pins (0s)
INFO:    Lay calc connection counts (0s)
INFO:    Normalize sch (0s)
INFO:    Read in color file (0s)
INFO:    Set scale factor per cell (0s)
INFO:    Setup property init rules (0s)
INFO:    Write sch vldb file (0s)
INFO:    Write lay vldb file (0s)
INFO:    Apply preserve parameterized cells (0s)
INFO:    Cleanup after VLDB processing (0s)
WARNING (NVN-15320): The rule 'lvs_short_equivalent_nodes' was set to 'yes' and 
           the rule 'lvs_reduce_split_gates' was not specified. 
           Changing the default setting of 'lvs_reduce_split_gates' from 'yes' to 'no'.
INFO (NVN-10007): Found ecdb file .1to2_demux.ecdb, will use during comparison.

INFO:    Cell comparison output format:
            <Comparing|Top Cell> <Layout Cell> vs <Schematic Cell>
               <Layout instances> insts vs <Schematic instances> insts  (<Time>)-<Status>

         Top Cell  1to2_demux vs 1to2_demux
            16 insts vs 16 insts . . . . . . . . . . . . . . . . . . . . .  (0s)-mismatch

INFO:    Generating the LVS report...
           Report Init (0s)
           Load common queries (0s)
           Create report (1s)
           Cleanup (0s)
INFO:    Report finished

INFO:    Extraction Run Summary
         Total CPU Time        : 1(s)
         Total Real Time       : 2(s)
         Peak Memory Used      : 25.00(M)


INFO:    NVN Run Summary
         Total CPU Time        : 0(s)
         Total Real Time       : 1(s)
         Peak Memory Used      : 252.27(M)


INFO:    LVS Summary
         Total CPU Time        : 1(s)
         Total Real Time       : 3(s)
         Peak Memory Used      : 252.27(M)

    ###########################################################################################
    #                                                                                         #
    # Run Result             : MISMATCH                                                       #
    #                                                                                         #
    # Run Summary            : [ERROR] Connectivity Mismatches                                #
    #                        : [WARN]  Extraction Warnings (refer to Extraction Report File)  #
    #                        : [INFO]  ERC Results: Empty                                     #
    #                                                                                         #
    # ERC Summary File       : 1to2_demux.sum                                                 #
    # Extraction Report File : 1to2_demux.rep                                                 #
    # Comparison Report File : 1to2_demux.rep.cls                                             #
    #                                                                                         #
    ###########################################################################################

INFO:    Checking in all SoftShare licenses.

Pegasus finished normally. 2025-12-03 18:47:08


