Virtuoso Framework License (111) was checked out successfully. Total checkout time was 0.05s.
********************************************************************************
Product   : Virtuoso(R) XStream Out
Program   : @(#)$CDS: strmout version IC23.1-64b 04/22/2025 22:31 (cpgbld17) $
          : sub-version  IC23.1-64b.ISR14.32 
Started at: 02-Dec-2025  18:40:12
User Name : vmbasvi
Host Name : c28-0112-16.ad.mtu.edu
Directory : /home/campus03/vmbasvi
CADENCE Design Systems, Inc.
********************************************************************************
Info: Cellview Rev Num:99,  Tech Rev Num:59

WARNING (XSTRM-20): Output Stream file '/home/campus03/vmbasvi/Group2_VLSI_EE5900/4bit_Register/peguses/4bit_Register.gds.gz' already exists. It will be overwritten.
Loading sky130_fd_pr_main/libInit.il ...
	Loading sky130_fd_pr_main/loadCxt.ile ... done!
	Loading context 'sky130_fd_pr_main' from library 'sky130_fd_pr_main' ... done!
	Loading context 'pdkUtils' from library 'sky130_fd_pr_main' ... done!
	Loading sky130_fd_pr_main/libInitCktPro.il ... done!
	Loading sky130_fd_pr_main/libInitCustomExit.il ... 	Loading Environment Settings ...
done!
Loaded sky130_fd_pr_main/libInit.il successfully!
INFO (XSTRM-217): Reading the layer map file, /opt/cadence-suite/sky130_release_0.0.4/libs/sky130_fd_pr_main/sky130_fd_pr_main.layermap
WARNING (XSTRM-333): The '-enableColoring' option will be ignored during XStream Out. This is because there is no color entry in the layer map and the object map file.
INFO (XSTRM-427): Based on current hardware configuration, running XStream Out translation in multi-threaded mode with 4 threads.
INFO (XSTRM-280): The output file will be a compressed file because the file name has extension .gz
INFO (XSTRM-162): You have not used the '-viaMap' option. If the OpenAccess design has native oaVia instances, use the '-viaMap' option for preserving oaVia instances in a XStream Out - XStream In round trip. Using the '-viaMap' option improves performance and VM usage of applications using the Streamed-In design.

Summary of Options :
library                                 Group2_VLSI_EE5900
strmFile                                /home/campus03/vmbasvi/Group2_VLSI_EE5900/4bit_Register/peguses/4bit_Register.gds.gz
topCell                                 4bit_Register
view                                    layout
runDir                                  /home/campus03/vmbasvi/Group2_VLSI_EE5900/4bit_Register/peguses
logFile                                 /home/campus03/vmbasvi/Group2_VLSI_EE5900/4bit_Register/peguses/PIPO1.LOG
techLib                                 sky130_fd_pr_main
hierDepth                               32
maxVertices                             2048
layerMap                                /opt/cadence-suite/sky130_release_0.0.4/libs/sky130_fd_pr_main/sky130_fd_pr_main.layermap
userSkillFile                           /home/campus03/vmbasvi/Group2_VLSI_EE5900/4bit_Register/peguses/strmout.il
labelDepth                              32
case                                    Preserve
convertDot                              node

INFO (XSTRM-180): You have not used the '-objectMap' option. The design has instance(s) of at least one of following OpenAccess objects: oaBlockage, oaBoundary, oaRow, and oaMarker. Any information about these objects will not be translated into the generated stream file. Use the '-objectMap' option to translate/preserve these objects using XStream.
WARNING (XSTRM-35): The objects in the layer-purpose pair 'areaid:drawing' are ignored. This is because the layer-purpose pair used in the design is not specified in the layer map file. Specify the layer-purpose pair in the layer map file and try again.
INFO (XSTRM-223): 1. Translating stdVia sky130_fd_pr_main/L1M1_C/layout as STRUCTURE L1M1_C_CDNS_764718812340.
INFO (XSTRM-223): 2. Translating stdVia sky130_fd_pr_main/L1M1_C/layout as STRUCTURE L1M1_C_CDNS_764718812341.
INFO (XSTRM-223): 3. Translating stdVia sky130_fd_pr_main/L1M1_C/layout as STRUCTURE L1M1_C_CDNS_764718812342.
INFO (XSTRM-223): 4. Translating customVia sky130_fd_pr_main/polyConn/layout as STRUCTURE polyConn_CDNS_764718812340.
INFO (XSTRM-223): 5. Translating stdVia sky130_fd_pr_main/PYL1CON_C/layout as STRUCTURE PYL1CON_C_CDNS_764718812343.
INFO (XSTRM-223): 6. Translating customVia sky130_fd_pr_main/nwellTap/layout as STRUCTURE nwellTap_CDNS_764718812341.
INFO (XSTRM-223): 7. Translating cellview sky130_fd_pr_main/pfet_01v8/layout as STRUCTURE pfet_01v8_CDNS_764718812342.
INFO (XSTRM-223): 8. Translating cellview sky130_fd_pr_main/nfet_01v8/layout as STRUCTURE nfet_01v8_CDNS_764718812343.
INFO (XSTRM-223): 9. Translating customVia sky130_fd_pr_main/subTap/layout as STRUCTURE subTap_CDNS_764718812344.
INFO (XSTRM-223): 10. Translating cellview Group2_VLSI_EE5900/NOT/layout as STRUCTURE NOT.
INFO (XSTRM-223): 11. Translating cellview Group2_VLSI_EE5900/DFlipFlop/layout as STRUCTURE DFlipFlop.
INFO (XSTRM-223): 12. Translating cellview Group2_VLSI_EE5900/4bit_Register/layout as STRUCTURE 4bit_Register.

Summary of Objects Translated:
	Scalar Instances:                       18
	Array Instances:                        0
	Polygons:                               0
	Paths:                                  0
	Rectangles:                             84
	Lines:                                  0
	Arcs:                                   0
	Donuts:                                 0
	Dots:                                   0
	Ellipses:                               0
	Boundaries:                             0
	Area Blockages:                         0
	Layer Blockages:                        0
	Area Halos:                             0
	Markers:                                0
	Rows:                                   0
	Stitch:                                 0
	Standard Vias                           39
	Custom Vias:                            8
	CdsGen Vias:                            0
	Pathsegs:                               198
	Text:                                   5
	TextDisplay:                            0
	Cells:                                  12

Elapsed Time: 0.2s   User Time: 0.1s   CPU Time: 0.0s   Peak VM: 36032KB
INFO (XSTRM-234): Translation completed. '0' error(s) and '3' warning(s) found.
