********************************************************************************
Product   : Virtuoso(R) XStream Out
Program   : @(#)$CDS: strmout version IC23.1-64b 04/22/2025 22:31 (cpgbld17) $
          : sub-version  IC23.1-64b.ISR14.32 
Started at: 05-Dec-2025  16:40:10
User Name : vmbasvi
Host Name : c17-orng-08.ad.mtu.edu
Directory : /home/campus03/vmbasvi
CADENCE Design Systems, Inc.
********************************************************************************
Info: Cellview Rev Num:99,  Tech Rev Num:59

WARNING (XSTRM-20): Output Stream file '/home/campus03/vmbasvi/Group2_VLSI_EE5900/2to1mux/drc/2to1mux.gds.gz' already exists. It will be overwritten.
INFO (XSTRM-217): Reading the layer map file, /opt/cadence-suite/sky130_release_0.0.4/libs/sky130_fd_pr_main/sky130_fd_pr_main.layermap
WARNING (XSTRM-333): The '-enableColoring' option will be ignored during XStream Out. This is because there is no color entry in the layer map and the object map file.
INFO (XSTRM-427): Based on current hardware configuration, running XStream Out translation in multi-threaded mode with 4 threads.
INFO (XSTRM-280): The output file will be a compressed file because the file name has extension .gz
INFO (XSTRM-162): You have not used the '-viaMap' option. If the OpenAccess design has native oaVia instances, use the '-viaMap' option for preserving oaVia instances in a XStream Out - XStream In round trip. Using the '-viaMap' option improves performance and VM usage of applications using the Streamed-In design.

Summary of Options :
library                                 Group2_VLSI_EE5900
strmFile                                /home/campus03/vmbasvi/Group2_VLSI_EE5900/2to1mux/drc/2to1mux.gds.gz
topCell                                 2to1mux
view                                    layout
runDir                                  /home/campus03/vmbasvi/Group2_VLSI_EE5900/2to1mux/drc
logFile                                 /home/campus03/vmbasvi/Group2_VLSI_EE5900/2to1mux/drc/PIPO1.LOG
techLib                                 sky130_fd_pr_main
hierDepth                               32
maxVertices                             2048
layerMap                                /opt/cadence-suite/sky130_release_0.0.4/libs/sky130_fd_pr_main/sky130_fd_pr_main.layermap
userSkillFile                           /home/campus03/vmbasvi/Group2_VLSI_EE5900/2to1mux/drc/strmout.il
labelDepth                              32
case                                    Preserve
convertDot                              node

INFO (XSTRM-180): You have not used the '-objectMap' option. The design has instance(s) of at least one of following OpenAccess objects: oaBlockage, oaBoundary, oaRow, and oaMarker. Any information about these objects will not be translated into the generated stream file. Use the '-objectMap' option to translate/preserve these objects using XStream.
INFO (XSTRM-223): 1. Translating stdVia sky130_fd_pr_main/M1M2_C/layout as STRUCTURE M1M2_C_CDNS_764970810490.
INFO (XSTRM-223): 2. Translating stdVia sky130_fd_pr_main/L1M1_C/layout as STRUCTURE L1M1_C_CDNS_764970810491.
INFO (XSTRM-223): 3. Translating stdVia sky130_fd_pr_main/M1M2_C/layout as STRUCTURE M1M2_C_CDNS_764970810492.
INFO (XSTRM-223): 4. Translating customVia sky130_fd_pr_main/subTap/layout as STRUCTURE subTap_CDNS_764970810490.
INFO (XSTRM-223): 5. Translating customVia sky130_fd_pr_main/polyConn/layout as STRUCTURE polyConn_CDNS_764970810491.
INFO (XSTRM-223): 6. Translating customVia sky130_fd_pr_main/nwellTap/layout as STRUCTURE nwellTap_CDNS_764970810492.
INFO (XSTRM-223): 7. Translating cellview sky130_fd_pr_main/pfet_01v8/layout as STRUCTURE pfet_01v8_CDNS_764970810493.
INFO (XSTRM-223): 8. Translating cellview sky130_fd_pr_main/nfet_01v8/layout as STRUCTURE nfet_01v8_CDNS_764970810494.
INFO (XSTRM-223): 9. Translating cellview Group2_VLSI_EE5900/NOT/layout as STRUCTURE NOT.
INFO (XSTRM-223): 10. Translating cellview sky130_fd_pr_main/nfet_01v8/layout as STRUCTURE nfet_01v8_CDNS_764970810495.
INFO (XSTRM-223): 11. Translating cellview sky130_fd_pr_main/nfet_01v8/layout as STRUCTURE nfet_01v8_CDNS_764970810496.
INFO (XSTRM-223): 12. Translating cellview sky130_fd_pr_main/pfet_01v8/layout as STRUCTURE pfet_01v8_CDNS_764970810497.
INFO (XSTRM-223): 13. Translating cellview sky130_fd_pr_main/pfet_01v8/layout as STRUCTURE pfet_01v8_CDNS_764970810498.
INFO (XSTRM-223): 14. Translating cellview Group2_VLSI_EE5900/NAND/layout as STRUCTURE NAND.
INFO (XSTRM-223): 15. Translating cellview Group2_VLSI_EE5900/AND/layout as STRUCTURE AND.
INFO (XSTRM-223): 16. Translating cellview sky130_fd_pr_main/nfet_01v8/layout as STRUCTURE nfet_01v8_CDNS_764970810499.
INFO (XSTRM-223): 17. Translating cellview sky130_fd_pr_main/pfet_01v8/layout as STRUCTURE pfet_01v8_CDNS_7649708104910.
INFO (XSTRM-223): 18. Translating cellview sky130_fd_pr_main/pfet_01v8/layout as STRUCTURE pfet_01v8_CDNS_7649708104911.
INFO (XSTRM-223): 19. Translating cellview sky130_fd_pr_main/nfet_01v8/layout as STRUCTURE nfet_01v8_CDNS_7649708104912.
INFO (XSTRM-223): 20. Translating cellview Group2_VLSI_EE5900/NOR/layout as STRUCTURE NOR.
INFO (XSTRM-223): 21. Translating cellview Group2_VLSI_EE5900/2to1mux/layout as STRUCTURE 2to1mux.

Summary of Objects Translated:
	Scalar Instances:                       17
	Array Instances:                        0
	Polygons:                               0
	Paths:                                  0
	Rectangles:                             194
	Lines:                                  0
	Arcs:                                   0
	Donuts:                                 0
	Dots:                                   0
	Ellipses:                               0
	Boundaries:                             0
	Area Blockages:                         0
	Layer Blockages:                        0
	Area Halos:                             0
	Markers:                                0
	Rows:                                   0
	Stitch:                                 0
	Standard Vias                           18
	Custom Vias:                            9
	CdsGen Vias:                            0
	Pathsegs:                               121
	Text:                                   0
	TextDisplay:                            0
	Cells:                                  21

Elapsed Time: 0.3s   User Time: 0.1s   CPU Time: 0.0s   Peak VM: 36828KB
INFO (XSTRM-234): Translation completed. '0' error(s) and '2' warning(s) found.
