Running: /opt/cadence-suite/pegasus/tools.lnx86/Pegasus/bin/64bit/pegasusvirt \
  -isPegasus \
  -mode lvs \
  -global_log_file /home/campus15/mmunoria/Group2_VLSI_EE5900/4_1_MUX_Schematic/pegasus_lvs/pegasusuilvs.log \
  -control /home/campus15/mmunoria/Group2_VLSI_EE5900/4_1_MUX_Schematic/pegasus_lvs/pegasuslvsctl \
  -df2_version IC23.1.0 \
  -run_dir /home/campus15/mmunoria/Group2_VLSI_EE5900/4_1_MUX_Schematic/pegasus_lvs \
  -no_rules_check \
  -source_top_cell 4_1_MUX_Schematic \
  -source_cdl /home/campus15/mmunoria/Group2_VLSI_EE5900/4_1_MUX_Schematic/pegasus_lvs/4_1_MUX_Schematic.cdl \
  -spice /home/campus15/mmunoria/Group2_VLSI_EE5900/4_1_MUX_Schematic/pegasus_lvs/4_1_MUX_Schematic.spi \
  -layLibName Group2_VLSI_EE5900 \
  -layCellName 4_1_MUX_Schematic \
  -layViewName layout \
  -igds /home/campus15/mmunoria/Group2_VLSI_EE5900/4_1_MUX_Schematic/pegasus_lvs/4_1_MUX_Schematic.gds.gz \
  -layScale 0.001 \
  -layTechLib sky130_fd_pr_main \
  -convertPin geometryAndText \
  -replaceBusBitChar nil \
  -noConvertHalfWidthPath nil \
  -layHierDepth 32 \
  -layMaxVertices 2048 \
  -enableColoring yes \
  -rulesFile /opt/cadence-suite/sky130_release_0.0.4/Sky130_LVS/sky130.lvs.pvl \
  -log_dir LOGS



Virtuoso Framework License (111) was checked out successfully. Total checkout time was 0.07s.
********************************************************************************
Product   : Virtuoso(R) XStream Out
Program   : @(#)$CDS: strmout version IC23.1-64b 04/22/2025 22:31 (cpgbld17) $
          : sub-version  IC23.1-64b.ISR14.32 
Started at: 07-Dec-2025  15:54:02
User Name : mmunoria
Host Name : c17-orng-07.ad.mtu.edu
Directory : /home/campus15/mmunoria
CADENCE Design Systems, Inc.
********************************************************************************
Info: Cellview Rev Num:99,  Tech Rev Num:59

WARNING (XSTRM-20): Output Stream file '/home/campus15/mmunoria/Group2_VLSI_EE5900/4_1_MUX_Schematic/pegasus_lvs/4_1_MUX_Schematic.gds.gz' already exists. It will be overwritten.
Loading sky130_fd_pr_main/libInit.il ...
	Loading sky130_fd_pr_main/loadCxt.ile ... done!
	Loading context 'sky130_fd_pr_main' from library 'sky130_fd_pr_main' ... done!
	Loading context 'pdkUtils' from library 'sky130_fd_pr_main' ... done!
	Loading sky130_fd_pr_main/libInitCktPro.il ... done!
	Loading sky130_fd_pr_main/libInitCustomExit.il ... 	Loading Environment Settings ...
done!
Loaded sky130_fd_pr_main/libInit.il successfully!
INFO (XSTRM-217): Reading the layer map file, /opt/cadence-suite/sky130_release_0.0.4/libs/sky130_fd_pr_main/sky130_fd_pr_main.layermap
WARNING (XSTRM-333): The '-enableColoring' option will be ignored during XStream Out. This is because there is no color entry in the layer map and the object map file.
INFO (XSTRM-427): Based on current hardware configuration, running XStream Out translation in multi-threaded mode with 4 threads.
INFO (XSTRM-280): The output file will be a compressed file because the file name has extension .gz
INFO (XSTRM-162): You have not used the '-viaMap' option. If the OpenAccess design has native oaVia instances, use the '-viaMap' option for preserving oaVia instances in a XStream Out - XStream In round trip. Using the '-viaMap' option improves performance and VM usage of applications using the Streamed-In design.

Summary of Options :
library                                 Group2_VLSI_EE5900
strmFile                                /home/campus15/mmunoria/Group2_VLSI_EE5900/4_1_MUX_Schematic/pegasus_lvs/4_1_MUX_Schematic.gds.gz
topCell                                 4_1_MUX_Schematic
view                                    layout
runDir                                  /home/campus15/mmunoria/Group2_VLSI_EE5900/4_1_MUX_Schematic/pegasus_lvs
logFile                                 /home/campus15/mmunoria/Group2_VLSI_EE5900/4_1_MUX_Schematic/pegasus_lvs/PIPO1.LOG
techLib                                 sky130_fd_pr_main
hierDepth                               32
maxVertices                             2048
layerMap                                /opt/cadence-suite/sky130_release_0.0.4/libs/sky130_fd_pr_main/sky130_fd_pr_main.layermap
userSkillFile                           /home/campus15/mmunoria/Group2_VLSI_EE5900/4_1_MUX_Schematic/pegasus_lvs/strmout.il
labelDepth                              32
case                                    Preserve
convertDot                              node
convertPin                              geometryAndText

INFO (XSTRM-180): You have not used the '-objectMap' option. The design has instance(s) of at least one of following OpenAccess objects: oaBlockage, oaBoundary, oaRow, and oaMarker. Any information about these objects will not be translated into the generated stream file. Use the '-objectMap' option to translate/preserve these objects using XStream.
INFO (XSTRM-223): 1. Translating stdVia sky130_fd_pr_main/M1M2_C/layout as STRUCTURE M1M2_C_CDNS_765140842210.
INFO (XSTRM-223): 2. Translating stdVia sky130_fd_pr_main/M1M2_C/layout as STRUCTURE M1M2_C_CDNS_765140842211.
INFO (XSTRM-223): 3. Translating stdVia sky130_fd_pr_main/M1M2_C/layout as STRUCTURE M1M2_C_CDNS_765140842212.
INFO (XSTRM-223): 4. Translating stdVia sky130_fd_pr_main/M1M2_C/layout as STRUCTURE M1M2_C_CDNS_765140842213.
INFO (XSTRM-223): 5. Translating customVia sky130_fd_pr_main/subTap/layout as STRUCTURE subTap_CDNS_765140842210.
INFO (XSTRM-223): 6. Translating customVia sky130_fd_pr_main/polyConn/layout as STRUCTURE polyConn_CDNS_765140842211.
INFO (XSTRM-223): 7. Translating customVia sky130_fd_pr_main/nwellTap/layout as STRUCTURE nwellTap_CDNS_765140842212.
INFO (XSTRM-223): 8. Translating stdVia sky130_fd_pr_main/L1M1_C/layout as STRUCTURE L1M1_C_CDNS_765140842214.
INFO (XSTRM-223): 9. Translating cellview sky130_fd_pr_main/pfet_01v8/layout as STRUCTURE pfet_01v8_CDNS_765140842213.
INFO (XSTRM-223): 10. Translating cellview sky130_fd_pr_main/nfet_01v8/layout as STRUCTURE nfet_01v8_CDNS_765140842214.
INFO (XSTRM-223): 11. Translating cellview Group2_VLSI_EE5900/NOT/layout as STRUCTURE NOT.
INFO (XSTRM-223): 12. Translating cellview sky130_fd_pr_main/nfet_01v8/layout as STRUCTURE nfet_01v8_CDNS_765140842215.
INFO (XSTRM-223): 13. Translating cellview sky130_fd_pr_main/nfet_01v8/layout as STRUCTURE nfet_01v8_CDNS_765140842216.
INFO (XSTRM-223): 14. Translating cellview sky130_fd_pr_main/pfet_01v8/layout as STRUCTURE pfet_01v8_CDNS_765140842217.
INFO (XSTRM-223): 15. Translating cellview sky130_fd_pr_main/pfet_01v8/layout as STRUCTURE pfet_01v8_CDNS_765140842218.
INFO (XSTRM-223): 16. Translating cellview Group2_VLSI_EE5900/NAND/layout as STRUCTURE NAND.
INFO (XSTRM-223): 17. Translating cellview Group2_VLSI_EE5900/AND/layout as STRUCTURE AND.
INFO (XSTRM-223): 18. Translating cellview Group2_VLSI_EE5900/AND3/layout as STRUCTURE AND3.
INFO (XSTRM-223): 19. Translating cellview sky130_fd_pr_main/nfet_01v8/layout as STRUCTURE nfet_01v8_CDNS_765140842219.
INFO (XSTRM-223): 20. Translating cellview sky130_fd_pr_main/pfet_01v8/layout as STRUCTURE pfet_01v8_CDNS_7651408422110.
INFO (XSTRM-223): 21. Translating cellview sky130_fd_pr_main/pfet_01v8/layout as STRUCTURE pfet_01v8_CDNS_7651408422111.
INFO (XSTRM-223): 22. Translating cellview sky130_fd_pr_main/nfet_01v8/layout as STRUCTURE nfet_01v8_CDNS_7651408422112.
INFO (XSTRM-223): 23. Translating cellview Group2_VLSI_EE5900/NOR/layout as STRUCTURE NOR.
INFO (XSTRM-223): 24. Translating cellview Group2_VLSI_EE5900/OR4/layout as STRUCTURE OR4.
INFO (XSTRM-223): 25. Translating cellview Group2_VLSI_EE5900/4_1_MUX_Schematic/layout as STRUCTURE 4_1_MUX_Schematic.

Summary of Objects Translated:
	Scalar Instances:                       27
	Array Instances:                        0
	Polygons:                               0
	Paths:                                  0
	Rectangles:                             222
	Lines:                                  0
	Arcs:                                   0
	Donuts:                                 0
	Dots:                                   0
	Ellipses:                               0
	Boundaries:                             0
	Area Blockages:                         0
	Layer Blockages:                        0
	Area Halos:                             0
	Markers:                                0
	Rows:                                   0
	Stitch:                                 0
	Standard Vias                           39
	Custom Vias:                            9
	CdsGen Vias:                            0
	Pathsegs:                               179
	Text:                                   0
	TextDisplay:                            0
	Cells:                                  25

Elapsed Time: 0.2s   User Time: 0.1s   CPU Time: 0.0s   Peak VM: 37032KB
INFO (XSTRM-234): Translation completed. '0' error(s) and '2' warning(s) found.


Pegasus 23.14-s006 W6eUyhvWDSmkstMrnkYP8g 2025-12-07 15:54:02 1090853 c17-orng-07.ad.mtu.edu
Copyright 2024 Cadence Design Systems, Inc.
All rights reserved worldwide.

INFO:    Command Line Options: -lvs -top_cell 4_1_MUX_Schematic -log_dir LOGS -source_top_cell 4_1_MUX_Schematic -spice /home/campus15/mmunoria/Group2_VLSI_EE5900/4_1_MUX_Schematic/pegasus_lvs/4_1_MUX_Schematic.spi -control /home/campus15/mmunoria/Group2_VLSI_EE5900/4_1_MUX_Schematic/pegasus_lvs/pegasuslvsctl -ui_data -gdb_data /opt/cadence-suite/sky130_release_0.0.4/Sky130_LVS/sky130.lvs.pvl
INFO:    Launch host CPU: Model: 13th Gen Intel(R) Core(TM) i7-13700, OS: Red Hat Enterprise Linux release 9.6 (Plow), Logical cores: 24, Physical cores: 16, Cache: 30720 KB, CPU Speed: 5100 MHz
         Launch host Memory: MemTotal: 31522 MB,  MemFree: 12886 MB,  SwapTotal: 4095 MB,  SwapFree: 4095 MB,  VmallocTotal: 33554431 MB,  VmallocUsed: 208 MB
INFO:    Current path: /home/campus15/mmunoria/Group2_VLSI_EE5900/4_1_MUX_Schematic/pegasus_lvs
INFO:    Run directory same as current path
INFO:    Log directory: /home/campus15/mmunoria/Group2_VLSI_EE5900/4_1_MUX_Schematic/pegasus_lvs/LOGS
INFO:    PVL parsing results:
WARNING: LAYOUT_FORMAT at line 24 in file /opt/cadence-suite/sky130_release_0.0.4/Sky130_LVS/sky130.lvs.pvl is skipped. It is set in control file.
WARNING: LAYOUT_PATH at line 28 in file /opt/cadence-suite/sky130_release_0.0.4/Sky130_LVS/sky130.lvs.pvl is skipped. It is set in control file.
WARNING: Cmd-line override: LAYOUT_PRIMARY "4_1_MUX_Schematic";
WARNING: REPORT_SUMMARY statement at line 36 in file /opt/cadence-suite/sky130_release_0.0.4/Sky130_LVS/sky130.lvs.pvl is ignored.
       summary file has been specified as /home/campus15/mmunoria/Group2_VLSI_EE5900/4_1_MUX_Schematic/pegasus_lvs/4_1_MUX_Schematic.sum
WARNING: option -drc is skipped at line 40 in file /opt/cadence-suite/sky130_release_0.0.4/Sky130_LVS/sky130.lvs.pvl
WARNING: MAX_RESULTS -erc at line 44 in file /opt/cadence-suite/sky130_release_0.0.4/Sky130_LVS/sky130.lvs.pvl is skipped. It is set in control file.
WARNING: option -drc is skipped at line 48 in file /opt/cadence-suite/sky130_release_0.0.4/Sky130_LVS/sky130.lvs.pvl
WARNING: ABORT_ON_LAYOUT_ERROR at line 52 in file /opt/cadence-suite/sky130_release_0.0.4/Sky130_LVS/sky130.lvs.pvl is skipped. It is set in control file.
WARNING: TEXT_DEPTH at line 54 in file /opt/cadence-suite/sky130_release_0.0.4/Sky130_LVS/sky130.lvs.pvl is skipped. It is set in control file.
WARNING: LVS_RECOGNIZE_GATES at line 972 in file /opt/cadence-suite/sky130_release_0.0.4/Sky130_LVS/sky130.lvs.pvl is skipped. Pegasus only takes the first LVS_RECOGNIZE_GATES command.

INFO:    See "/home/campus15/mmunoria/Group2_VLSI_EE5900/4_1_MUX_Schematic/pegasus_lvs/LOGS/pvl.log" for additional details.

INFO:    Checking out 1 license(s) of feature: 'Pegasus_LVS' version 23.1
INFO:    License checkout successful ... 2025-12-07 15:54:04

INFO:    Checking out 1 license(s) of feature: 'Pegasus_16nm' version 23.1
INFO:    License checkout successful ... 2025-12-07 15:54:04
WARNING: Neither hcell nor -automatch option is specified.
INFO:    Worker 0 started on host c17-orng-07.ad.mtu.edu with 1 cpu(s)
sh: line 1: lsb_release: command not found
         CPU: Model: 13th Gen Intel(R) Core(TM) i7-13700, OS: , Logical cores: 24, Physical cores: 16, Cache: 30720 KB, CPU Speed: 2722.62 MHz
         Memory: MemTotal: 31522 MB,  MemFree: 12857 MB,  SwapTotal: 4095 MB,  SwapFree: 4095 MB,  VmallocTotal: 33554431 MB,  VmallocUsed: 208 MB
INFO:    LVS report file: /home/campus15/mmunoria/Group2_VLSI_EE5900/4_1_MUX_Schematic/pegasus_lvs/4_1_MUX_Schematic.rep 
INFO:    Extracted layout netlist: /home/campus15/mmunoria/Group2_VLSI_EE5900/4_1_MUX_Schematic/pegasus_lvs/4_1_MUX_Schematic.spi 
INFO:    Setting LAYOUT_PATH to: /home/campus15/mmunoria/Group2_VLSI_EE5900/4_1_MUX_Schematic/pegasus_lvs/4_1_MUX_Schematic.gds.gz 
INFO:    Setting LAYOUT_PRIMARY to: 4_1_MUX_Schematic 
INFO:    Setting SCHEMATIC_PATH to: /home/campus15/mmunoria/Group2_VLSI_EE5900/4_1_MUX_Schematic/pegasus_lvs/4_1_MUX_Schematic.cdl 
INFO:    Setting SCHEMATIC_PRIMARY to: 4_1_MUX_Schematic 

INFO:    Gdsii input summary
         File name: /home/campus15/mmunoria/Group2_VLSI_EE5900/4_1_MUX_Schematic/pegasus_lvs/4_1_MUX_Schematic.gds.gz
         File size: 5056
         Version: 5.0
         Library name: Group2_VLSI_EE5900
         Last modified: 2025-12-7 15:28:3
         Last accessed: 2025-12-7 15:54:2
         Database unit in user units: 0.001
         Database unit in meters: 1e-09
         Magnification: 1 

INFO:    Cell Summary:
         ----------------------------------------------------------------------------
             CELL                            INSTANCE    GEOMETRY      LABELS        HREF        FREF
         ----------------------------------------------------------------------------
         M1M2_C_CDNS_765140842210                   0           3           0          14          14
         M1M2_C_CDNS_765140842211                   0           3           0           6           6
         M1M2_C_CDNS_765140842212                   0           3           0          11          11
         M1M2_C_CDNS_765140842213                   0           3           0           2           2
         subTap_CDNS_765140842210                   0           6           0           2          16
         polyConn_CDNS_765140842211                 0           6           0           5          35
         nwellTap_CDNS_765140842212                 0           7           0           2          16
         L1M1_C_CDNS_765140842214                   0           3           0           6          53
         pfet_01v8_CDNS_765140842213                0          14           0           1          13
         nfet_01v8_CDNS_765140842214                0          13           0           1          13
         NOT                                        7          20           0           6          13
         nfet_01v8_CDNS_765140842215                0          17           0           1           8
         nfet_01v8_CDNS_765140842216                0          11           0           1           8
         pfet_01v8_CDNS_765140842217                0          14           0           1           8
         pfet_01v8_CDNS_765140842218                0          18           0           1           8
         NAND                                       9          31           0           1           8
         AND                                        2          11           0           2           8
         AND3                                       2          14           6           4           4
         nfet_01v8_CDNS_765140842219                0          11           0           1           3
         pfet_01v8_CDNS_7651408422110               0          12           0           1           3
         pfet_01v8_CDNS_7651408422111               0          12           0           1           3
         nfet_01v8_CDNS_7651408422112               0          13           0           1           3
         NOR                                        9          29           0           3           3
         OR4                                       10          33           0           1           1
         4_1_MUX_Schematic                         36          94           9           1           1
         ----------------------------------------------------------------------------
         TOTAL CELL = 25;  INSTANCE = 75;  GEOMETRY = 401;  LABEL = 15

INFO:    Layer Summary:
         ----------------------------------------------------------------------------
             LAYER                            ID       HPN      HTC        FPN       FTC
         ----------------------------------------------------------------------------
         diff                               1001        30         0       210         0
         tap                                1003         4         0        48         0
         nwell_in                           1004        15         0        91         0
         hvtp                               1009         0         0         0         0
         hvi                                1011         0         0         0         0
         lvtn                               1013         0         0         0         0
         poly_in                            1014        64         0       464         0
         nsdm                               1017         9         0        61         0
         psdm                               1018         7         0        59         0
         rpm                                1019         0         0         0         0
         urpm                               1020         0         0         0         0
         npc                                1021         1         0        35         0
         licon1                             1022        19         0       190         0
         li1_in                             1023        44         0       430         0
         mcon                               1025         6         0       136         0
         met1_in                            1026       140         0       655         0
         via                                1028         4         0        33         0
         met2_in                            1029        43         0        72         0
         via2                               1031         0         0         0         0
         met3_in                            1032         0         0         0         0
         via3_in                            1034         0         0         0         0
         met4_in                            1035         0         0         0         0
         via4                               1037         0         0         0         0
         met5_in                            1038         0         0         0         0
         capm                               1043         0         0         0         0
         areaid.sl                          1055         0         0         0         0
         areaid.hl                          1081         0         0         0         0
         poly_res                           1091         0         0         0         0
         diff_res                           1092         0         0         0         0
         li1_label                          1115         0         0         0         0
         met1_label                         1116         0         0         0         0
         met2_label                         1117         0         0         0         0
         met3_label                         1118         0         0         0         0
         met4_label                         1119         0         0         0         0
         met5_label                         1120         0         0         0         0
         pwell_in                           1123         0         0         0         0
         pwell_label                        1124         0         0         0         0
         nwell_label                        1128         0         0         0         0
         li1_pin                            1139         0         0         0         0
         met1_pin                           1141        15        15        33        33
         met2_pin                           1143         0         0         0         0
         met3_pin                           1145         0         0         0         0
         met4_pin                           1147         0         0         0         0
         met5_pin                           1149         0         0         0         0
         nwell_pin                          1154         0         0         0         0
         pwell_pin                          1157         0         0         0         0
         met1_res                           1265         0         0         0         0
         met2_res                           1266         0         0         0         0
         met3_res                           1267         0         0         0         0
         met4_res                           1268         0         0         0         0
         met5_res                           1269         0         0         0         0
         ----------------------------------------------------------------------------

INFO:    CHIP EXTENT: 0 10 22660 17380


INFO:    Ports ...
         ========================================================================

INFO:    Texts For Connectivity ...
         ========================================================================
         Vss (9.030, 0.170) 1141 4_1_MUX_Schematic
         Vout (22.590, 11.680) 1141 4_1_MUX_Schematic
         Vdd (9.290, 17.310) 1141 4_1_MUX_Schematic
         S1 (0.070, 15.060) 1141 4_1_MUX_Schematic
         S0 (0.070, 15.920) 1141 4_1_MUX_Schematic
         D (0.070, 2.180) 1141 4_1_MUX_Schematic
         C (0.070, 6.460) 1141 4_1_MUX_Schematic
         B (0.070, 10.770) 1141 4_1_MUX_Schematic
         A (0.070, 11.620) 1141 4_1_MUX_Schematic
         Vss (3.400, 0.070) 1141 AND3
         Vout (8.080, 1.470) 1141 AND3
         Vdd (3.180, 3.930) 1141 AND3
         C (0.070, 1.040) 1141 AND3
         B (0.070, 1.630) 1141 AND3
         A (0.070, 2.080) 1141 AND3

INFO:    Texts For SELECT -LABEL ...
         ========================================================================

INFO:    Texts For EXPAND_TEXT_ORIGIN ...
         ========================================================================

INFO:    Texts For DFM_TEXT ...
         ========================================================================

INFO:    Texts For Device Text Model Layer ...
         ========================================================================

INFO:    Texts For Device Text Property Layer ...
         ========================================================================

INFO:    Layer Summary(Texts For Connectivity):
         ----------------------------------------------------------------------------
             LAYER                            ID       TEXTS
         ----------------------------------------------------------------------------
         met1_pin                           1141        15
         ----------------------------------------------------------------------------

INFO:    Layer Summary(Texts For SELECT -LABEL):
         ----------------------------------------------------------------------------
             LAYER                            ID       TEXTS
         ----------------------------------------------------------------------------
         ----------------------------------------------------------------------------

INFO:    Layer Summary(Texts For EXPAND_TEXT_ORIGIN):
         ----------------------------------------------------------------------------
             LAYER                            ID       TEXTS
         ----------------------------------------------------------------------------
         ----------------------------------------------------------------------------

INFO:    Layer Summary(Texts For DFM_TEXT):
         ----------------------------------------------------------------------------
             LAYER                            ID       TEXTS
         ----------------------------------------------------------------------------
         ----------------------------------------------------------------------------

INFO:    Expanded Cell Summary
INFO:    Status: Runset 100% complete as of 2025-12-07 15:54:05   Elapsed: 00:00:01
         Worker: Active CPUs  Total Mem(MB)  Active Mem(MB)  CPU time(s)
              0:    1 /   1             24              14            0
INFO:	 Status: Finishing as of 2025-12-07 15:54:05   Elapsed: 00:00:01   CPU time[s]: 1
INFO:    Resource usage by worker at exit:
                  CPU      Elapsed  CPUs       CPU       Peak        Peak engine
         Worker:  time[s]  time[s]  Allocated  usage[%]  Memory[MB]  Memory[MB]
              0:        0        1          1     49.18          24           14
         Worker resource usage  summary: Total CPU[s]: 0  Run duration[s]: 1  Max peak memory[MB]: 24
         Worker CPU utilization summary: 0 of 1 available CPU seconds ( 0.00%) with 1 average available CPU(s)
INFO:    Extraction result: CLEAN (Reporter)
INFO:    Generating summary in /home/campus15/mmunoria/Group2_VLSI_EE5900/4_1_MUX_Schematic/pegasus_lvs/4_1_MUX_Schematic.sum
INFO:    All selected rules completed
         Total CPU Time                    : 1(s)
         Total Real Time                   : 2(s)
         Total Original Geometry           : 401(2517)
         Total ERC RuleChecks              : 0
         Total ERC Results                 : 0 (0)
INFO:    Pegasus extracted connectivity database creation started
INFO:    CmdLine: /opt/cadence-suite/PEGASUS/tools.lnx86/Pegasus/bin/64bit/edbToEcdb -kf -edb 4_1_MUX_Schematic_1090853.db -ecdb ./ -topcell 4_1_MUX_Schematic -netlist ./4_1_MUX_Schematic.net -layermap ./4_1_MUX_Schematic.ecdbmap -textmap ./4_1_MUX_Schematic.ports -dependmap 4_1_MUX_Schematic.lmap.perc -kvp ifs:KFL -lvsfile ./4_1_MUX_Schematic.lvsfile -saveFloatingNets .4_1_MUX_Schematic.info.softchk 
INFO:    Opening layer file '4_1_MUX_Schematic_1090853.db/__layer'...
INFO:    Loading layer map file './4_1_MUX_Schematic.ecdbmap'...
INFO:    Loading text map file './4_1_MUX_Schematic.ports'...
INFO:    Loading dependency map file '4_1_MUX_Schematic.lmap.perc'...
INFO:    Pre loading edb directory contents...
INFO:    ECDB file name './/.4_1_MUX_Schematic.ecdb'...
INFO:    Loading Floating nets file '.4_1_MUX_Schematic.info.softchk'...
INFO:    Loading lvs file './4_1_MUX_Schematic.lvsfile'...
INFO:    Writing db header information...(0s)
INFO:    Transfering cdl structures to ecdb structures...
INFO:    Read Netlist (32 threads)...
INFO:      DONE - (2s)
INFO:    Process (32 threads)...
INFO:    Cell(      11):   4% Done...(2s), nfet_01v8_CDNS_765140842215             
INFO:    Cell(      21):   8% Done...(2s), nfet_01v8_CDNS_7651408422112            
INFO:    Cell(       3):  12% Done...(2s), M1M2_C_CDNS_765140842213                
INFO:    Cell(      10):  16% Done...(2s), NOT                                     
INFO:    Cell(      22):  20% Done...(2s), NOR                                     
INFO:    Cell(       2):  24% Done...(2s), M1M2_C_CDNS_765140842212                
INFO:    Cell(       7):  28% Done...(2s), L1M1_C_CDNS_765140842214                
INFO:    Cell(      20):  32% Done...(2s), pfet_01v8_CDNS_7651408422111            
INFO:    Cell(      24):  36% Done...(2s), 4_1_MUX_Schematic                       
INFO:    Cell(       5):  40% Done...(2s), polyConn_CDNS_765140842211              
INFO:    Cell(      17):  44% Done...(2s), AND3                                    
INFO:    Cell(      23):  48% Done...(2s), OR4                                     
INFO:    Cell(      13):  52% Done...(2s), pfet_01v8_CDNS_765140842217             
INFO:    Cell(       9):  56% Done...(2s), nfet_01v8_CDNS_765140842214             
INFO:    Cell(       1):  60% Done...(2s), M1M2_C_CDNS_765140842211                
INFO:    Cell(      15):  64% Done...(2s), NAND                                    
INFO:    Cell(      14):  68% Done...(2s), pfet_01v8_CDNS_765140842218             
INFO:    Cell(      18):  72% Done...(2s), nfet_01v8_CDNS_765140842219             
INFO:    Cell(       6):  76% Done...(2s), nwellTap_CDNS_765140842212              
INFO:    Cell(       4):  80% Done...(2s), subTap_CDNS_765140842210                
INFO:    Cell(      19):  84% Done...(2s), pfet_01v8_CDNS_7651408422110            
INFO:    Cell(      16):  88% Done...(2s), AND                                     
INFO:    Cell(       0):  92% Done...(2s), M1M2_C_CDNS_765140842210                
INFO:    Cell(       8):  96% Done...(2s), pfet_01v8_CDNS_765140842213             
INFO:    Cell(      12): 100% Done...(3s), nfet_01v8_CDNS_765140842216             
INFO:      DONE - (1s)
INFO:    Cells creation time: (3s)
INFO:    Write netlist items...         (3s)
INFO:    Saving name table to db...
INFO:    Save device templates to the db...
INFO:    Save connect rules to the db...
INFO:    Write calculated header information to the top of file...
INFO:    Erasing cdl subckts...          (0s)

INFO:    edbToEcdb Header Information:
  ECDB file version   : 38
  DevTmpl offset      : 24393
  Connect offset      : 24717
  NameTable offset    : 22963
  Layer Map offset    : 167
  Cell Start offset   : 21213
  Cell End offset     : 22963
  Aux Data offset     : 25081
  Labels     offset   : 0
  Layer RW   offset   : 0
  NVP                 : ifs:0.01 
  Scale               : 4000
  GDS Scale           : 1000
  File size (static)  : 29162
  File size (dynamic) : 0
  Cell count          : 25
  ECDB create time    : 3
  EDB info            : 10
  Top Cell            : 4_1_MUX_Schematic
  EDB info (Trans)    : WRITTEN_64 W_NOT_NET_ORDER 

INFO:    edbToEcdb Sizes written to disk (MB):
  NameTbl             :     0.001430
  Layers              :     0.004209
  Shapes              :     0.006723
  XYTree              :     0.004665
  LookUpTbls          :     0.000997
  Cells               :     0.001990
  Insts               :     0.001530
  Ports               :     0.001230
  Nets                :     0.000768
  Pins                :     0.000268
  Labels              :     0.000420
  DevTmpl             :     0.000324
  Connect             :     0.000360
  Header              :     0.000167
  AuxData             :     0.004079
  NvnLabels           :     0.000002
---------------------------------
  Total               :     0.029162

INFO:    Manager summary: CPU(s): 0 Elapsed(s): 3 Peak memory(MB): 1721.75
INFO:    Pegasus extracted connectivity database creation completed. 2025-12-07 15:54:08
INFO:    Pegasus REPORTDB creation started...
INFO:    Processing file 4_1_MUX_Schematic.rep
INFO:    Manager summary: CPU(s): 0 Elapsed(s): 0 Peak memory(MB): 0.00
INFO:    Pegasus REPORTDB creation completed. 2025-12-07 15:54:09


INFO:    Comparing netlists ...
INFO:    Setup VLDB (0s)
INFO:    Init sch rules (0s)
INFO:    Init lay rules (0s)
INFO:    Init structures (0s)
INFO:    Set cells to delete (0s)
INFO:    Check expand on pin error (0s)
INFO:    Reading schematic network
INFO:     inputting cdl netlist /home/campus15/mmunoria/Group2_VLSI_EE5900/4_1_MUX_Schematic/pegasus_lvs/4_1_MUX_Schematic.cdl...
INFO:     finished loading cdl netlist /home/campus15/mmunoria/Group2_VLSI_EE5900/4_1_MUX_Schematic/pegasus_lvs/4_1_MUX_Schematic.cdl (0s)
INFO:     commit cdl netlist(s)...
INFO:     finished committing cdl netlists (0s)
INFO:    Post sch netlist rule processing (0s)
INFO:    Reading layout network
INFO:     inputting (fast parser) cdl netlist  /home/campus15/mmunoria/Group2_VLSI_EE5900/4_1_MUX_Schematic/pegasus_lvs/4_1_MUX_Schematic.spi...
INFO:     finished loading cdl netlist /home/campus15/mmunoria/Group2_VLSI_EE5900/4_1_MUX_Schematic/pegasus_lvs/4_1_MUX_Schematic.spi (0s)
INFO:     commit cdl netlist(s)...
INFO:     finished committing cdl netlists (0s)
INFO:    Post lay netlist rule processing (0s)
INFO:    Processing blackBox rules (0s)
INFO:    Processing bindings (0s)
WARNING (NVN-15140): Cell 'cap_vpp_11p5x11p7_m1m2m3m4_shieldm5' used in rule 'lvs_black_box' cannot be found in the layout. 
Skipping this rule.
WARNING (NVN-15140): Cell 'cap_vpp_11p5x11p7_m1m2m3m4_shieldm5' used in rule 'lvs_black_box' cannot be found in the schematic. 
Skipping this rule.
WARNING (NVN-15140): Cell 'cap_vpp_11p5x11p7_m1m2m3m4_shieldl1m5' used in rule 'lvs_black_box' cannot be found in the layout. 
Skipping this rule.
WARNING (NVN-15140): Cell 'cap_vpp_11p5x11p7_m1m2m3m4_shieldl1m5' used in rule 'lvs_black_box' cannot be found in the schematic. 
Skipping this rule.
WARNING (NVN-15140): Cell 'cap_vpp_11p5x11p7_m1m2m3_shieldl1' used in rule 'lvs_black_box' cannot be found in the layout. 
Skipping this rule.
WARNING (NVN-15140): Cell 'cap_vpp_11p5x11p7_m1m2m3_shieldl1' used in rule 'lvs_black_box' cannot be found in the schematic. 
Skipping this rule.
WARNING (NVN-15140): Cell 'cap_vpp_11p5x11p7_m1m2_noshield' used in rule 'lvs_black_box' cannot be found in the layout. 
Skipping this rule.
WARNING (NVN-15140): Cell 'cap_vpp_11p5x11p7_m1m2_noshield' used in rule 'lvs_black_box' cannot be found in the schematic. 
Skipping this rule.
WARNING (NVN-15140): Cell 'cap_vpp_11p5x11p7_l1m1m2m3m4_shieldpom5' used in rule 'lvs_black_box' cannot be found in the layout. 
Skipping this rule.
WARNING (NVN-15140): Cell 'cap_vpp_11p5x11p7_l1m1m2m3m4_shieldpom5' used in rule 'lvs_black_box' cannot be found in the schematic. 
Skipping this rule.
WARNING (NVN-15140): Cell 'cap_vpp_11p5x11p7_l1m1m2m3m4_shieldm5' used in rule 'lvs_black_box' cannot be found in the layout. 
Skipping this rule.
WARNING (NVN-15140): Cell 'cap_vpp_11p5x11p7_l1m1m2m3m4_shieldm5' used in rule 'lvs_black_box' cannot be found in the schematic. 
Skipping this rule.
WARNING (NVN-15140): Cell 'cap_vpp_11p5x11p7_l1m1m2m3_shieldpom4' used in rule 'lvs_black_box' cannot be found in the layout. 
Skipping this rule.
WARNING (NVN-15140): Cell 'cap_vpp_11p5x11p7_l1m1m2m3_shieldpom4' used in rule 'lvs_black_box' cannot be found in the schematic. 
Skipping this rule.
WARNING (NVN-15140): Cell 'cap_vpp_11p5x11p7_l1m1m2m3_shieldm4' used in rule 'lvs_black_box' cannot be found in the layout. 
Skipping this rule.
WARNING (NVN-15140): Cell 'cap_vpp_11p5x11p7_l1m1m2m3_shieldm4' used in rule 'lvs_black_box' cannot be found in the schematic. 
Skipping this rule.
WARNING (NVN-15140): Cell 'cap_vpp_11p5x11p7_l1m1m2_shieldpom3' used in rule 'lvs_black_box' cannot be found in the layout. 
Skipping this rule.
WARNING (NVN-15140): Cell 'cap_vpp_11p5x11p7_l1m1m2_shieldpom3' used in rule 'lvs_black_box' cannot be found in the schematic. 
Skipping this rule.
WARNING (NVN-15140): Cell 'cap_vpp_08p6x07p8_m1m2m3_shieldl1m5_floatm4' used in rule 'lvs_black_box' cannot be found in the layout. 
Skipping this rule.
WARNING (NVN-15140): Cell 'cap_vpp_08p6x07p8_m1m2m3_shieldl1m5_floatm4' used in rule 'lvs_black_box' cannot be found in the schematic. 
Skipping this rule.
WARNING (NVN-15140): Cell 'cap_vpp_08p6x07p8_m1m2m3_shieldl1' used in rule 'lvs_black_box' cannot be found in the layout. 
Skipping this rule.
WARNING (NVN-15140): Cell 'cap_vpp_08p6x07p8_m1m2m3_shieldl1' used in rule 'lvs_black_box' cannot be found in the schematic. 
Skipping this rule.
WARNING (NVN-15140): Cell 'cap_vpp_08p6x07p8_m1m2_noshield' used in rule 'lvs_black_box' cannot be found in the layout. 
Skipping this rule.
WARNING (NVN-15140): Cell 'cap_vpp_08p6x07p8_m1m2_noshield' used in rule 'lvs_black_box' cannot be found in the schematic. 
Skipping this rule.
WARNING (NVN-15140): Cell 'cap_vpp_04p4x04p6_m1m2m3_shieldl1' used in rule 'lvs_black_box' cannot be found in the layout. 
Skipping this rule.
WARNING (NVN-15140): Cell 'cap_vpp_04p4x04p6_m1m2m3_shieldl1' used in rule 'lvs_black_box' cannot be found in the schematic. 
Skipping this rule.
WARNING (NVN-15140): Cell 'cap_vpp_04p4x04p6_m1m2_noshield' used in rule 'lvs_black_box' cannot be found in the layout. 
Skipping this rule.
WARNING (NVN-15140): Cell 'cap_vpp_04p4x04p6_m1m2_noshield' used in rule 'lvs_black_box' cannot be found in the schematic. 
Skipping this rule.
WARNING (NVN-15140): Cell 'cap_vpp_02p4x04p6_m1m2_noshield' used in rule 'lvs_black_box' cannot be found in the layout. 
Skipping this rule.
WARNING (NVN-15140): Cell 'cap_vpp_02p4x04p6_m1m2_noshield' used in rule 'lvs_black_box' cannot be found in the schematic. 
Skipping this rule.
INFO:    Commit sch verilog netlist (0s)
INFO:    Commit lay verilog netlist (0s)
INFO:    Erase netlist data (0s)
INFO:    Set blackbox cells (0s)
INFO:    Sch put cells in memory (0s)
INFO:    Sch update netlist rules (0s)
INFO:    Sch set devices to delete (0s)
INFO:    Sch adjust device pins (0s)
INFO:    Sch calc hier order (0s)
INFO:    Sch process inherited connections (0s)
INFO:    Sch generate qrc files (0s)
INFO:    Sch handle global pins (0s)
INFO:    Sch apply rule actions with processed netlist (0s)
INFO:    Sch process cell supply (0s)
INFO:    Lay put cells in memory (0s)
INFO:    Lay update netlist rules (0s)
INFO:    Lay set devices to delete (0s)
INFO:    Lay calc hier order (0s)
INFO:    Lay process inherited connections (0s)
INFO:    Lay generate qrc files (0s)
INFO:    Lay handle global pins (0s)
INFO:    Lay apply rule actions with processed netlist (0s)
INFO:    Lay process cell supply (0s)
INFO:    Check if interposer flow (0s)
INFO:    Check binding file (0s)
INFO:    Set topcell global pin indicator (0s)
INFO:    Calculate preserve parameterized cells (0s)
INFO:    Check generic device bindings (0s)
INFO:    Calculate primitive device bindings (0s)
INFO:    Remove unused device parameters (0s)
INFO:    Set instances to flatten inside cells (0s)
INFO:    Calculate parameters (0s)
INFO:    Start sch normalization (0s)
INFO:    Start lay normalization (0s)
INFO:    Calculate primitive device bindings (2nd time) (0s)
INFO:    Finalize binding (0s)
INFO:    Sch join nets (0s)
INFO:    Sch setup hier normalization (0s)
INFO:    Sch remove feedthroughs and black box cell instances (0s)
INFO:    Sch remove identical pins (0s)
INFO:    Sch calc connection counts (0s)
INFO:    Run genHierCells (0s)
INFO:    Reset normalization flags (0s)
INFO:    Lay join nets (0s)
INFO:    Lay setup hier normalization (0s)
INFO:    Lay remove feedthroughs and black box cell instances (0s)
INFO:    Lay remove identical pins (0s)
INFO:    Lay calc connection counts (0s)
INFO:    Normalize sch (0s)
INFO:    Read in color file (0s)
INFO:    Set scale factor per cell (0s)
INFO:    Setup property init rules (0s)
INFO:    Write sch vldb file (0s)
INFO:    Write lay vldb file (0s)
INFO:    Apply preserve parameterized cells (0s)
INFO:    Cleanup after VLDB processing (0s)
WARNING (NVN-15320): The rule 'lvs_short_equivalent_nodes' was set to 'yes' and 
           the rule 'lvs_reduce_split_gates' was not specified. 
           Changing the default setting of 'lvs_reduce_split_gates' from 'yes' to 'no'.
INFO (NVN-10007): Found ecdb file .4_1_MUX_Schematic.ecdb, will use during comparison.

INFO:    Cell comparison output format:
            <Comparing|Top Cell> <Layout Cell> vs <Schematic Cell>
               <Layout instances> insts vs <Schematic instances> insts  (<Time>)-<Status>

         Top Cell  4_1_MUX_Schematic vs 4_1_MUX_Schematic
            70 insts vs 70 insts . . . . . . . . . . . . . . . . . . . . . . . (0s)-match

INFO:    Generating the LVS report...
           Report Init (0s)
           Load common queries (1s)
           Create report (0s)
           Cleanup (0s)
INFO:    Report finished

INFO:    Extraction Run Summary
         Total CPU Time        : 1(s)
         Total Real Time       : 2(s)
         Peak Memory Used      : 25.00(M)


INFO:    NVN Run Summary
         Total CPU Time        : 0(s)
         Total Real Time       : 1(s)
         Peak Memory Used      : 255.71(M)


INFO:    LVS Summary
         Total CPU Time        : 1(s)
         Total Real Time       : 3(s)
         Peak Memory Used      : 255.71(M)

    ########################################################
    #                                                      #
    # Run Result             : MATCH                       #
    #                                                      #
    # Run Summary            : [INFO]  ERC Results: Empty  #
    #                        : [INFO]  Extraction Clean    #
    #                                                      #
    # ERC Summary File       : 4_1_MUX_Schematic.sum       #
    # Extraction Report File : 4_1_MUX_Schematic.rep       #
    # Comparison Report File : 4_1_MUX_Schematic.rep.cls   #
    #                                                      #
    ########################################################

INFO:    Checking in all SoftShare licenses.

Pegasus finished normally. 2025-12-07 15:54:10


