Running: /opt/cadence-suite/pegasus/tools.lnx86/Pegasus/bin/64bit/pegasusvirt \
  -isPegasus \
  -mode lvs \
  -global_log_file /home/campus15/mmunoria/Group2_VLSI_EE5900/AND3/pegasus_LVS/pegasusuilvs.log \
  -control /home/campus15/mmunoria/Group2_VLSI_EE5900/AND3/pegasus_LVS/pegasuslvsctl \
  -df2_version IC23.1.0 \
  -run_dir /home/campus15/mmunoria/Group2_VLSI_EE5900/AND3/pegasus_LVS \
  -no_rules_check \
  -schLibName Group2_VLSI_EE5900 \
  -schCellName AND3 \
  -schViewName schematic \
  -simViewList cdl\ schematic\ cmos_sch\ gate_sch\ cmos.sch\ gate.sch\ symbol \
  -simStopList cdl \
  -displayPinInfo \
  -source_cdl /home/campus15/mmunoria/Group2_VLSI_EE5900/AND3/pegasus_LVS/AND3.cdl \
  -spice /home/campus15/mmunoria/Group2_VLSI_EE5900/AND3/pegasus_LVS/AND3.spi \
  -layLibName Group2_VLSI_EE5900 \
  -layCellName AND3 \
  -layViewName layout \
  -igds /home/campus15/mmunoria/Group2_VLSI_EE5900/AND3/pegasus_LVS/AND3.gds.gz \
  -layScale 0.001 \
  -layTechLib sky130_fd_pr_main \
  -convertPin geometry \
  -replaceBusBitChar nil \
  -noConvertHalfWidthPath nil \
  -layHierDepth 32 \
  -layMaxVertices 2048 \
  -enableColoring yes \
  -rulesFile /opt/cadence-suite/sky130_release_0.0.4/Sky130_LVS/sky130.lvs.pvl \
  -log_dir LOGS



Virtuoso Framework License (111) was checked out successfully. Total checkout time was 0.03s.
********************************************************************************
Product   : Virtuoso(R) XStream Out
Program   : @(#)$CDS: strmout version IC23.1-64b 04/22/2025 22:31 (cpgbld17) $
          : sub-version  IC23.1-64b.ISR14.32 
Started at: 01-Dec-2025  16:14:55
User Name : mmunoria
Host Name : c17-orng-10.ad.mtu.edu
Directory : /home/campus15/mmunoria
CADENCE Design Systems, Inc.
********************************************************************************
Info: Cellview Rev Num:99,  Tech Rev Num:59

Loading sky130_fd_pr_main/libInit.il ...
	Loading sky130_fd_pr_main/loadCxt.ile ... done!
	Loading context 'sky130_fd_pr_main' from library 'sky130_fd_pr_main' ... done!
	Loading context 'pdkUtils' from library 'sky130_fd_pr_main' ... done!
	Loading sky130_fd_pr_main/libInitCktPro.il ... done!
	Loading sky130_fd_pr_main/libInitCustomExit.il ... 	Loading Environment Settings ...
done!
Loaded sky130_fd_pr_main/libInit.il successfully!
INFO (XSTRM-217): Reading the layer map file, /opt/cadence-suite/sky130_release_0.0.4/libs/sky130_fd_pr_main/sky130_fd_pr_main.layermap
WARNING (XSTRM-333): The '-enableColoring' option will be ignored during XStream Out. This is because there is no color entry in the layer map and the object map file.
INFO (XSTRM-427): Based on current hardware configuration, running XStream Out translation in multi-threaded mode with 4 threads.
INFO (XSTRM-280): The output file will be a compressed file because the file name has extension .gz
INFO (XSTRM-162): You have not used the '-viaMap' option. If the OpenAccess design has native oaVia instances, use the '-viaMap' option for preserving oaVia instances in a XStream Out - XStream In round trip. Using the '-viaMap' option improves performance and VM usage of applications using the Streamed-In design.

Summary of Options :
library                                 Group2_VLSI_EE5900
strmFile                                /home/campus15/mmunoria/Group2_VLSI_EE5900/AND3/pegasus_LVS/AND3.gds.gz
topCell                                 AND3
view                                    layout
runDir                                  /home/campus15/mmunoria/Group2_VLSI_EE5900/AND3/pegasus_LVS
logFile                                 /home/campus15/mmunoria/Group2_VLSI_EE5900/AND3/pegasus_LVS/PIPO1.LOG
techLib                                 sky130_fd_pr_main
hierDepth                               32
maxVertices                             2048
layerMap                                /opt/cadence-suite/sky130_release_0.0.4/libs/sky130_fd_pr_main/sky130_fd_pr_main.layermap
userSkillFile                           /home/campus15/mmunoria/Group2_VLSI_EE5900/AND3/pegasus_LVS/strmout.il
labelDepth                              32
case                                    Preserve
convertDot                              node

INFO (XSTRM-180): You have not used the '-objectMap' option. The design has instance(s) of at least one of following OpenAccess objects: oaBlockage, oaBoundary, oaRow, and oaMarker. Any information about these objects will not be translated into the generated stream file. Use the '-objectMap' option to translate/preserve these objects using XStream.
INFO (XSTRM-223): 1. Translating customVia sky130_fd_pr_main/subTap/layout as STRUCTURE subTap_CDNS_764623695850.
INFO (XSTRM-223): 2. Translating customVia sky130_fd_pr_main/polyConn/layout as STRUCTURE polyConn_CDNS_764623695851.
INFO (XSTRM-223): 3. Translating customVia sky130_fd_pr_main/nwellTap/layout as STRUCTURE nwellTap_CDNS_764623695852.
INFO (XSTRM-223): 4. Translating stdVia sky130_fd_pr_main/L1M1_C/layout as STRUCTURE L1M1_C_CDNS_764623695850.
INFO (XSTRM-223): 5. Translating cellview sky130_fd_pr_main/pfet_01v8/layout as STRUCTURE pfet_01v8_CDNS_764623695853.
INFO (XSTRM-223): 6. Translating cellview sky130_fd_pr_main/nfet_01v8/layout as STRUCTURE nfet_01v8_CDNS_764623695854.
INFO (XSTRM-223): 7. Translating cellview Group2_VLSI_EE5900/NOT/layout as STRUCTURE NOT.
INFO (XSTRM-223): 8. Translating cellview sky130_fd_pr_main/nfet_01v8/layout as STRUCTURE nfet_01v8_CDNS_764623695855.
INFO (XSTRM-223): 9. Translating cellview sky130_fd_pr_main/nfet_01v8/layout as STRUCTURE nfet_01v8_CDNS_764623695856.
INFO (XSTRM-223): 10. Translating cellview sky130_fd_pr_main/pfet_01v8/layout as STRUCTURE pfet_01v8_CDNS_764623695857.
INFO (XSTRM-223): 11. Translating cellview sky130_fd_pr_main/pfet_01v8/layout as STRUCTURE pfet_01v8_CDNS_764623695858.
INFO (XSTRM-223): 12. Translating cellview Group2_VLSI_EE5900/NAND/layout as STRUCTURE NAND.
INFO (XSTRM-223): 13. Translating cellview Group2_VLSI_EE5900/AND/layout as STRUCTURE AND.
INFO (XSTRM-223): 14. Translating cellview Group2_VLSI_EE5900/AND3/layout as STRUCTURE AND3.

Summary of Objects Translated:
	Scalar Instances:                       10
	Array Instances:                        0
	Polygons:                               0
	Paths:                                  0
	Rectangles:                             132
	Lines:                                  0
	Arcs:                                   0
	Donuts:                                 0
	Dots:                                   0
	Ellipses:                               0
	Boundaries:                             0
	Area Blockages:                         0
	Layer Blockages:                        0
	Area Halos:                             0
	Markers:                                0
	Rows:                                   0
	Stitch:                                 0
	Standard Vias                           5
	Custom Vias:                            5
	CdsGen Vias:                            0
	Pathsegs:                               59
	Text:                                   0
	TextDisplay:                            0
	Cells:                                  14

Elapsed Time: 0.2s   User Time: 0.1s   CPU Time: 0.0s   Peak VM: 36116KB
INFO (XSTRM-234): Translation completed. '0' error(s) and '1' warning(s) found.

Creation of CDL for Group2_VLSI_EE5900/AND3/schematic is started
 si -batch /home/campus15/mmunoria/Group2_VLSI_EE5900/AND3/pegasus_LVS/ >/home/campus15/mmunoria/Group2_VLSI_EE5900/AND3/pegasus_LVS/SI.OUT 2>/home/campus15/mmunoria/Group2_VLSI_EE5900/AND3/pegasus_LVS/SI.LOG 
Virtuoso Framework License (111) was checked out successfully. Total checkout time was 0.04s.

Running simulation in directory: "/home/campus15/mmunoria/Group2_VLSI_EE5900/AND3/pegasus_LVS/".


Running netlist
Begin Incremental Netlisting Dec  1 16:14:57 2025
Loading sky130_fd_pr_main/libInit.il ...
	Loading sky130_fd_pr_main/loadCxt.ile ... done!
	Loading context 'sky130_fd_pr_main' from library 'sky130_fd_pr_main' ... done!
	Loading context 'pdkUtils' from library 'sky130_fd_pr_main' ... done!
	Loading sky130_fd_pr_main/libInitCktPro.il ... done!
	Loading sky130_fd_pr_main/libInitCustomExit.il ... 	Loading Environment Settings ...
done!
Loaded sky130_fd_pr_main/libInit.il successfully!
WARNING (OSSHNL-117): Ignoring switch view 'symbol' of cell 'pfet_01v8' in library 'sky130_fd_pr_main', as it does not contain
any instance. To netlist this cell, add this switch view to the stop list or to
ignore any specific instance set the property 'nlAction' to value "ignore" on
this cell view.

WARNING (OSSHNL-117): Ignoring switch view 'symbol' of cell 'nfet_01v8' in library 'sky130_fd_pr_main', as it does not contain
any instance. To netlist this cell, add this switch view to the stop list or to
ignore any specific instance set the property 'nlAction' to value "ignore" on
this cell view.


End netlisting Dec  1 16:14:57 2025


CDL netlist completed successfully.


Pegasus 23.14-s006 W6eUyhvWDSmkstMrnkYP8g 2025-12-01 16:15:01 1017340 c17-orng-10.ad.mtu.edu
Copyright 2024 Cadence Design Systems, Inc.
All rights reserved worldwide.

INFO:    Command Line Options: -lvs -top_cell AND3 -log_dir LOGS -source_top_cell AND3 -spice /home/campus15/mmunoria/Group2_VLSI_EE5900/AND3/pegasus_LVS/AND3.spi -control /home/campus15/mmunoria/Group2_VLSI_EE5900/AND3/pegasus_LVS/pegasuslvsctl -ui_data -gdb_data /opt/cadence-suite/sky130_release_0.0.4/Sky130_LVS/sky130.lvs.pvl
INFO:    Launch host CPU: Model: 13th Gen Intel(R) Core(TM) i7-13700, OS: Red Hat Enterprise Linux release 9.6 (Plow), Logical cores: 24, Physical cores: 16, Cache: 30720 KB, CPU Speed: 969.57 MHz
         Launch host Memory: MemTotal: 31522 MB,  MemFree: 8967 MB,  SwapTotal: 4095 MB,  SwapFree: 4095 MB,  VmallocTotal: 33554431 MB,  VmallocUsed: 215 MB
INFO:    Current path: /home/campus15/mmunoria/Group2_VLSI_EE5900/AND3/pegasus_LVS
INFO:    Run directory same as current path
INFO:    Log directory: /home/campus15/mmunoria/Group2_VLSI_EE5900/AND3/pegasus_LVS/LOGS
INFO:    PVL parsing results:
WARNING: LAYOUT_FORMAT at line 24 in file /opt/cadence-suite/sky130_release_0.0.4/Sky130_LVS/sky130.lvs.pvl is skipped. It is set in control file.
WARNING: LAYOUT_PATH at line 28 in file /opt/cadence-suite/sky130_release_0.0.4/Sky130_LVS/sky130.lvs.pvl is skipped. It is set in control file.
WARNING: Cmd-line override: LAYOUT_PRIMARY "AND3";
WARNING: REPORT_SUMMARY statement at line 36 in file /opt/cadence-suite/sky130_release_0.0.4/Sky130_LVS/sky130.lvs.pvl is ignored.
       summary file has been specified as /home/campus15/mmunoria/Group2_VLSI_EE5900/AND3/pegasus_LVS/AND3.sum
WARNING: option -drc is skipped at line 40 in file /opt/cadence-suite/sky130_release_0.0.4/Sky130_LVS/sky130.lvs.pvl
WARNING: MAX_RESULTS -erc at line 44 in file /opt/cadence-suite/sky130_release_0.0.4/Sky130_LVS/sky130.lvs.pvl is skipped. It is set in control file.
WARNING: option -drc is skipped at line 48 in file /opt/cadence-suite/sky130_release_0.0.4/Sky130_LVS/sky130.lvs.pvl
WARNING: ABORT_ON_LAYOUT_ERROR at line 52 in file /opt/cadence-suite/sky130_release_0.0.4/Sky130_LVS/sky130.lvs.pvl is skipped. It is set in control file.
WARNING: TEXT_DEPTH at line 54 in file /opt/cadence-suite/sky130_release_0.0.4/Sky130_LVS/sky130.lvs.pvl is skipped. It is set in control file.
WARNING: LVS_RECOGNIZE_GATES at line 972 in file /opt/cadence-suite/sky130_release_0.0.4/Sky130_LVS/sky130.lvs.pvl is skipped. Pegasus only takes the first LVS_RECOGNIZE_GATES command.

INFO:    See "/home/campus15/mmunoria/Group2_VLSI_EE5900/AND3/pegasus_LVS/LOGS/pvl.log" for additional details.

INFO:    Checking out 1 license(s) of feature: 'Pegasus_LVS' version 23.1
INFO:    License checkout successful ... 2025-12-01 16:15:09

INFO:    Checking out 1 license(s) of feature: 'Pegasus_16nm' version 23.1
INFO:    License checkout successful ... 2025-12-01 16:15:09
WARNING: Neither hcell nor -automatch option is specified.
INFO:    Worker 0 started on host c17-orng-10.ad.mtu.edu with 1 cpu(s)
sh: line 1: lsb_release: command not found
         CPU: Model: 13th Gen Intel(R) Core(TM) i7-13700, OS: , Logical cores: 24, Physical cores: 16, Cache: 30720 KB, CPU Speed: 800 MHz
         Memory: MemTotal: 31522 MB,  MemFree: 9004 MB,  SwapTotal: 4095 MB,  SwapFree: 4095 MB,  VmallocTotal: 33554431 MB,  VmallocUsed: 215 MB
INFO:    LVS report file: /home/campus15/mmunoria/Group2_VLSI_EE5900/AND3/pegasus_LVS/AND3.rep 
INFO:    Extracted layout netlist: /home/campus15/mmunoria/Group2_VLSI_EE5900/AND3/pegasus_LVS/AND3.spi 
INFO:    Setting LAYOUT_PATH to: /home/campus15/mmunoria/Group2_VLSI_EE5900/AND3/pegasus_LVS/AND3.gds.gz 
INFO:    Setting LAYOUT_PRIMARY to: AND3 
INFO:    Setting SCHEMATIC_PATH to: /home/campus15/mmunoria/Group2_VLSI_EE5900/AND3/pegasus_LVS/AND3.cdl 
INFO:    Setting SCHEMATIC_PRIMARY to: AND3 

INFO:    Gdsii input summary
         File name: /home/campus15/mmunoria/Group2_VLSI_EE5900/AND3/pegasus_LVS/AND3.gds.gz
         File size: 2240
         Version: 5.0
         Library name: Group2_VLSI_EE5900
         Last modified: 2025-12-1 14:11:18
         Last accessed: 2025-12-1 16:14:55
         Database unit in user units: 0.001
         Database unit in meters: 1e-09
         Magnification: 1 

INFO:    Cell Summary:
         ----------------------------------------------------------------------------
             CELL                           INSTANCE    GEOMETRY      LABELS        HREF        FREF
         ----------------------------------------------------------------------------
         subTap_CDNS_764623695850                  0           6           0           1           2
         polyConn_CDNS_764623695851                0           6           0           3           6
         nwellTap_CDNS_764623695852                0           7           0           1           2
         L1M1_C_CDNS_764623695850                  0           3           0           5          10
         pfet_01v8_CDNS_764623695853               0          14           0           1           2
         nfet_01v8_CDNS_764623695854               0          13           0           1           2
         NOT                                       7          20           0           1           2
         nfet_01v8_CDNS_764623695855               0          17           0           1           2
         nfet_01v8_CDNS_764623695856               0          11           0           1           2
         pfet_01v8_CDNS_764623695857               0          14           0           1           2
         pfet_01v8_CDNS_764623695858               0          18           0           1           2
         NAND                                      9          31           0           1           2
         AND                                       2          11           0           2           2
         AND3                                      2          20           0           1           1
         ----------------------------------------------------------------------------
         TOTAL CELL = 14;  INSTANCE = 20;  GEOMETRY = 191;  LABEL = 0

INFO:    Layer Summary:
         ----------------------------------------------------------------------------
             LAYER                            ID       HPN      HTC        FPN       FTC
         ----------------------------------------------------------------------------
         diff                               1001        18         0        36         0
         tap                                1003         4         0         8         0
         nwell_in                           1004         7         0        14         0
         hvtp                               1009         0         0         0         0
         hvi                                1011         0         0         0         0
         lvtn                               1013         0         0         0         0
         poly_in                            1014        38         0        80         0
         nsdm                               1017         5         0        10         0
         psdm                               1018         5         0        10         0
         rpm                                1019         0         0         0         0
         urpm                               1020         0         0         0         0
         npc                                1021         1         0         6         0
         licon1                             1022        14         0        32         0
         li1_in                             1023        31         0        74         0
         mcon                               1025         6         0        24         0
         met1_in                            1026        62         0       116         0
         via                                1028         0         0         0         0
         met2_in                            1029         0         0         0         0
         via2                               1031         0         0         0         0
         met3_in                            1032         0         0         0         0
         via3_in                            1034         0         0         0         0
         met4_in                            1035         0         0         0         0
         via4                               1037         0         0         0         0
         met5_in                            1038         0         0         0         0
         capm                               1043         0         0         0         0
         areaid.sl                          1055         0         0         0         0
         areaid.hl                          1081         0         0         0         0
         poly_res                           1091         0         0         0         0
         diff_res                           1092         0         0         0         0
         li1_label                          1115         0         0         0         0
         met1_label                         1116         0         0         0         0
         met2_label                         1117         0         0         0         0
         met3_label                         1118         0         0         0         0
         met4_label                         1119         0         0         0         0
         met5_label                         1120         0         0         0         0
         pwell_in                           1123         0         0         0         0
         pwell_label                        1124         0         0         0         0
         nwell_label                        1128         0         0         0         0
         li1_pin                            1139         0         0         0         0
         met1_pin                           1141         0         0         0         0
         met2_pin                           1143         0         0         0         0
         met3_pin                           1145         0         0         0         0
         met4_pin                           1147         0         0         0         0
         met5_pin                           1149         0         0         0         0
         nwell_pin                          1154         0         0         0         0
         pwell_pin                          1157         0         0         0         0
         met1_res                           1265         0         0         0         0
         met2_res                           1266         0         0         0         0
         met3_res                           1267         0         0         0         0
         met4_res                           1268         0         0         0         0
         met5_res                           1269         0         0         0         0
         ----------------------------------------------------------------------------

INFO:    CHIP EXTENT: 0 0 10280 10040


INFO:    Ports ...
         ========================================================================

INFO:    Texts For Connectivity ...
         ========================================================================

INFO:    Texts For SELECT -LABEL ...
         ========================================================================

INFO:    Texts For EXPAND_TEXT_ORIGIN ...
         ========================================================================

INFO:    Texts For DFM_TEXT ...
         ========================================================================

INFO:    Texts For Device Text Model Layer ...
         ========================================================================

INFO:    Texts For Device Text Property Layer ...
         ========================================================================

INFO:    Layer Summary(Texts For Connectivity):
         ----------------------------------------------------------------------------
             LAYER                            ID       TEXTS
         ----------------------------------------------------------------------------
         ----------------------------------------------------------------------------

INFO:    Layer Summary(Texts For SELECT -LABEL):
         ----------------------------------------------------------------------------
             LAYER                            ID       TEXTS
         ----------------------------------------------------------------------------
         ----------------------------------------------------------------------------

INFO:    Layer Summary(Texts For EXPAND_TEXT_ORIGIN):
         ----------------------------------------------------------------------------
             LAYER                            ID       TEXTS
         ----------------------------------------------------------------------------
         ----------------------------------------------------------------------------

INFO:    Layer Summary(Texts For DFM_TEXT):
         ----------------------------------------------------------------------------
             LAYER                            ID       TEXTS
         ----------------------------------------------------------------------------
         ----------------------------------------------------------------------------

INFO:    Expanded Cell Summary
         subTap_CDNS_764623695850 is expanded.
         nwellTap_CDNS_764623695852 is expanded.
INFO:    Status: Runset 100% complete as of 2025-12-01 16:15:10   Elapsed: 00:00:02
         Worker: Active CPUs  Total Mem(MB)  Active Mem(MB)  CPU time(s)
              0:    1 /   1             24              14            1
INFO:	 Status: Finishing as of 2025-12-01 16:15:10   Elapsed: 00:00:02   CPU time[s]: 2
INFO:    Resource usage by worker at exit:
                  CPU      Elapsed  CPUs       CPU       Peak        Peak engine
         Worker:  time[s]  time[s]  Allocated  usage[%]  Memory[MB]  Memory[MB]
              0:        1        2          1     49.39          24           14
         Worker resource usage  summary: Total CPU[s]: 1  Run duration[s]: 2  Max peak memory[MB]: 24
         Worker CPU utilization summary: 1 of 2 available CPU seconds (50.00%) with 1 average available CPU(s)
INFO:    Extraction result: WARNINGS (Reporter)
INFO:    Generating summary in /home/campus15/mmunoria/Group2_VLSI_EE5900/AND3/pegasus_LVS/AND3.sum
INFO:    All selected rules completed
         Total CPU Time                    : 1(s)
         Total Real Time                   : 2(s)
         Total Original Geometry           : 191(410)
         Total ERC RuleChecks              : 0
         Total ERC Results                 : 0 (0)
INFO:    Pegasus extracted connectivity database creation started
INFO:    CmdLine: /opt/cadence-suite/PEGASUS/tools.lnx86/Pegasus/bin/64bit/edbToEcdb -kf -edb AND3_1017340.db -ecdb ./ -topcell AND3 -netlist ./AND3.net -layermap ./AND3.ecdbmap -textmap ./AND3.ports -dependmap AND3.lmap.perc -kvp ifs:KZ -lvsfile ./AND3.lvsfile -saveFloatingNets .AND3.info.softchk 
INFO:    Opening layer file 'AND3_1017340.db/__layer'...
INFO:    Loading layer map file './AND3.ecdbmap'...
INFO:    Loading text map file './AND3.ports'...
INFO:    Loading dependency map file 'AND3.lmap.perc'...
INFO:    Pre loading edb directory contents...
INFO:    ECDB file name './/.AND3.ecdb'...
INFO:    Loading Floating nets file '.AND3.info.softchk'...
INFO:    Loading lvs file './AND3.lvsfile'...
INFO:    Writing db header information...(0s)
INFO:    Transfering cdl structures to ecdb structures...
INFO:    Read Netlist (32 threads)...
INFO:      DONE - (5s)
INFO:    Process (32 threads)...
INFO:    Cell(       3):   8% Done...(5s), nfet_01v8_CDNS_764623695854             
INFO:    Cell(       9):  16% Done...(5s), NAND                                    
INFO:    Cell(       6):  25% Done...(5s), nfet_01v8_CDNS_764623695856             
INFO:    Cell(       0):  33% Done...(5s), polyConn_CDNS_764623695851              
INFO:    Cell(      10):  41% Done...(5s), AND                                     
INFO:    Cell(       8):  50% Done...(5s), pfet_01v8_CDNS_764623695858             
INFO:    Cell(       5):  58% Done...(5s), nfet_01v8_CDNS_764623695855             
INFO:    Cell(       4):  66% Done...(5s), NOT                                     
INFO:    Cell(      11):  75% Done...(5s), AND3                                    
INFO:    Cell(       7):  83% Done...(6s), pfet_01v8_CDNS_764623695857             
INFO:    Cell(       2):  91% Done...(7s), pfet_01v8_CDNS_764623695853             
INFO:    Cell(       1): 100% Done...(8s), L1M1_C_CDNS_764623695850                
INFO:      DONE - (3s)
INFO:    Cells creation time: (8s)
INFO:    Write netlist items...         (8s)
INFO:    Saving name table to db...
INFO:    Save device templates to the db...
INFO:    Save connect rules to the db...
INFO:    Write calculated header information to the top of file...
INFO:    Erasing cdl subckts...          (0s)

INFO:    edbToEcdb Header Information:
  ECDB file version   : 38
  DevTmpl offset      : 12712
  Connect offset      : 13036
  NameTable offset    : 11724
  Layer Map offset    : 167
  Cell Start offset   : 10884
  Cell End offset     : 11724
  Aux Data offset     : 13400
  Labels     offset   : 0
  Layer RW   offset   : 0
  NVP                 : ifs:0.01 
  Scale               : 4000
  GDS Scale           : 1000
  File size (static)  : 17345
  File size (dynamic) : 0
  Cell count          : 12
  ECDB create time    : 8
  EDB info            : 10
  Top Cell            : AND3
  EDB info (Trans)    : WRITTEN_64 W_NOT_NET_ORDER 

INFO:    edbToEcdb Sizes written to disk (MB):
  NameTbl             :     0.000988
  Layers              :     0.003592
  Shapes              :     0.002914
  XYTree              :     0.002171
  LookUpTbls          :     0.000500
  Cells               :     0.000947
  Insts               :     0.000432
  Ports               :     0.000462
  Nets                :     0.000408
  Pins                :     0.000135
  Labels              :     0.000000
  DevTmpl             :     0.000324
  Connect             :     0.000360
  Header              :     0.000167
  AuxData             :     0.003943
  NvnLabels           :     0.000002
---------------------------------
  Total               :     0.017345

INFO:    Manager summary: CPU(s): 2 Elapsed(s): 8 Peak memory(MB): 882.73
INFO:    Pegasus extracted connectivity database creation completed. 2025-12-01 16:15:20
INFO:    Pegasus REPORTDB creation started...
INFO:    Processing file AND3.rep
INFO:    Manager summary: CPU(s): 0 Elapsed(s): 0 Peak memory(MB): 0.00
INFO:    Pegasus REPORTDB creation completed. 2025-12-01 16:15:21


INFO:    Comparing netlists ...
INFO:    Setup VLDB (0s)
INFO:    Init sch rules (0s)
INFO:    Init lay rules (0s)
INFO:    Init structures (0s)
INFO:    Set cells to delete (0s)
INFO:    Check expand on pin error (0s)
INFO:    Reading schematic network
INFO:     inputting cdl netlist /home/campus15/mmunoria/Group2_VLSI_EE5900/AND3/pegasus_LVS/AND3.cdl...
WARNING (NVN-13002): *.BIPOLAR is not supported.
WARNING (NVN-13002): *.RESI is not supported.
WARNING (NVN-13002): *.RESVAL is not supported.
WARNING (NVN-13002): *.CAPVAL is not supported.
WARNING (NVN-13002): *.DIOPERI is not supported.
WARNING (NVN-13002): *.DIOAREA is not supported.
INFO:     finished loading cdl netlist /home/campus15/mmunoria/Group2_VLSI_EE5900/AND3/pegasus_LVS/AND3.cdl (0s)
INFO:     commit cdl netlist(s)...
INFO:     finished committing cdl netlists (0s)
INFO:    Post sch netlist rule processing (0s)
INFO:    Reading layout network
INFO:     inputting (fast parser) cdl netlist  /home/campus15/mmunoria/Group2_VLSI_EE5900/AND3/pegasus_LVS/AND3.spi...
INFO:     finished loading cdl netlist /home/campus15/mmunoria/Group2_VLSI_EE5900/AND3/pegasus_LVS/AND3.spi (0s)
INFO:     commit cdl netlist(s)...
INFO:     finished committing cdl netlists (0s)
INFO:    Post lay netlist rule processing (0s)
INFO:    Processing blackBox rules (0s)
INFO:    Processing bindings (0s)
WARNING (NVN-15140): Cell 'cap_vpp_11p5x11p7_m1m2m3m4_shieldm5' used in rule 'lvs_black_box' cannot be found in the layout. 
Skipping this rule.
WARNING (NVN-15140): Cell 'cap_vpp_11p5x11p7_m1m2m3m4_shieldm5' used in rule 'lvs_black_box' cannot be found in the schematic. 
Skipping this rule.
WARNING (NVN-15140): Cell 'cap_vpp_11p5x11p7_m1m2m3m4_shieldl1m5' used in rule 'lvs_black_box' cannot be found in the layout. 
Skipping this rule.
WARNING (NVN-15140): Cell 'cap_vpp_11p5x11p7_m1m2m3m4_shieldl1m5' used in rule 'lvs_black_box' cannot be found in the schematic. 
Skipping this rule.
WARNING (NVN-15140): Cell 'cap_vpp_11p5x11p7_m1m2m3_shieldl1' used in rule 'lvs_black_box' cannot be found in the layout. 
Skipping this rule.
WARNING (NVN-15140): Cell 'cap_vpp_11p5x11p7_m1m2m3_shieldl1' used in rule 'lvs_black_box' cannot be found in the schematic. 
Skipping this rule.
WARNING (NVN-15140): Cell 'cap_vpp_11p5x11p7_m1m2_noshield' used in rule 'lvs_black_box' cannot be found in the layout. 
Skipping this rule.
WARNING (NVN-15140): Cell 'cap_vpp_11p5x11p7_m1m2_noshield' used in rule 'lvs_black_box' cannot be found in the schematic. 
Skipping this rule.
WARNING (NVN-15140): Cell 'cap_vpp_11p5x11p7_l1m1m2m3m4_shieldpom5' used in rule 'lvs_black_box' cannot be found in the layout. 
Skipping this rule.
WARNING (NVN-15140): Cell 'cap_vpp_11p5x11p7_l1m1m2m3m4_shieldpom5' used in rule 'lvs_black_box' cannot be found in the schematic. 
Skipping this rule.
WARNING (NVN-15140): Cell 'cap_vpp_11p5x11p7_l1m1m2m3m4_shieldm5' used in rule 'lvs_black_box' cannot be found in the layout. 
Skipping this rule.
WARNING (NVN-15140): Cell 'cap_vpp_11p5x11p7_l1m1m2m3m4_shieldm5' used in rule 'lvs_black_box' cannot be found in the schematic. 
Skipping this rule.
WARNING (NVN-15140): Cell 'cap_vpp_11p5x11p7_l1m1m2m3_shieldpom4' used in rule 'lvs_black_box' cannot be found in the layout. 
Skipping this rule.
WARNING (NVN-15140): Cell 'cap_vpp_11p5x11p7_l1m1m2m3_shieldpom4' used in rule 'lvs_black_box' cannot be found in the schematic. 
Skipping this rule.
WARNING (NVN-15140): Cell 'cap_vpp_11p5x11p7_l1m1m2m3_shieldm4' used in rule 'lvs_black_box' cannot be found in the layout. 
Skipping this rule.
WARNING (NVN-15140): Cell 'cap_vpp_11p5x11p7_l1m1m2m3_shieldm4' used in rule 'lvs_black_box' cannot be found in the schematic. 
Skipping this rule.
WARNING (NVN-15140): Cell 'cap_vpp_11p5x11p7_l1m1m2_shieldpom3' used in rule 'lvs_black_box' cannot be found in the layout. 
Skipping this rule.
WARNING (NVN-15140): Cell 'cap_vpp_11p5x11p7_l1m1m2_shieldpom3' used in rule 'lvs_black_box' cannot be found in the schematic. 
Skipping this rule.
WARNING (NVN-15140): Cell 'cap_vpp_08p6x07p8_m1m2m3_shieldl1m5_floatm4' used in rule 'lvs_black_box' cannot be found in the layout. 
Skipping this rule.
WARNING (NVN-15140): Cell 'cap_vpp_08p6x07p8_m1m2m3_shieldl1m5_floatm4' used in rule 'lvs_black_box' cannot be found in the schematic. 
Skipping this rule.
WARNING (NVN-15140): Cell 'cap_vpp_08p6x07p8_m1m2m3_shieldl1' used in rule 'lvs_black_box' cannot be found in the layout. 
Skipping this rule.
WARNING (NVN-15140): Cell 'cap_vpp_08p6x07p8_m1m2m3_shieldl1' used in rule 'lvs_black_box' cannot be found in the schematic. 
Skipping this rule.
WARNING (NVN-15140): Cell 'cap_vpp_08p6x07p8_m1m2_noshield' used in rule 'lvs_black_box' cannot be found in the layout. 
Skipping this rule.
WARNING (NVN-15140): Cell 'cap_vpp_08p6x07p8_m1m2_noshield' used in rule 'lvs_black_box' cannot be found in the schematic. 
Skipping this rule.
WARNING (NVN-15140): Cell 'cap_vpp_04p4x04p6_m1m2m3_shieldl1' used in rule 'lvs_black_box' cannot be found in the layout. 
Skipping this rule.
WARNING (NVN-15140): Cell 'cap_vpp_04p4x04p6_m1m2m3_shieldl1' used in rule 'lvs_black_box' cannot be found in the schematic. 
Skipping this rule.
WARNING (NVN-15140): Cell 'cap_vpp_04p4x04p6_m1m2_noshield' used in rule 'lvs_black_box' cannot be found in the layout. 
Skipping this rule.
WARNING (NVN-15140): Cell 'cap_vpp_04p4x04p6_m1m2_noshield' used in rule 'lvs_black_box' cannot be found in the schematic. 
Skipping this rule.
WARNING (NVN-15140): Cell 'cap_vpp_02p4x04p6_m1m2_noshield' used in rule 'lvs_black_box' cannot be found in the layout. 
Skipping this rule.
WARNING (NVN-15140): Cell 'cap_vpp_02p4x04p6_m1m2_noshield' used in rule 'lvs_black_box' cannot be found in the schematic. 
Skipping this rule.
INFO:    Commit sch verilog netlist (0s)
INFO:    Commit lay verilog netlist (0s)
INFO:    Erase netlist data (0s)
INFO:    Set blackbox cells (0s)
INFO:    Sch put cells in memory (0s)
INFO:    Sch update netlist rules (0s)
INFO:    Sch set devices to delete (0s)
INFO:    Sch adjust device pins (0s)
INFO:    Sch calc hier order (0s)
INFO:    Sch process inherited connections (0s)
INFO:    Sch generate qrc files (0s)
INFO:    Sch handle global pins (0s)
INFO:    Sch apply rule actions with processed netlist (0s)
INFO:    Sch process cell supply (0s)
INFO:    Lay put cells in memory (0s)
INFO:    Lay update netlist rules (0s)
INFO:    Lay set devices to delete (0s)
INFO:    Lay calc hier order (0s)
INFO:    Lay process inherited connections (0s)
INFO:    Lay generate qrc files (0s)
INFO:    Lay handle global pins (0s)
INFO:    Lay apply rule actions with processed netlist (0s)
INFO:    Lay process cell supply (0s)
INFO:    Check if interposer flow (0s)
INFO:    Check binding file (0s)
INFO:    Set topcell global pin indicator (0s)
INFO:    Calculate preserve parameterized cells (0s)
INFO:    Check generic device bindings (0s)
INFO:    Calculate primitive device bindings (0s)
INFO:    Remove unused device parameters (0s)
INFO:    Set instances to flatten inside cells (0s)
INFO:    Calculate parameters (0s)
INFO:    Start sch normalization (0s)
INFO:    Start lay normalization (0s)
INFO:    Calculate primitive device bindings (2nd time) (0s)
INFO:    Finalize binding (0s)
INFO:    Sch join nets (0s)
INFO:    Sch setup hier normalization (0s)
INFO:    Sch remove feedthroughs and black box cell instances (0s)
INFO:    Sch remove identical pins (0s)
INFO:    Sch calc connection counts (0s)
INFO:    Run genHierCells (0s)
INFO:    Reset normalization flags (0s)
INFO:    Lay join nets (0s)
INFO:    Lay setup hier normalization (0s)
INFO:    Lay remove feedthroughs and black box cell instances (0s)
INFO:    Lay remove identical pins (0s)
INFO:    Lay calc connection counts (0s)
INFO:    Normalize sch (0s)
INFO:    Read in color file (0s)
INFO:    Set scale factor per cell (0s)
INFO:    Setup property init rules (0s)
INFO:    Write sch vldb file (0s)
INFO:    Write lay vldb file (0s)
INFO:    Apply preserve parameterized cells (0s)
INFO:    Cleanup after VLDB processing (0s)
WARNING (NVN-15320): The rule 'lvs_short_equivalent_nodes' was set to 'yes' and 
           the rule 'lvs_reduce_split_gates' was not specified. 
           Changing the default setting of 'lvs_reduce_split_gates' from 'yes' to 'no'.
INFO (NVN-10007): Found ecdb file .AND3.ecdb, will use during comparison.

INFO:    Cell comparison output format:
            <Comparing|Top Cell> <Layout Cell> vs <Schematic Cell>
               <Layout instances> insts vs <Schematic instances> insts  (<Time>)-<Status>

         Top Cell  AND3 vs AND3
            12 insts vs 4 insts. . . . . . . . . . . . . . . . . . . . . .  (0s)-mismatch

INFO:    Generating the LVS report...
           Report Init (0s)
           Load common queries (0s)
           Create report (0s)
           Cleanup (0s)
INFO:    Report finished

INFO:    Extraction Run Summary
         Total CPU Time        : 1(s)
         Total Real Time       : 2(s)
         Peak Memory Used      : 25.00(M)


INFO:    NVN Run Summary
         Total CPU Time        : 0(s)
         Total Real Time       : 0(s)
         Peak Memory Used      : 249.01(M)


INFO:    LVS Summary
         Total CPU Time        : 1(s)
         Total Real Time       : 2(s)
         Peak Memory Used      : 249.01(M)

    ###########################################################################################
    #                                                                                         #
    # Run Result             : MISMATCH                                                       #
    #                                                                                         #
    # Run Summary            : [ERROR] Connectivity Mismatches                                #
    #                        : [WARN]  Extraction Warnings (refer to Extraction Report File)  #
    #                        : [INFO]  ERC Results: Empty                                     #
    #                                                                                         #
    # ERC Summary File       : AND3.sum                                                       #
    # Extraction Report File : AND3.rep                                                       #
    # Comparison Report File : AND3.rep.cls                                                   #
    #                                                                                         #
    ###########################################################################################

INFO:    Checking in all SoftShare licenses.

Pegasus finished normally. 2025-12-01 16:15:22


