
########################################################################
Get environment info ...
########################################################################
ENV VAR: TCL_LIBRARY = /opt/cadence-suite/PEGASUS/share/lib/tcltk/08.64/tcl8.6
ENV VAR: TCLX_LIBRARY = /opt/cadence-suite/PEGASUS/share/lib/tclx/08.40
ENV VAR: TCLLIBPATH = /opt/cadence-suite/PEGASUS/share/lib/itcl/3.4.1 /opt/cadence-suite/PEGASUS/share/lib/tclxml/3.2 /opt/cadence-suite/PEGASUS/share/lib/tcllib/1.18 /opt/cadence-suite/PEGASUS/tools.lnx86/pegasus/bin/64bit/../../../../share/lib/itcl/3.4.1 /opt/cadence-suite/PEGASUS/tools.lnx86/pegasus/bin/64bit/../../../../share/lib/tclxml/3.2 /opt/cadence-suite/PEGASUS/tools.lnx86/pegasus/bin/64bit/../../../../share/lib/tcllib/1.18
ENV VAR: PEGASUS_PVL_LIBRARY = /opt/cadence-suite/PEGASUS/tools.lnx86/pegasus/bin/64bit/../../../Pegasus/bin/64bit/etc/pvl/tcl
ENV VAR: PEGASUS_TVL_LIBRARY = /opt/cadence-suite/PEGASUS/tools.lnx86/pegasus/bin/64bit/../../../Pegasus/bin/64bit/etc/preproc/tcl
ENV VAR: PEGASUS_LVS_DEVICE_DFM_LIBRARY = /opt/cadence-suite/PEGASUS/tools.lnx86/pegasus/bin/64bit/../../../Pegasus/bin/64bit/etc/lvs_device_dfm/tcl


########################################################################
Parsing Control File /home/campus15/mmunoria/Group2_VLSI_EE5900/4_1_MUX_Schematic/pegasus_lvs/pegasuslvsctl ...
########################################################################
TEXT_DEPTH -primary;
VIRTUAL_CONNECT -colon no;
VIRTUAL_CONNECT -semicolon_as_colon yes;
VIRTUAL_CONNECT -report no;
VIRTUAL_CONNECT -depth -primary;
LVS_IGNORE_PORTS no;
LVS_EXPAND_CELL_ON_ERROR no;
LVS_BREAK_AMBIG_MAX 32;
LVS_ABORT -softchk no;
LVS_ABORT -supply_error no;
LVS_FIND_SHORTS no;
SCONNECT_UPPER_SHAPE_COUNT no;
LVS_REPORT_FILE "4_1_MUX_Schematic.rep";
LVS_REPORT_MAX 50 -mismatched_net_limit 100;
LVS_RUN_ERC_CHECKS yes;
LVS_REPORT_OPT -none;
REPORT_SUMMARY -erc "4_1_MUX_Schematic.sum" -replace;
MAX_RESULTS -erc 1000;
RESULTS_DB -erc "/home/campus15/mmunoria/Group2_VLSI_EE5900/4_1_MUX_Schematic/pegasus_lvs/4_1_MUX_Schematic.erc_errors.ascii" -ascii;
SCHEMATIC_FORMAT cdl;
SCHEMATIC_PATH "/home/campus15/mmunoria/Group2_VLSI_EE5900/4_1_MUX_Schematic/pegasus_lvs/4_1_MUX_Schematic.cdl";
ABORT_ON_LAYOUT_ERROR yes;
LAYOUT_FORMAT gdsii;
LAYOUT_PATH "/home/campus15/mmunoria/Group2_VLSI_EE5900/4_1_MUX_Schematic/pegasus_lvs/4_1_MUX_Schematic.gds.gz";

########################################################################
Parsing Rule File /opt/cadence-suite/sky130_release_0.0.4/Sky130_LVS/sky130.lvs.pvl ...
########################################################################
LAYOUT_FORMAT gdsii;
[WARN]: LAYOUT_FORMAT at line 24 in file /opt/cadence-suite/sky130_release_0.0.4/Sky130_LVS/sky130.lvs.pvl is skipped. It is set in control file.
LAYOUT_PATH "./sky130_fd_sc_ls__bufinv_16.gds";
[WARN]: LAYOUT_PATH at line 28 in file /opt/cadence-suite/sky130_release_0.0.4/Sky130_LVS/sky130.lvs.pvl is skipped. It is set in control file.
LAYOUT_PRIMARY "sky130_fd_sc_ls__bufinv_16";
[WARN] Cmd-line override: LAYOUT_PRIMARY "4_1_MUX_Schematic";
REPORT_SUMMARY -drc "sky130_fd_sc_ls__bufinv_16.sum" -replace;
[WARN] REPORT_SUMMARY statement at line 36 in file /opt/cadence-suite/sky130_release_0.0.4/Sky130_LVS/sky130.lvs.pvl is ignored.
       summary file has been specified as 4_1_MUX_Schematic.sum
RESULTS_DB -drc "./sky130_fd_sc_ls__bufinv_16.drc_errors.ascii" -ascii;
[WARN] option -drc is skipped at line 40 in file /opt/cadence-suite/sky130_release_0.0.4/Sky130_LVS/sky130.lvs.pvl
MAX_RESULTS -erc 100000;
[WARN]: MAX_RESULTS -erc at line 44 in file /opt/cadence-suite/sky130_release_0.0.4/Sky130_LVS/sky130.lvs.pvl is skipped. It is set in control file.
MAX_VERTEX -drc 4096;
[WARN] option -drc is skipped at line 48 in file /opt/cadence-suite/sky130_release_0.0.4/Sky130_LVS/sky130.lvs.pvl
ABORT_ON_LAYOUT_ERROR no;
[WARN]: ABORT_ON_LAYOUT_ERROR at line 52 in file /opt/cadence-suite/sky130_release_0.0.4/Sky130_LVS/sky130.lvs.pvl is skipped. It is set in control file.
TEXT_DEPTH -primary;
[WARN]: TEXT_DEPTH at line 54 in file /opt/cadence-suite/sky130_release_0.0.4/Sky130_LVS/sky130.lvs.pvl is skipped. It is set in control file.
LVS_RECOGNIZE_GATES -none;
LAYER_DEF diff 1001;
LAYER_MAP 65 -datatype 20 1001;
LAYER_DEF diff_txt 1002;
LAYER_MAP 65 -texttype 20 1002;
LAYER_DEF tap 1003;
LAYER_MAP 65 -datatype 44 1003;
LAYER_DEF nwell_in 1004;
LAYER_MAP 64 -datatype 20 1004;
LAYER_DEF dnwell 1005;
LAYER_MAP 64 -datatype 18 1005;
LAYER_DEF pwbm 1006;
LAYER_MAP 19 -datatype 44 1006;
LAYER_DEF pwde 1007;
LAYER_MAP 124 -datatype 20 1007;
LAYER_DEF hvtr 1008;
LAYER_MAP 18 -datatype 20 1008;
LAYER_DEF hvtp 1009;
LAYER_MAP 78 -datatype 44 1009;
LAYER_DEF ldntm 1010;
LAYER_MAP 11 -datatype 44 1010;
LAYER_DEF hvi 1011;
LAYER_MAP 75 -datatype 20 1011;
LAYER_DEF tunm 1012;
LAYER_MAP 80 -datatype 20 1012;
LAYER_DEF lvtn 1013;
LAYER_MAP 125 -datatype 44 1013;
LAYER_DEF poly_in 1014;
LAYER_MAP 66 -datatype 20 1014;
LAYER_DEF poly_txt 1015;
LAYER_MAP 66 -texttype 20 1015;
LAYER_DEF hvntm 1016;
LAYER_MAP 125 -datatype 20 1016;
LAYER_DEF nsdm 1017;
LAYER_MAP 93 -datatype 44 1017;
LAYER_DEF psdm 1018;
LAYER_MAP 94 -datatype 20 1018;
LAYER_DEF rpm 1019;
LAYER_MAP 86 -datatype 20 1019;
LAYER_DEF urpm 1020;
LAYER_MAP 79 -datatype 20 1020;
LAYER_DEF npc 1021;
LAYER_MAP 95 -datatype 20 1021;
LAYER_DEF licon1 1022;
LAYER_MAP 66 -datatype 44 1022;
LAYER_DEF li1_in 1023;
LAYER_MAP 67 -datatype 20 1023;
LAYER_DEF li1_text 1024;
LAYER_MAP 67 -texttype 20 1024;
LAYER_DEF mcon 1025;
LAYER_MAP 67 -datatype 44 1025;
LAYER_DEF met1_in 1026;
LAYER_MAP 68 -datatype 20 1026;
LAYER_DEF met1_text 1027;
LAYER_MAP 68 -texttype 20 1027;
LAYER_DEF via 1028;
LAYER_MAP 68 -datatype 44 1028;
LAYER_DEF met2_in 1029;
LAYER_MAP 69 -datatype 20 1029;
LAYER_DEF met2_text 1030;
LAYER_MAP 69 -texttype 20 1030;
LAYER_DEF via2 1031;
LAYER_MAP 69 -datatype 44 1031;
LAYER_DEF met3_in 1032;
LAYER_MAP 70 -datatype 20 1032;
LAYER_DEF met3_text 1033;
LAYER_MAP 70 -texttype 20 1033;
LAYER_DEF via3_in 1034;
LAYER_MAP 70 -datatype 44 1034;
LAYER_DEF met4_in 1035;
LAYER_MAP 71 -datatype 20 1035;
LAYER_DEF met4_text 1036;
LAYER_MAP 71 -texttype 20 1036;
LAYER_DEF via4 1037;
LAYER_MAP 71 -datatype 44 1037;
LAYER_DEF met5_in 1038;
LAYER_MAP 72 -datatype 20 1038;
LAYER_DEF met5_text 1039;
LAYER_MAP 72 -texttype 20 1039;
LAYER_DEF pad 1040;
LAYER_MAP 76 -datatype 20 1040;
LAYER_DEF pad_text 1041;
LAYER_MAP 76 -texttype 20 1041;
LAYER_DEF nsm 1042;
LAYER_MAP 61 -datatype 20 1042;
LAYER_DEF capm 1043;
LAYER_MAP 89 -datatype 44 1043;
LAYER_DEF cap2m 1044;
LAYER_MAP 97 -datatype 44 1044;
LAYER_DEF vhvi 1045;
LAYER_MAP 74 -datatype 21 1045;
LAYER_DEF uhvi 1046;
LAYER_MAP 74 -datatype 22 1046;
LAYER_DEF npn 1047;
LAYER_MAP 82 -datatype 20 1047;
LAYER_DEF inductor 1048;
LAYER_MAP 82 -datatype 24 1048;
LAYER_DEF capacitor_in 1049;
LAYER_MAP 82 -datatype 64 1049;
LAYER_DEF pnp 1050;
LAYER_MAP 82 -datatype 44 1050;
LAYER_DEF LVS_prune 1051;
LAYER_MAP 84 -datatype 44 1051;
LAYER_DEF ncm 1052;
LAYER_MAP 92 -datatype 44 1052;
LAYER_DEF padCenter 1053;
LAYER_MAP 81 -datatype 20 1053;
LAYER_DEF target 1054;
LAYER_MAP 76 -datatype 44 1054;
LAYER_DEF areaid.sl 1055;
LAYER_MAP 81 -datatype 1 1055;
LAYER_MAP 81 -datatype 7 1055;
LAYER_DEF areaid.ce 1056;
LAYER_MAP 81 -datatype 2 1056;
LAYER_DEF areaid.fe 1057;
LAYER_MAP 81 -datatype 3 1057;
LAYER_DEF areaid.sc 1058;
LAYER_MAP 81 -datatype 4 1058;
LAYER_DEF areaid.sf 1059;
LAYER_MAP 81 -datatype 6 1059;
LAYER_DEF areaid.sr 1061;
LAYER_MAP 81 -datatype 8 1061;
LAYER_DEF areaid.mt 1062;
LAYER_MAP 81 -datatype 10 1062;
LAYER_DEF areaid.dt 1063;
LAYER_MAP 81 -datatype 11 1063;
LAYER_DEF areaid.ft 1064;
LAYER_MAP 81 -datatype 12 1064;
LAYER_DEF areaid.ww 1065;
LAYER_MAP 81 -datatype 13 1065;
LAYER_DEF areaid.ld 1066;
LAYER_MAP 81 -datatype 14 1066;
LAYER_DEF areaid.ns 1067;
LAYER_MAP 81 -datatype 15 1067;
LAYER_DEF areaid.ij 1068;
LAYER_MAP 81 -datatype 17 1068;
LAYER_DEF areaid.zr 1069;
LAYER_MAP 81 -datatype 18 1069;
LAYER_DEF areaid.ed 1070;
LAYER_MAP 81 -datatype 19 1070;
LAYER_DEF areaid.de 1071;
LAYER_MAP 81 -datatype 23 1071;
LAYER_DEF areaid.rd 1072;
LAYER_MAP 81 -datatype 24 1072;
LAYER_DEF areaid.dn 1073;
LAYER_MAP 81 -datatype 50 1073;
LAYER_DEF areaid.cr 1074;
LAYER_MAP 81 -datatype 51 1074;
LAYER_DEF areaid.cd 1075;
LAYER_MAP 81 -datatype 52 1075;
LAYER_DEF areaid.st 1076;
LAYER_MAP 81 -datatype 53 1076;
LAYER_DEF areaid.op 1077;
LAYER_MAP 81 -datatype 54 1077;
LAYER_DEF areaid.en 1078;
LAYER_MAP 81 -datatype 57 1078;
LAYER_DEF areaid.en20 1079;
LAYER_MAP 81 -datatype 58 1079;
LAYER_DEF areaid.le 1080;
LAYER_MAP 81 -datatype 60 1080;
LAYER_DEF areaid.hl 1081;
LAYER_MAP 81 -datatype 63 1081;
LAYER_DEF areaid.sd 1082;
LAYER_MAP 81 -datatype 70 1082;
LAYER_DEF areaid.po 1083;
LAYER_MAP 81 -datatype 81 1083;
LAYER_DEF areaid.it 1084;
LAYER_MAP 81 -datatype 84 1084;
LAYER_DEF areaid.et 1085;
LAYER_MAP 81 -datatype 101 1085;
LAYER_DEF areaid.lvt 1086;
LAYER_MAP 81 -datatype 108 1086;
LAYER_DEF areaid.re 1087;
LAYER_MAP 81 -datatype 125 1087;
LAYER_DEF fom 1088;
LAYER_MAP 22 -datatype 23 1088;
LAYER_DEF poly_gate 1089;
LAYER_MAP 66 -datatype 9 1089;
LAYER_DEF poly_model 1090;
LAYER_MAP 66 -texttype 83 1090;
LAYER_DEF poly_res 1091;
LAYER_MAP 66 -datatype 13 1091;
LAYER_DEF diff_res 1092;
LAYER_MAP 65 -datatype 13 1092;
LAYER_DEF pwell_res 1093;
LAYER_MAP 64 -datatype 13 1093;
LAYER_DEF li1_res 1094;
LAYER_MAP 67 -datatype 13 1094;
LAYER_DEF diff_hv 1095;
LAYER_MAP 65 -datatype 8 1095;
LAYER_DEF met4_fuse 1096;
LAYER_MAP 71 -datatype 17 1096;
LAYER_DEF inductor_trm1 1097;
LAYER_MAP 82 -datatype 26 1097;
LAYER_DEF inductor_trm2 1098;
LAYER_MAP 82 -datatype 27 1098;
LAYER_DEF inductor_trm3 1099;
LAYER_MAP 82 -datatype 28 1099;
LAYER_DEF li1_block 1100;
LAYER_MAP 67 -datatype 10 1100;
LAYER_DEF met1_block 1101;
LAYER_MAP 68 -datatype 10 1101;
LAYER_DEF met2_block 1102;
LAYER_MAP 69 -datatype 10 1102;
LAYER_DEF met3_block 1103;
LAYER_MAP 70 -datatype 10 1103;
LAYER_DEF met4_block 1104;
LAYER_MAP 71 -datatype 10 1104;
LAYER_DEF met5_block 1105;
LAYER_MAP 72 -datatype 10 1105;
LAYER_DEF prBndry 1106;
LAYER_MAP 235 -datatype 4 1106;
LAYER_DEF diff_bnd 1107;
LAYER_MAP 65 -datatype 4 1107;
LAYER_DEF tap_bnd 1108;
LAYER_MAP 65 -datatype 60 1108;
LAYER_DEF mcon_bnd 1109;
LAYER_MAP 67 -datatype 60 1109;
LAYER_DEF poly_bnd 1110;
LAYER_MAP 66 -datatype 4 1110;
LAYER_DEF via_bnd 1111;
LAYER_MAP 68 -datatype 60 1111;
LAYER_DEF via2_bnd 1112;
LAYER_MAP 69 -datatype 60 1112;
LAYER_DEF via3_bnd 1113;
LAYER_MAP 70 -datatype 60 1113;
LAYER_DEF via4_bnd 1114;
LAYER_MAP 71 -datatype 60 1114;
LAYER_DEF li1_label 1115;
LAYER_MAP 67 -texttype 5 1115;
LAYER_DEF met1_label 1116;
LAYER_MAP 68 -texttype 5 1116;
LAYER_DEF met2_label 1117;
LAYER_MAP 69 -texttype 5 1117;
LAYER_DEF met3_label 1118;
LAYER_MAP 70 -texttype 5 1118;
LAYER_DEF met4_label 1119;
LAYER_MAP 71 -texttype 5 1119;
LAYER_DEF met5_label 1120;
LAYER_MAP 72 -texttype 5 1120;
LAYER_DEF poly_label 1121;
LAYER_MAP 66 -texttype 5 1121;
LAYER_DEF diff_label 1122;
LAYER_MAP 65 -texttype 6 1122;
LAYER_DEF pwell_in 1123;
LAYER_MAP 64 -datatype 59 1123;
LAYER_DEF pwell_label 1124;
LAYER_MAP 64 -texttype 59 1124;
LAYER_DEF pwelliso_label 1125;
LAYER_MAP 44 -datatype 5 1125;
LAYER_DEF pad_label 1126;
LAYER_MAP 76 -texttype 5 1126;
LAYER_DEF tap_label 1127;
LAYER_MAP 65 -texttype 5 1127;
LAYER_DEF nwell_label 1128;
LAYER_MAP 64 -texttype 5 1128;
LAYER_DEF inductor_label 1129;
LAYER_MAP 82 -texttype 25 1129;
LAYER_DEF text 1130;
LAYER_MAP 83 -texttype 44 1130;
LAYER_DEF li1_net 1131;
LAYER_MAP 67 -texttype 23 1131;
LAYER_DEF met1_net 1132;
LAYER_MAP 68 -texttype 23 1132;
LAYER_DEF met2_net 1133;
LAYER_MAP 69 -texttype 23 1133;
LAYER_DEF met3_net 1134;
LAYER_MAP 70 -texttype 23 1134;
LAYER_DEF met4_net 1135;
LAYER_MAP 71 -texttype 23 1135;
LAYER_DEF met5_net 1136;
LAYER_MAP 72 -texttype 23 1136;
LAYER_DEF poly_net 1137;
LAYER_MAP 66 -texttype 23 1137;
LAYER_DEF diff_net 1138;
LAYER_MAP 65 -texttype 23 1138;
LAYER_DEF li1_pin 1139;
LAYER_MAP 67 -texttype 0 1139;
LAYER_MAP 67 -datatype 16 1139;
LAYER_MAP 67 -texttype 16 1139;
LAYER_DEF met1_pin 1141;
LAYER_MAP 68 -texttype 0 1141;
LAYER_MAP 68 -datatype 16 1141;
LAYER_MAP 68 -texttype 16 1141;
LAYER_DEF met2_pin 1143;
LAYER_MAP 69 -texttype 0 1143;
LAYER_MAP 69 -datatype 16 1143;
LAYER_MAP 69 -texttype 16 1143;
LAYER_DEF met3_pin 1145;
LAYER_MAP 70 -texttype 0 1145;
LAYER_MAP 70 -datatype 16 1145;
LAYER_MAP 70 -texttype 16 1145;
LAYER_DEF met4_pin 1147;
LAYER_MAP 71 -texttype 0 1147;
LAYER_MAP 71 -datatype 16 1147;
LAYER_MAP 71 -texttype 16 1147;
LAYER_DEF met5_pin 1149;
LAYER_MAP 72 -texttype 0 1149;
LAYER_MAP 72 -datatype 16 1149;
LAYER_MAP 72 -texttype 16 1149;
LAYER_DEF poly_pin 1152;
LAYER_MAP 66 -texttype 0 1152;
LAYER_MAP 66 -texttype 16 1152;
LAYER_DEF diff_pin 1153;
LAYER_MAP 65 -texttype 16 1153;
LAYER_DEF nwell_pin 1154;
LAYER_MAP 64 -datatype 16 1154;
LAYER_MAP 64 -texttype 0 1154;
LAYER_DEF pad_pin 1155;
LAYER_MAP 76 -texttype 0 1155;
LAYER_MAP 76 -datatype 16 1155;
LAYER_MAP 76 -texttype 16 1155;
LAYER_DEF pwell_pin 1157;
LAYER_MAP 122 -datatype 16 1157;
LAYER_MAP 122 -texttype 16 1157;
LAYER_MAP 122 -texttype 0 1157;
LAYER_DEF pwelliso 1159;
LAYER_MAP 44 -datatype 16 1159;
LAYER_MAP 44 -texttype 16 1159;
LAYER_DEF diff_cut 1171;
LAYER_MAP 65 -datatype 14 1171;
LAYER_DEF poly_cut 1172;
LAYER_MAP 66 -datatype 14 1172;
LAYER_DEF li1_cut 1173;
LAYER_MAP 67 -datatype 14 1173;
LAYER_DEF met1_cut 1174;
LAYER_MAP 68 -datatype 14 1174;
LAYER_DEF met2_cut 1175;
LAYER_MAP 69 -datatype 14 1175;
LAYER_DEF met3_cut 1176;
LAYER_MAP 70 -datatype 14 1176;
LAYER_DEF met4_cut 1177;
LAYER_MAP 71 -datatype 14 1177;
LAYER_DEF met5_cut 1178;
LAYER_MAP 72 -datatype 14 1178;
LAYER_DEF pwell_cut 1179;
LAYER_MAP 64 -datatype 14 1179;
LAYER_DEF met5_probe 1180;
LAYER_MAP 72 -datatype 25 1180;
LAYER_DEF met4_probe 1181;
LAYER_MAP 71 -datatype 25 1181;
LAYER_DEF met3_probe 1182;
LAYER_MAP 70 -datatype 25 1182;
LAYER_DEF met2_probe 1183;
LAYER_MAP 69 -datatype 25 1183;
LAYER_DEF met1_probe 1184;
LAYER_MAP 68 -datatype 25 1184;
LAYER_DEF li1_probe 1185;
LAYER_MAP 67 -datatype 25 1185;
LAYER_DEF poly_probe 1186;
LAYER_MAP 66 -datatype 25 1186;
LAYER_DEF poly_short 1187;
LAYER_MAP 66 -datatype 15 1187;
LAYER_DEF li1_short 1188;
LAYER_MAP 67 -datatype 15 1188;
LAYER_DEF met1_short 1189;
LAYER_MAP 68 -datatype 15 1189;
LAYER_DEF met2_short 1190;
LAYER_MAP 69 -datatype 15 1190;
LAYER_DEF met3_short 1191;
LAYER_MAP 70 -datatype 15 1191;
LAYER_DEF met4_short 1192;
LAYER_MAP 71 -datatype 15 1192;
LAYER_DEF met5_short 1193;
LAYER_MAP 72 -datatype 15 1193;
LAYER_DEF cncm_mk 1194;
LAYER_MAP 17 -datatype 0 1194;
LAYER_DEF crpm_mk 1195;
LAYER_MAP 96 -datatype 0 1195;
LAYER_DEF cpdm_mk 1196;
LAYER_MAP 37 -datatype 0 1196;
LAYER_DEF cnsm_mk 1197;
LAYER_MAP 22 -datatype 0 1197;
LAYER_DEF cmm5_mk 1198;
LAYER_MAP 59 -datatype 0 1198;
LAYER_DEF cviam4_mk 1199;
LAYER_MAP 58 -datatype 0 1199;
LAYER_DEF cmm4_mk 1200;
LAYER_MAP 51 -datatype 0 1200;
LAYER_DEF cviam3_mk 1201;
LAYER_MAP 50 -datatype 0 1201;
LAYER_DEF cmm3_mk 1202;
LAYER_MAP 34 -datatype 0 1202;
LAYER_DEF cviam2_mk 1203;
LAYER_MAP 44 -datatype 0 1203;
LAYER_DEF cmm2_mk 1204;
LAYER_MAP 41 -datatype 0 1204;
LAYER_DEF cviam_mk 1205;
LAYER_MAP 40 -datatype 0 1205;
LAYER_DEF cmm1_mk 1206;
LAYER_MAP 36 -datatype 0 1206;
LAYER_DEF ctm1_mk 1207;
LAYER_MAP 35 -datatype 0 1207;
LAYER_DEF cli1m_mk 1208;
LAYER_MAP 56 -datatype 0 1208;
LAYER_DEF clicm1_mk 1209;
LAYER_MAP 43 -datatype 0 1209;
LAYER_DEF cpsdm_mk 1210;
LAYER_MAP 32 -datatype 0 1210;
LAYER_DEF cnsdm_mk 1211;
LAYER_MAP 30 -datatype 0 1211;
LAYER_DEF cldntm_mk 1212;
LAYER_MAP 11 -datatype 0 1212;
LAYER_DEF cnpc_mk 1213;
LAYER_MAP 49 -datatype 0 1213;
LAYER_DEF chvntm_mk 1214;
LAYER_MAP 39 -datatype 0 1214;
LAYER_DEF cntm_mk 1215;
LAYER_MAP 27 -datatype 0 1215;
LAYER_DEF cp1m_mk 1216;
LAYER_MAP 28 -datatype 0 1216;
LAYER_DEF clvom_mk 1217;
LAYER_MAP 46 -datatype 0 1217;
LAYER_DEF conom_mk 1218;
LAYER_MAP 88 -datatype 0 1218;
LAYER_DEF ctunm_mk 1219;
LAYER_MAP 20 -datatype 0 1219;
LAYER_DEF chvtrm_mk 1220;
LAYER_MAP 98 -datatype 0 1220;
LAYER_DEF chvtpm_mk 1221;
LAYER_MAP 97 -datatype 0 1221;
LAYER_DEF clvtnm_mk 1222;
LAYER_MAP 25 -datatype 0 1222;
LAYER_DEF cnwm_mk 1223;
LAYER_MAP 21 -datatype 0 1223;
LAYER_DEF cdnm_mk 1224;
LAYER_MAP 48 -datatype 0 1224;
LAYER_DEF cfom_mk 1225;
LAYER_MAP 23 -datatype 0 1225;
LAYER_DEF cfom 1226;
LAYER_MAP 22 -datatype 20 1226;
LAYER_DEF clvtnm 1227;
LAYER_MAP 25 -datatype 44 1227;
LAYER_DEF chvtpm 1228;
LAYER_MAP 88 -datatype 44 1228;
LAYER_DEF conom 1229;
LAYER_MAP 87 -datatype 44 1229;
LAYER_DEF clvom 1230;
LAYER_MAP 45 -datatype 20 1230;
LAYER_DEF cntm 1231;
LAYER_MAP 26 -datatype 20 1231;
LAYER_DEF chvntm 1232;
LAYER_MAP 38 -datatype 20 1232;
LAYER_DEF cnpc 1233;
LAYER_MAP 44 -datatype 20 1233;
LAYER_DEF cnsdm 1234;
LAYER_MAP 29 -datatype 20 1234;
LAYER_DEF cpsdm 1235;
LAYER_MAP 31 -datatype 20 1235;
LAYER_DEF cli1m 1236;
LAYER_MAP 115 -datatype 44 1236;
LAYER_DEF cviam3 1237;
LAYER_MAP 112 -datatype 20 1237;
LAYER_DEF cviam4 1238;
LAYER_MAP 117 -datatype 20 1238;
LAYER_DEF cncm 1239;
LAYER_MAP 96 -datatype 44 1239;
LAYER_DEF cntm_mk_add 1240;
LAYER_MAP 26 -datatype 21 1240;
LAYER_DEF clvtnm_mk_add 1241;
LAYER_MAP 25 -datatype 43 1241;
LAYER_DEF chvtpm_mk_add 1242;
LAYER_MAP 97 -datatype 43 1242;
LAYER_DEF cli1m_mk_add 1243;
LAYER_MAP 115 -datatype 43 1243;
LAYER_DEF clicm1_mk_add 1244;
LAYER_MAP 106 -datatype 43 1244;
LAYER_DEF cpsdm_mk_add 1245;
LAYER_MAP 31 -datatype 21 1245;
LAYER_DEF cnsdm_mk_add 1246;
LAYER_MAP 29 -datatype 21 1246;
LAYER_DEF cp1m_mk_add 1247;
LAYER_MAP 33 -datatype 43 1247;
LAYER_DEF cfom_mk_add 1248;
LAYER_MAP 22 -datatype 21 1248;
LAYER_DEF cntm_mk_drop 1249;
LAYER_MAP 26 -datatype 22 1249;
LAYER_DEF clvtnm_mk_drop 1250;
LAYER_MAP 25 -datatype 42 1250;
LAYER_DEF chvtpm_mk_drop 1251;
LAYER_MAP 97 -datatype 42 1251;
LAYER_DEF cli1m_mk_drop 1252;
LAYER_MAP 115 -datatype 42 1252;
LAYER_DEF clicm1_mk_drop 1253;
LAYER_MAP 106 -datatype 42 1253;
LAYER_DEF cpsdm_mk_drop 1254;
LAYER_MAP 31 -datatype 22 1254;
LAYER_DEF cnsdm_mk_drop 1255;
LAYER_MAP 29 -datatype 22 1255;
LAYER_DEF cp1m_mk_drop 1256;
LAYER_MAP 33 -datatype 42 1256;
LAYER_DEF cfom_mk_drop 1257;
LAYER_MAP 22 -datatype 22 1257;
LAYER_DEF cmm4_waffle_drop 1258;
LAYER_MAP 112 -datatype 4 1258;
LAYER_DEF cmm3_waffle_drop 1259;
LAYER_MAP 107 -datatype 24 1259;
LAYER_DEF cmm2_waffle_drop 1260;
LAYER_MAP 105 -datatype 52 1260;
LAYER_DEF cmm1_waffle_drop 1261;
LAYER_MAP 62 -datatype 24 1261;
LAYER_DEF cp1m_waffle_drop 1262;
LAYER_MAP 33 -datatype 24 1262;
LAYER_DEF cfom_waffle_drop 1263;
LAYER_MAP 22 -datatype 24 1263;
LAYER_DEF cmm5_waffle_drop 1264;
LAYER_MAP 117 -datatype 4 1264;
LAYER_DEF met1_res 1265;
LAYER_MAP 68 -datatype 13 1265;
LAYER_DEF met2_res 1266;
LAYER_MAP 69 -datatype 13 1266;
LAYER_DEF met3_res 1267;
LAYER_MAP 70 -datatype 13 1267;
LAYER_DEF met4_res 1268;
LAYER_MAP 71 -datatype 13 1268;
LAYER_DEF met5_res 1269;
LAYER_MAP 72 -datatype 13 1269;
PORT -text_layer met1_pin met1_label met2_label met3_label met4_label met5_label li1_label nwell_label pwell_label;
NOT Chip_extent nwell -outputlayer pwell_create;
NOT via3_in capm -outputlayer via3;
OR met5_pin met5_in -outputlayer met5_all;
OR met4_pin met4_in -outputlayer met4_all;
OR met3_pin met3_in -outputlayer met3_all;
OR met2_pin met2_in -outputlayer met2_all;
OR met1_pin met1_in -outputlayer met1_all;
NOT met5_all met5_res -outputlayer met5;
NOT met4_all met4_res -outputlayer met4;
NOT met3_all met3_res -outputlayer met3;
NOT met2_all met2_res -outputlayer met2;
NOT met1_all met1_res -outputlayer met1;
OR li1_pin li1_in -outputlayer li1;
OR nwell_pin nwell_in -outputlayer nwell;
OR pwell_pin pwell_create pwell_in -outputlayer pwell;
ATTACH met5_label met5;
ATTACH met4_label met4;
ATTACH met3_label met3;
ATTACH met2_label met2;
ATTACH met1_label met1;
ATTACH met1_pin met1;
ATTACH li1_label li1;
ATTACH nwell_label nwell;
ATTACH pwell_label pwell;
DEVICE R ( res_generic_m1 ) met1_res met1 ( P ) met1 ( N );
DEVICE R ( res_generic_m2 ) met2_res met2 ( P ) met2 ( N );
DEVICE R ( res_generic_m3 ) met3_res met3 ( P ) met3 ( N );
DEVICE R ( res_generic_m4 ) met4_res met4 ( P ) met4 ( N );
DEVICE R ( res_generic_m5 ) met5_res met5 ( P ) met5 ( N );
SELECT -outside pad areaid.ft -outputlayer bondPad;
SELECT -label "poly_in" -textname "dummy_poly" -textlayer text -outputlayer dummy_poly;
HOLES areaid.sl -outputlayer Chip_extent_pvsTmp1;
EXTENT -outputlayer Chip_extent_pvsTmp2;
OR Chip_extent_pvsTmp1 Chip_extent_pvsTmp2 areaid.sl -outputlayer Chip_extent;
OR cfom cp1m_mk cmm1_mk cmm2_mk -outputlayer Diecut_pmm_pvsTmp1;
NOT areaid.dt Diecut_pmm_pvsTmp1 -outputlayer Diecut_pmm;
WITH_WIDTH met1 -gt 3 -outputlayer huge_met1;
WITH_WIDTH met2 -gt 3 -outputlayer huge_met2;
WITH_WIDTH met3 -gt 3 -outputlayer huge_met3;
WITH_WIDTH met4 -gt 3 -outputlayer huge_met4;
WITH_WIDTH met5 -gt 3 -outputlayer huge_met5;
WITH_WIDTH pad -gt 100 -outputlayer hugePad;
AND pwell dnwell -outputlayer iso_pwell;
SELECT -interact poly_in poly_res -outputlayer prec_resistor_poly;
NOT poly_in prec_resistor_poly -outputlayer poly;
AND poly diff -outputlayer gate;
SELECT -inside gate lvtn -outputlayer LVTN_gate;
AND tap nsdm -outputlayer np_tap;
SELECT -inside nwell areaid.ed -outputlayer esd_nwell;
SELECT -touch np_tap esd_nwell -outputlayer esd_nwell_tap_ntap_cand;
HOLES esd_nwell -outputlayer esd_nwell_holes;
SELECT -touch esd_nwell_tap_ntap_cand esd_nwell_holes -outputlayer esd_nwell_tap_cand_inhole;
SELECT -touch esd_nwell esd_nwell_tap_cand_inhole -outputlayer esd_nwell_tap_well_cand;
OR esd_nwell_tap_cand_inhole esd_nwell_tap_well_cand -outputlayer esd_nwell_tap_possible;
XOR esd_nwell_tap_possible esd_nwell_tap_cand_inhole -outputlayer esd_nwell_tap_not;
SELECT -interact -not esd_nwell_tap_well_cand esd_nwell_tap_not -outputlayer ESD_nwell_tap;
HOLES nsdm -outputlayer nsdmHoles;
OR nsm cnsm_mk -outputlayer NSM_keepout;
HOLES psdm -outputlayer psdmHoles;
SELECT -touch ptap pwell_res -outputlayer pwres_terminal;
AND diff pnp -outputlayer pnp_emitter_1;
AND pnp_emitter_1 psdm -outputlayer pnp_emitter;
NOT areaid.ft areaid.dt -outputlayer scribe_line;
AND prec_resistor_poly li1 -outputlayer prec_resistor_term;
AND prec_resistor_poly psdm -outputlayer prec_resistor_body_1;
AND prec_resistor_body_1 npc -outputlayer prec_resistor_body_2;
NOT prec_resistor_body_2 prec_resistor_term -outputlayer prec_resistor_body_3;
SELECT -touch prec_resistor_body_3 prec_resistor_term -eq 2 -outputlayer prec_resistor_body;
EDGE_SELECT -coincident_only prec_resistor_body prec_resistor_term -outputlayer prec_resistor_width;
EDGE_LENGTH prec_resistor_width -eq 0.35 -outputlayer prec_resistor_width_edge_0p35;
EDGE_LENGTH prec_resistor_width -eq 0.69 -outputlayer prec_resistor_width_edge_0p69;
EDGE_LENGTH prec_resistor_width -eq 1.41 -outputlayer prec_resistor_width_edge_1p41;
EDGE_LENGTH prec_resistor_width -eq 2.85 -outputlayer prec_resistor_width_edge_2p85;
EDGE_LENGTH prec_resistor_width -eq 5.73 -outputlayer prec_resistor_width_edge_5p73;
SELECT -with_edge prec_resistor_body prec_resistor_width_edge_0p35 -eq 2 -outputlayer prec_resistor_0p35;
SELECT -with_edge prec_resistor_body prec_resistor_width_edge_0p69 -eq 2 -outputlayer prec_resistor_0p69;
SELECT -with_edge prec_resistor_body prec_resistor_width_edge_1p41 -eq 2 -outputlayer prec_resistor_1p41;
SELECT -with_edge prec_resistor_body prec_resistor_width_edge_2p85 -eq 2 -outputlayer prec_resistor_2p85;
SELECT -with_edge prec_resistor_body prec_resistor_width_edge_5p73 -eq 2 -outputlayer prec_resistor_5p73;
AND prec_resistor_0p35 rpm -outputlayer res_high_po_0p35_rec_1;
NOT res_high_po_0p35_rec_1 urpm -outputlayer res_high_po_0p35_rec;
AND prec_resistor_0p69 rpm -outputlayer res_high_po_0p69_rec_1;
NOT res_high_po_0p69_rec_1 urpm -outputlayer res_high_po_0p69_rec;
AND prec_resistor_1p41 rpm -outputlayer res_high_po_1p41_rec_1;
NOT res_high_po_1p41_rec_1 urpm -outputlayer res_high_po_1p41_rec;
AND prec_resistor_2p85 rpm -outputlayer res_high_po_2p85_rec_1;
NOT res_high_po_2p85_rec_1 urpm -outputlayer res_high_po_2p85_rec;
AND prec_resistor_5p73 rpm -outputlayer res_high_po_5p73_rec_1;
NOT res_high_po_5p73_rec_1 urpm -outputlayer res_high_po_5p73_rec;
AND prec_resistor_0p35 urpm -outputlayer res_xhigh_po_0p35_rec;
AND prec_resistor_0p69 urpm -outputlayer res_xhigh_po_0p69_rec;
AND prec_resistor_1p41 urpm -outputlayer res_xhigh_po_1p41_rec;
AND prec_resistor_2p85 urpm -outputlayer res_xhigh_po_2p85_rec;
AND prec_resistor_5p73 urpm -outputlayer res_xhigh_po_5p73_rec;
CONNECT li1 prec_resistor_term -by licon1;
AND capm met3 -outputlayer bottom_plate;
AND capm met4 -outputlayer top_plate;
SELECT -enclose capm via3_in -gt 0 -outputlayer capacitor;
SELECT -cut -not capm via3_in -outputlayer dummy_capacitor;
CONNECT met3 bottom_plate;
CONNECT met4 top_plate;
OR diff tap poly pwell_res pad cfom cfom_mk cp1m_mk -outputlayer fomDummy_keepout.1;
NOT gate nwell -outputlayer nfet;
AND gate nwell -outputlayer pfet;
NOT diff nwell -outputlayer ndiff_all;
NOT ndiff_all diff_res -outputlayer ndiff;
SELECT -touch ndiff diff_res -outputlayer np_term;
AND diff nwell -outputlayer pdiff_all;
NOT pdiff_all diff_res -outputlayer pdiff;
SELECT -touch pdiff diff_res -outputlayer pp_term;
DEVICE R ( RES_GENERIC_ND ) diff_res np_term ( P ) np_term ( N );
DEVICE R ( RES_GENERIC_PD ) diff_res pp_term ( P ) pp_term ( N );
AND tap nwell -outputlayer ntap;
NOT tap nwell -outputlayer ptap;
NOT pdiff pfet -outputlayer pSourceDrain;
NOT ndiff nfet -outputlayer nSourceDrain;
SELECT -interact -not tap diff -outputlayer isolated_tap;
NOT nwell hvi -outputlayer LVnwell;
CONNECT li1 pSourceDrain -by licon1;
CONNECT li1 nSourceDrain -by licon1;
CONNECT li1 pp_term -by licon1;
CONNECT li1 np_term -by licon1;
CONNECT pSourceDrain ntap;
CONNECT nSourceDrain ptap;
CONNECT li1 ptap -by licon1;
CONNECT li1 ntap -by licon1;
CONNECT li1 isolated_tap -by licon1;
SCONNECT ptap pwell;
SCONNECT ntap nwell;
CONNECT li1 poly -by poly_licon1;
CONNECT poly pfet;
CONNECT poly nfet;
CONNECT gate poly;
CONNECT li1 HV_poly -by licon1;
CONNECT li1 HV_source_drain -by licon1;
CONNECT met1 li1 -by mcon;
CONNECT met2 met1 -by via;
CONNECT met3 met2 -by via2;
CONNECT met4 met3 -by via3;
CONNECT met5 met4 -by via4;
CONNECT HV_tap HV_nwell;
OR diff tap -outputlayer poly_licon1_pvsTmp1;
NOT poly_licon1_pvsTmp1 poly -outputlayer poly_licon1_pvsTmp2;
SELECT -cut -not licon1 poly_licon1_pvsTmp2 -outputlayer poly_licon1;
AND tap licon1 -outputlayer tap_licon;
NOT tap poly -outputlayer tap_notPoly;
SELECT -inside tap nwell -outputlayer tap_nwell;
NOT nwell hvi -outputlayer Var_channel_pvsTmp1;
AND poly tap -outputlayer Var_channel_pvsTmp2;
AND Var_channel_pvsTmp2 Var_channel_pvsTmp1 -outputlayer Var_channel_pvsTmp3;
NOT Var_channel_pvsTmp3 areaid.ce -outputlayer Var_channel;
SELECT -outside -not tap Var_channel -outputlayer VaracTap;
AND cp1m_mk Hvi -outputlayer cp1m_HV;
AND isolated_tap areaid.en -outputlayer de_nFet_drain_pvsTmp1;
SELECT -outside -not de_nFet_drain_pvsTmp1 nwell -outputlayer de_nFet_drain;
AND poly areaid.en -outputlayer deFET_gate_pvsTmp1;
SELECT -outside deFET_gate_pvsTmp1 pwde -outputlayer deFET_gate;
NOT diff dnwell -outputlayer de_nFet_gate_pvsTmp1;
SELECT -outside -not deFET_gate de_nFet_gate_pvsTmp1 -outputlayer de_nFet_gate;
AND diff areaid.en -outputlayer de_nFet_source_pvsTmp1;
SELECT -outside -not de_nFet_source_pvsTmp1 de_nFet_gate -outputlayer de_nFet_source;
AND isolated_tap areaid.en -outputlayer de_pFet_drain_pvsTmp1;
SELECT -outside de_pFet_drain_pvsTmp1 nwell -outputlayer de_pFet_drain;
AND diff dnwell -outputlayer de_pFet_gate_pvsTmp1;
SELECT -outside -not deFET_gate de_pFet_gate_pvsTmp1 -outputlayer de_pFet_gate;
AND diff areaid.en -outputlayer de_pFet_source_pvsTmp1;
SELECT -outside -not de_pfet_source_pvsTmp1 de_pFet_gate -outputlayer de_pFet_source;
AND diff Hvi -outputlayer HV_Diff;
AND poly Hvi -outputlayer HV_poly;
SELECT -inside gate hvi -outputlayer HV_gate;
AND tap Hvi -outputlayer HV_tap;
NOT HV_Diff HV_poly -outputlayer HV_source_drain;
SELECT -touch HV_gate HV_source_drain -outputlayer HV_FET_gate;
AND nwell hvi -outputlayer HV_nwell_pvsTmp1;
SELECT -outside -not nwell areaid.hl -outputlayer HV_nwell_pvsTmp2;
OR HV_nwell_pvsTmp1 HV_nwell_pvsTmp2 -outputlayer HV_nwell;
AND diff Hvi -outputlayer stack_hv_lv_diff_pvsTmp1;
NOT stack_hv_lv_diff_pvsTmp1 nwell -outputlayer stack_hv_lv_diff_pvsTmp2;
NOT diff nwell -outputlayer stack_hv_lv_diff_pvsTmp3;
SELECT -touch stack_hv_lv_diff_pvsTmp2 stack_hv_lv_diff_pvsTmp3 -outputlayer stack_hv_lv_diff;
AND diff uhvi -outputlayer UHVdiff;
SELECT -outside -not poly uhvi -outputlayer UHVPoly;
AND UHVPoly diff -outputlayer UHVGate;
AND diff uhvi -outputlayer UHVSourceDrain_pvsTmp1;
NOT UHVSourceDrain_pvsTmp1 poly -outputlayer UHVSourceDrain_pvsTmp2;
NOT UHVSourceDrain_pvsTmp2 diff_res -outputlayer UHVSourceDrain;
AND diff vhvi -outputlayer VHVDiff;
SELECT -outside -not poly vhvi -outputlayer VHVPoly;
AND VHVPoly diff -outputlayer VHVGate;
AND diff tap -outputlayer SHVSourceDrain_pvsTmp1;
AND SHVSourceDrain_pvsTmp1 vhvi -outputlayer SHVSourceDrain_pvsTmp2;
NOT SHVSourceDrain_pvsTmp2 poly -outputlayer SHVSourceDrain_pvsTmp3;
NOT SHVSourceDrain_pvsTmp3 diff_res -outputlayer SHVSourceDrain;
OR met1 met2 met3 -outputlayer inductor_metal_pvsTmp1;
AND inductor inductor_metal_pvsTmp1 -outputlayer inductor_metal_pvsTmp2;
SIZE inductor_metal_pvsTmp2 -by 10 -outputlayer inductor_metal;
NOT nfet HV_FET_gate -outputlayer nfet_norm_a;
NOT nfet_norm_a lvtn -outputlayer nfet_norm;
AND nfet_norm ndiff -outputlayer nfet_01v8_rec;
DEVICE MN ( nfet_01v8 ) nfet_01v8_rec nfet ( G ) nSourceDrain ( S ) nSourceDrain ( D ) pwell ( B );
AND pfet hvtp -outputlayer hvtpfet;
NOT pfet HV_FET_gate -outputlayer pfet_norm_a;
NOT pfet_norm_a hvtpfet -outputlayer pfet_norm_b;
NOT pfet_norm_b lvtn -outputlayer pfet_norm;
AND pfet_norm pdiff -outputlayer pfet_01v8_rec;
DEVICE MP ( pfet_01v8 ) pfet_01v8_rec pfet ( G ) pSourceDrain ( S ) pSourceDrain ( D ) nwell ( B );
AND pfet_norm_b lvtn -outputlayer lvtpfet;
AND lvtpfet pdiff -outputlayer lvtpfet_01v8_rec;
DEVICE MP ( pfet_01v8_lvt ) lvtpfet_01v8_rec lvtpfet ( G ) pSourceDrain ( S ) pSourceDrain ( D ) nwell ( B );
AND nfet_norm_a lvtn -outputlayer lvtnfet;
AND lvtnfet ndiff -outputlayer lvtnfet_01v8_rec;
DEVICE MN ( nfet_01v8_lvt ) lvtnfet_01v8_rec lvtnfet ( G ) nSourceDrain ( S ) nSourceDrain ( D ) pwell ( B );
AND hvtpfet pdiff -outputlayer hvtpfet_01v8_rec;
DEVICE MP ( pfet_01v8_hvt ) hvtpfet_01v8_rec hvtpfet ( G ) pSourceDrain ( S ) pSourceDrain ( D ) nwell ( B );
AND HV_fet_gate nsdm -outputlayer HV_npoly;
EDGE_SELECT -coincident_only HV_npoly HV_source_drain -outputlayer HV_ngate_length;
INTE HV_ngate_length -ltge 0.5 0.9 -output region -outputlayer HV_ngate_3v3_a;
AND HV_ngate_3v3_a lvtn -outputlayer HV_ngate_3v3;
INTE HV_ngate_length -ltge 0.9 15 -output region -outputlayer HV_ngate_5v0_a;
AND HV_ngate_5v0_a lvtn -outputlayer HV_ngate_5v0;
NOT HV_FET_gate HV_ngate_5v0 -outputlayer HV_gate_5v10v_a;
NOT HV_gate_5v10v_a HV_ngate_3v3 -outputlayer HV_gate_5v10v_b;
AND HV_gate_5v10v_b nsdm -outputlayer HV_ngate_5v10v;
AND HV_gate_5v10v_b psdm -outputlayer HV_pgate_5v10v;
DEVICE MN ( nfet_03v3_nvt ) HV_ngate_3v3 HV_FET_gate ( G ) HV_source_drain ( S ) HV_source_drain ( D ) pwell ( B );
DEVICE MN ( nfet_05v0_nvt ) HV_ngate_5v0 HV_FET_gate ( G ) HV_source_drain ( S ) HV_source_drain ( D ) pwell ( B );
DEVICE MN ( nfet_g5v0d10v5 ) HV_ngate_5v10v HV_FET_gate ( G ) HV_source_drain ( S ) HV_source_drain ( D ) pwell ( B );
DEVICE MP ( pfet_g5v0d10v5 ) HV_pgate_5v10v HV_FET_gate ( G ) HV_source_drain ( S ) HV_source_drain ( D ) nwell ( B );
DEVICE R ( res_high_po_0p35 ) res_high_po_0p35_rec prec_resistor_term ( P ) prec_resistor_term ( N ) pwell ( B ) -element R [ 
 PROPERTY 
 l , w 
 
 area = AREA ( res_high_po_0p35_rec ) 
 w = PERIMETER_COINCIDE ( res_high_po_0p35_rec , prec_resistor_term ) / 2 
 l = AREA / w 
 ];
DEVICE R ( res_high_po_0p69 ) res_high_po_0p69_rec prec_resistor_term ( P ) prec_resistor_term ( N ) pwell ( B ) -element R [ 
 PROPERTY 
 l , w 
 
 area = AREA ( res_high_po_0p69_rec ) 
 w = PERIMETER_COINCIDE ( res_high_po_0p69_rec , prec_resistor_term ) / 2 
 l = AREA / w 
 ];
DEVICE R ( res_high_po_1p41 ) res_high_po_1p41_rec prec_resistor_term ( P ) prec_resistor_term ( N ) pwell ( B ) -element R [ 
 PROPERTY 
 l , w 
 
 area = AREA ( res_high_po_1p41_rec ) 
 w = PERIMETER_COINCIDE ( res_high_po_1p41_rec , prec_resistor_term ) / 2 
 l = AREA / w 
 ];
DEVICE R ( res_high_po_2p85 ) res_high_po_2p85_rec prec_resistor_term ( P ) prec_resistor_term ( N ) pwell ( B ) -element R [ 
 PROPERTY 
 l , w 
 
 area = AREA ( res_high_po_2p85_rec ) 
 w = PERIMETER_COINCIDE ( res_high_po_2p85_rec , prec_resistor_term ) / 2 
 l = AREA / w 
 ];
DEVICE R ( res_high_po_5p73 ) res_high_po_5p73_rec prec_resistor_term ( P ) prec_resistor_term ( N ) pwell ( B ) -element R [ 
 PROPERTY 
 l , w 
 
 area = AREA ( res_high_po_5p73_rec ) 
 w = PERIMETER_COINCIDE ( res_high_po_5p73_rec , prec_resistor_term ) / 2 
 l = AREA / w 
 ];
DEVICE R ( res_xhigh_po_0p35 ) res_xhigh_po_0p35_rec prec_resistor_term ( P ) prec_resistor_term ( N ) pwell ( B ) -element R [ 
 PROPERTY 
 l , w 
 
 area = AREA ( res_xhigh_po_0p35_rec ) 
 w = PERIMETER_COINCIDE ( res_xhigh_po_0p35_rec , prec_resistor_term ) / 2 
 l = AREA / w 
 ];
DEVICE R ( res_xhigh_po_0p69 ) res_xhigh_po_0p69_rec prec_resistor_term ( P ) prec_resistor_term ( N ) pwell ( B ) -element R [ 
 PROPERTY 
 l , w 
 
 area = AREA ( res_xhigh_po_0p69_rec ) 
 w = PERIMETER_COINCIDE ( res_xhigh_po_0p69_rec , prec_resistor_term ) / 2 
 l = AREA / w 
 ];
DEVICE R ( res_xhigh_po_1p41 ) res_xhigh_po_1p41_rec prec_resistor_term ( P ) prec_resistor_term ( N ) pwell ( B ) -element R [ 
 PROPERTY 
 l , w 
 
 area = AREA ( res_xhigh_po_1p41_rec ) 
 w = PERIMETER_COINCIDE ( res_xhigh_po_1p41_rec , prec_resistor_term ) / 2 
 l = AREA / w 
 ];
DEVICE R ( res_xhigh_po_2p85 ) res_xhigh_po_2p85_rec prec_resistor_term ( P ) prec_resistor_term ( N ) pwell ( B ) -element R [ 
 PROPERTY 
 l , w 
 
 area = AREA ( res_xhigh_po_2p85_rec ) 
 w = PERIMETER_COINCIDE ( res_xhigh_po_2p85_rec , prec_resistor_term ) / 2 
 l = AREA / w 
 ];
DEVICE R ( res_xhigh_po_5p73 ) res_xhigh_po_5p73_rec prec_resistor_term ( P ) prec_resistor_term ( N ) pwell ( B ) -element R [ 
 PROPERTY 
 l , w 
 
 area = AREA ( res_xhigh_po_5p73_rec ) 
 w = PERIMETER_COINCIDE ( res_xhigh_po_5p73_rec , prec_resistor_term ) / 2 
 l = AREA / w 
 ];
ANGLE capacitor -eq 0 -outputlayer cap_width;
ANGLE capacitor -eq 90 -outputlayer cap_length;
DEVICE C ( cap_mim_m3__base ) capacitor top_plate ( PLUS ) bottom_plate ( MINUS ) < cap_width > < cap_length > -element C [ 
 PROPERTY 
 l , w 
 
 l = PERIMETER_COINCIDE ( capacitor , cap_length ) 
 w = PERIMETER_COINCIDE ( capacitor , cap_width ) / 2 
 ];
LVS_CDN_FLOW_OPTIONS -cdl_use_scale;
LVS_RECOGNIZE_GATES -none;
[WARN] LVS_RECOGNIZE_GATES at line 972 in file /opt/cadence-suite/sky130_release_0.0.4/Sky130_LVS/sky130.lvs.pvl is skipped. Pegasus only takes the first LVS_RECOGNIZE_GATES command.
LVS_REDUCE yes -parallel_mos;
LVS_REDUCE yes -series_mos;
LVS_GENERIC_DEVICE C ( cap_vpp_02p4x04p6_m1m2_noshield ) [ PLUS = C0 MINUS = C1 BULK = B ] -source;
LVS_GENERIC_DEVICE C ( cap_vpp_04p4x04p6_m1m2_noshield ) [ PLUS = C0 MINUS = C1 BULK = B ] -source;
LVS_GENERIC_DEVICE C ( cap_vpp_04p4x04p6_m1m2m3_shieldl1 ) [ PLUS = C0 MINUS = C1 BULK = B ] -source;
LVS_GENERIC_DEVICE C ( cap_vpp_08p6x07p8_m1m2_noshield ) [ PLUS = C0 MINUS = C1 BULK = B ] -source;
LVS_GENERIC_DEVICE C ( cap_vpp_08p6x07p8_m1m2m3_shieldl1 ) [ PLUS = C0 MINUS = C1 BULK = B ] -source;
LVS_GENERIC_DEVICE C ( cap_vpp_08p6x07p8_m1m2m3_shieldl1m5_floatm4 ) [ PLUS = C0 MINUS = C1 BULK = B ] -source;
LVS_GENERIC_DEVICE C ( cap_vpp_11p5x11p7_l1m1m2_shieldpom3 ) [ PLUS = C0 MINUS = C1 BULK = B ] -source;
LVS_GENERIC_DEVICE C ( cap_vpp_11p5x11p7_l1m1m2m3_shieldm4 ) [ PLUS = C0 MINUS = C1 BULK = B ] -source;
LVS_GENERIC_DEVICE C ( cap_vpp_11p5x11p7_l1m1m2m3_shieldpom4 ) [ PLUS = C0 MINUS = C1 BULK = B ] -source;
LVS_GENERIC_DEVICE C ( cap_vpp_11p5x11p7_l1m1m2m3m4_shieldm5 ) [ PLUS = C0 MINUS = C1 BULK = B ] -source;
LVS_GENERIC_DEVICE C ( cap_vpp_11p5x11p7_l1m1m2m3m4_shieldpom5 ) [ PLUS = C0 MINUS = C1 BULK = B ] -source;
LVS_GENERIC_DEVICE C ( cap_vpp_11p5x11p7_m1m2_noshield ) [ PLUS = C0 MINUS = C1 BULK = B ] -source;
LVS_GENERIC_DEVICE C ( cap_vpp_11p5x11p7_m1m2m3_shieldl1 ) [ PLUS = C0 MINUS = C1 BULK = B ] -source;
LVS_GENERIC_DEVICE C ( cap_vpp_11p5x11p7_m1m2m3m4_shieldl1m5 ) [ PLUS = C0 MINUS = C1 BULK = B ] -source;
LVS_GENERIC_DEVICE C ( cap_vpp_11p5x11p7_m1m2m3m4_shieldm5 ) [ PLUS = C0 MINUS = C1 BULK = B ] -source;
LVS_SHORT_EQUIVALENT_NODES yes;
LVS_CHECK_PROPERTY MP L l;
LVS_CHECK_PROPERTY MP W w;
LVS_CHECK_PROPERTY MN L l;
LVS_CHECK_PROPERTY MN W w;
LVS_CHECK_PROPERTY R W W;
LVS_CHECK_PROPERTY R L L;
LVS_CHECK_PROPERTY C L L;
LVS_CHECK_PROPERTY C W W;
LVS_BLACK_BOX -grey "cap_vpp_02p4x04p6_m1m2_noshield";
LVS_BLACK_BOX -grey "cap_vpp_04p4x04p6_m1m2_noshield";
LVS_BLACK_BOX -grey "cap_vpp_04p4x04p6_m1m2m3_shieldl1";
LVS_BLACK_BOX -grey "cap_vpp_08p6x07p8_m1m2_noshield";
LVS_BLACK_BOX -grey "cap_vpp_08p6x07p8_m1m2m3_shieldl1";
LVS_BLACK_BOX -grey "cap_vpp_08p6x07p8_m1m2m3_shieldl1m5_floatm4";
LVS_BLACK_BOX -grey "cap_vpp_11p5x11p7_l1m1m2_shieldpom3";
LVS_BLACK_BOX -grey "cap_vpp_11p5x11p7_l1m1m2m3_shieldm4";
LVS_BLACK_BOX -grey "cap_vpp_11p5x11p7_l1m1m2m3_shieldpom4";
LVS_BLACK_BOX -grey "cap_vpp_11p5x11p7_l1m1m2m3m4_shieldm5";
LVS_BLACK_BOX -grey "cap_vpp_11p5x11p7_l1m1m2m3m4_shieldpom5";
LVS_BLACK_BOX -grey "cap_vpp_11p5x11p7_m1m2_noshield";
LVS_BLACK_BOX -grey "cap_vpp_11p5x11p7_m1m2m3_shieldl1";
LVS_BLACK_BOX -grey "cap_vpp_11p5x11p7_m1m2m3m4_shieldl1m5";
LVS_BLACK_BOX -grey "cap_vpp_11p5x11p7_m1m2m3m4_shieldm5";
Operation 'SELECT -outside' at line 616 in file /opt/cadence-suite/sky130_release_0.0.4/Sky130_LVS/sky130.lvs.pvl is not selected for executing, remove it.
Operation 'SELECT -label' at line 618 in file /opt/cadence-suite/sky130_release_0.0.4/Sky130_LVS/sky130.lvs.pvl is not selected for executing, remove it.
Operation 'OR' at line 624 in file /opt/cadence-suite/sky130_release_0.0.4/Sky130_LVS/sky130.lvs.pvl is not selected for executing, remove it.
Operation 'NOT' at line 625 in file /opt/cadence-suite/sky130_release_0.0.4/Sky130_LVS/sky130.lvs.pvl is not selected for executing, remove it.
Operation 'WITH_WIDTH' at line 633 in file /opt/cadence-suite/sky130_release_0.0.4/Sky130_LVS/sky130.lvs.pvl is not selected for executing, remove it.
Operation 'AND' at line 635 in file /opt/cadence-suite/sky130_release_0.0.4/Sky130_LVS/sky130.lvs.pvl is not selected for executing, remove it.
Operation 'SELECT -inside' at line 641 in file /opt/cadence-suite/sky130_release_0.0.4/Sky130_LVS/sky130.lvs.pvl is not selected for executing, remove it.
Operation 'AND' at line 648 in file /opt/cadence-suite/sky130_release_0.0.4/Sky130_LVS/sky130.lvs.pvl is not selected for executing, remove it.
Operation 'SELECT -inside' at line 649 in file /opt/cadence-suite/sky130_release_0.0.4/Sky130_LVS/sky130.lvs.pvl is not selected for executing, remove it.
Operation 'SELECT -touch' at line 650 in file /opt/cadence-suite/sky130_release_0.0.4/Sky130_LVS/sky130.lvs.pvl is not selected for executing, remove it.
Operation 'HOLES' at line 651 in file /opt/cadence-suite/sky130_release_0.0.4/Sky130_LVS/sky130.lvs.pvl is not selected for executing, remove it.
Operation 'SELECT -touch' at line 652 in file /opt/cadence-suite/sky130_release_0.0.4/Sky130_LVS/sky130.lvs.pvl is not selected for executing, remove it.
Operation 'SELECT -touch' at line 653 in file /opt/cadence-suite/sky130_release_0.0.4/Sky130_LVS/sky130.lvs.pvl is not selected for executing, remove it.
Operation 'OR' at line 654 in file /opt/cadence-suite/sky130_release_0.0.4/Sky130_LVS/sky130.lvs.pvl is not selected for executing, remove it.
Operation 'XOR' at line 655 in file /opt/cadence-suite/sky130_release_0.0.4/Sky130_LVS/sky130.lvs.pvl is not selected for executing, remove it.
Operation 'SELECT -interact' at line 656 in file /opt/cadence-suite/sky130_release_0.0.4/Sky130_LVS/sky130.lvs.pvl is not selected for executing, remove it.
Operation 'HOLES' at line 658 in file /opt/cadence-suite/sky130_release_0.0.4/Sky130_LVS/sky130.lvs.pvl is not selected for executing, remove it.
Operation 'OR' at line 659 in file /opt/cadence-suite/sky130_release_0.0.4/Sky130_LVS/sky130.lvs.pvl is not selected for executing, remove it.
Operation 'HOLES' at line 661 in file /opt/cadence-suite/sky130_release_0.0.4/Sky130_LVS/sky130.lvs.pvl is not selected for executing, remove it.
Operation 'SELECT -touch' at line 663 in file /opt/cadence-suite/sky130_release_0.0.4/Sky130_LVS/sky130.lvs.pvl is not selected for executing, remove it.
Operation 'AND' at line 665 in file /opt/cadence-suite/sky130_release_0.0.4/Sky130_LVS/sky130.lvs.pvl is not selected for executing, remove it.
Operation 'AND' at line 666 in file /opt/cadence-suite/sky130_release_0.0.4/Sky130_LVS/sky130.lvs.pvl is not selected for executing, remove it.
Operation 'NOT' at line 668 in file /opt/cadence-suite/sky130_release_0.0.4/Sky130_LVS/sky130.lvs.pvl is not selected for executing, remove it.
Operation 'SELECT -cut' at line 722 in file /opt/cadence-suite/sky130_release_0.0.4/Sky130_LVS/sky130.lvs.pvl is not selected for executing, remove it.
Operation 'OR' at line 734 in file /opt/cadence-suite/sky130_release_0.0.4/Sky130_LVS/sky130.lvs.pvl is not selected for executing, remove it.
Operation 'NOT' at line 758 in file /opt/cadence-suite/sky130_release_0.0.4/Sky130_LVS/sky130.lvs.pvl is not selected for executing, remove it.
Operation 'AND' at line 788 in file /opt/cadence-suite/sky130_release_0.0.4/Sky130_LVS/sky130.lvs.pvl is not selected for executing, remove it.
Operation 'NOT' at line 789 in file /opt/cadence-suite/sky130_release_0.0.4/Sky130_LVS/sky130.lvs.pvl is not selected for executing, remove it.
Operation 'SELECT -inside' at line 790 in file /opt/cadence-suite/sky130_release_0.0.4/Sky130_LVS/sky130.lvs.pvl is not selected for executing, remove it.
Operation 'AND' at line 793 in file /opt/cadence-suite/sky130_release_0.0.4/Sky130_LVS/sky130.lvs.pvl is not selected for executing, remove it.
Operation 'AND' at line 794 in file /opt/cadence-suite/sky130_release_0.0.4/Sky130_LVS/sky130.lvs.pvl is not selected for executing, remove it.
Operation 'NOT' at line 795 in file /opt/cadence-suite/sky130_release_0.0.4/Sky130_LVS/sky130.lvs.pvl is not selected for executing, remove it.
Operation 'SELECT -outside' at line 797 in file /opt/cadence-suite/sky130_release_0.0.4/Sky130_LVS/sky130.lvs.pvl is not selected for executing, remove it.
Operation 'AND' at line 799 in file /opt/cadence-suite/sky130_release_0.0.4/Sky130_LVS/sky130.lvs.pvl is not selected for executing, remove it.
Operation 'AND' at line 801 in file /opt/cadence-suite/sky130_release_0.0.4/Sky130_LVS/sky130.lvs.pvl is not selected for executing, remove it.
Operation 'SELECT -outside' at line 802 in file /opt/cadence-suite/sky130_release_0.0.4/Sky130_LVS/sky130.lvs.pvl is not selected for executing, remove it.
Operation 'AND' at line 804 in file /opt/cadence-suite/sky130_release_0.0.4/Sky130_LVS/sky130.lvs.pvl is not selected for executing, remove it.
Operation 'SELECT -outside' at line 805 in file /opt/cadence-suite/sky130_release_0.0.4/Sky130_LVS/sky130.lvs.pvl is not selected for executing, remove it.
Operation 'NOT' at line 807 in file /opt/cadence-suite/sky130_release_0.0.4/Sky130_LVS/sky130.lvs.pvl is not selected for executing, remove it.
Operation 'SELECT -outside' at line 808 in file /opt/cadence-suite/sky130_release_0.0.4/Sky130_LVS/sky130.lvs.pvl is not selected for executing, remove it.
Operation 'AND' at line 810 in file /opt/cadence-suite/sky130_release_0.0.4/Sky130_LVS/sky130.lvs.pvl is not selected for executing, remove it.
Operation 'SELECT -outside' at line 811 in file /opt/cadence-suite/sky130_release_0.0.4/Sky130_LVS/sky130.lvs.pvl is not selected for executing, remove it.
Operation 'SELECT -outside' at line 814 in file /opt/cadence-suite/sky130_release_0.0.4/Sky130_LVS/sky130.lvs.pvl is not selected for executing, remove it.
Operation 'AND' at line 816 in file /opt/cadence-suite/sky130_release_0.0.4/Sky130_LVS/sky130.lvs.pvl is not selected for executing, remove it.
Operation 'SELECT -outside' at line 817 in file /opt/cadence-suite/sky130_release_0.0.4/Sky130_LVS/sky130.lvs.pvl is not selected for executing, remove it.
Operation 'SELECT -outside' at line 820 in file /opt/cadence-suite/sky130_release_0.0.4/Sky130_LVS/sky130.lvs.pvl is not selected for executing, remove it.
Operation 'NOT' at line 839 in file /opt/cadence-suite/sky130_release_0.0.4/Sky130_LVS/sky130.lvs.pvl is not selected for executing, remove it.
Operation 'SELECT -touch' at line 841 in file /opt/cadence-suite/sky130_release_0.0.4/Sky130_LVS/sky130.lvs.pvl is not selected for executing, remove it.
Operation 'AND' at line 843 in file /opt/cadence-suite/sky130_release_0.0.4/Sky130_LVS/sky130.lvs.pvl is not selected for executing, remove it.
Operation 'SELECT -outside' at line 844 in file /opt/cadence-suite/sky130_release_0.0.4/Sky130_LVS/sky130.lvs.pvl is not selected for executing, remove it.
Operation 'AND' at line 845 in file /opt/cadence-suite/sky130_release_0.0.4/Sky130_LVS/sky130.lvs.pvl is not selected for executing, remove it.
Operation 'NOT' at line 848 in file /opt/cadence-suite/sky130_release_0.0.4/Sky130_LVS/sky130.lvs.pvl is not selected for executing, remove it.
Operation 'NOT' at line 849 in file /opt/cadence-suite/sky130_release_0.0.4/Sky130_LVS/sky130.lvs.pvl is not selected for executing, remove it.
Operation 'AND' at line 851 in file /opt/cadence-suite/sky130_release_0.0.4/Sky130_LVS/sky130.lvs.pvl is not selected for executing, remove it.
Operation 'SELECT -outside' at line 852 in file /opt/cadence-suite/sky130_release_0.0.4/Sky130_LVS/sky130.lvs.pvl is not selected for executing, remove it.
Operation 'AND' at line 854 in file /opt/cadence-suite/sky130_release_0.0.4/Sky130_LVS/sky130.lvs.pvl is not selected for executing, remove it.
Operation 'AND' at line 856 in file /opt/cadence-suite/sky130_release_0.0.4/Sky130_LVS/sky130.lvs.pvl is not selected for executing, remove it.
Operation 'AND' at line 857 in file /opt/cadence-suite/sky130_release_0.0.4/Sky130_LVS/sky130.lvs.pvl is not selected for executing, remove it.
Operation 'NOT' at line 858 in file /opt/cadence-suite/sky130_release_0.0.4/Sky130_LVS/sky130.lvs.pvl is not selected for executing, remove it.
Operation 'NOT' at line 859 in file /opt/cadence-suite/sky130_release_0.0.4/Sky130_LVS/sky130.lvs.pvl is not selected for executing, remove it.
Operation 'AND' at line 862 in file /opt/cadence-suite/sky130_release_0.0.4/Sky130_LVS/sky130.lvs.pvl is not selected for executing, remove it.
Operation 'SIZE' at line 863 in file /opt/cadence-suite/sky130_release_0.0.4/Sky130_LVS/sky130.lvs.pvl is not selected for executing, remove it.


operation group: 1/106
    Chip_extent_pvsTmp2 = EXTENT
========================================================================


operation group: 2/106
    li1 = OR li1_pin li1_in
========================================================================


operation group: 3/106
    prec_resistor_poly = SELECT -interact poly_in poly_res
========================================================================


operation group: 4/106
    prec_resistor_term = AND prec_resistor_poly li1
========================================================================


operation group: 5/106
    met3_all = OR met3_pin met3_in
========================================================================


operation group: 6/106
    met3 = NOT met3_all met3_res
========================================================================


operation group: 7/106
    bottom_plate = AND capm met3
========================================================================


operation group: 8/106
    met4_all = OR met4_pin met4_in
========================================================================


operation group: 9/106
    met4 = NOT met4_all met4_res
========================================================================


operation group: 10/106
    top_plate = AND capm met4
========================================================================


operation group: 11/106
    nwell = OR nwell_pin nwell_in
========================================================================


operation group: 12/106
    pdiff_all = AND diff nwell
========================================================================


operation group: 13/106
    pdiff = NOT pdiff_all diff_res
========================================================================


operation group: 14/106
    poly = NOT poly_in prec_resistor_poly
========================================================================


operation group: 15/106
    gate = AND poly diff
========================================================================


operation group: 16/106
    pfet = AND gate nwell
========================================================================


operation group: 17/106
    pSourceDrain = NOT pdiff pfet
========================================================================


operation group: 18/106
    ndiff_all = NOT diff nwell
========================================================================


operation group: 19/106
    ndiff = NOT ndiff_all diff_res
========================================================================


operation group: 20/106
    nfet = NOT gate nwell
========================================================================


operation group: 21/106
    nSourceDrain = NOT ndiff nfet
========================================================================


operation group: 22/106
    pp_term = SELECT -touch pdiff diff_res
========================================================================


operation group: 23/106
    np_term = SELECT -touch ndiff diff_res
========================================================================


operation group: 24/106
    ntap = AND tap nwell
========================================================================


operation group: 25/106
    ptap = NOT tap nwell
========================================================================


operation group: 26/106
    isolated_tap = SELECT -interact tap diff -not
========================================================================


operation group: 27/106
    poly_licon1_pvsTmp1 = OR diff tap
========================================================================


operation group: 28/106
    poly_licon1_pvsTmp2 = NOT poly_licon1_pvsTmp1 poly
========================================================================


operation group: 29/106
    poly_licon1 = SELECT -cut licon1 poly_licon1_pvsTmp2 -not
========================================================================


operation group: 30/106
    HV_poly = AND poly hvi
========================================================================


operation group: 31/106
    HV_Diff = AND diff hvi
========================================================================


operation group: 32/106
    HV_source_drain = NOT HV_Diff HV_poly
========================================================================


operation group: 33/106
    met1_all = OR met1_pin met1_in
========================================================================


operation group: 34/106
    met1 = NOT met1_all met1_res
========================================================================


operation group: 35/106
    met2_all = OR met2_pin met2_in
========================================================================


operation group: 36/106
    met2 = NOT met2_all met2_res
========================================================================


operation group: 37/106
    via3 = NOT via3_in capm
========================================================================


operation group: 38/106
    met5_all = OR met5_pin met5_in
========================================================================


operation group: 39/106
    met5 = NOT met5_all met5_res
========================================================================


operation group: 40/106
    HV_tap = AND tap hvi
========================================================================


operation group: 41/106
    HV_nwell_pvsTmp1 = AND nwell hvi
========================================================================


operation group: 42/106
    HV_nwell_pvsTmp2 = SELECT -outside nwell areaid.hl -not
========================================================================


operation group: 43/106
    HV_nwell = OR HV_nwell_pvsTmp1 HV_nwell_pvsTmp2
========================================================================


operation group: 44/106
    Chip_extent_pvsTmp1 = HOLES areaid.sl
========================================================================


operation group: 45/106
    Chip_extent = OR Chip_extent_pvsTmp1 Chip_extent_pvsTmp2 areaid.sl
========================================================================


operation group: 46/106
    pwell_create = NOT Chip_extent nwell
========================================================================


operation group: 47/106
    pwell = OR pwell_pin pwell_create pwell_in
========================================================================


operation group: 48/106
    CONNECT li1 prec_resistor_term -by licon1
    CONNECT met3 bottom_plate
    CONNECT met4 top_plate
    CONNECT li1 pSourceDrain -by licon1
    CONNECT li1 nSourceDrain -by licon1
    CONNECT li1 pp_term -by licon1
    CONNECT li1 np_term -by licon1
    CONNECT pSourceDrain ntap
    CONNECT nSourceDrain ptap
    CONNECT li1 ptap -by licon1
    CONNECT li1 ntap -by licon1
    CONNECT li1 isolated_tap -by licon1
    CONNECT li1 poly -by poly_licon1
    CONNECT poly pfet
    CONNECT poly nfet
    CONNECT gate poly
    CONNECT li1 HV_poly -by licon1
    CONNECT li1 HV_source_drain -by licon1
    CONNECT met1 li1 -by mcon
    CONNECT met2 met1 -by via
    CONNECT met3 met2 -by via2
    CONNECT met4 met3 -by via3
    CONNECT met5 met4 -by via4
    CONNECT HV_tap HV_nwell
    SCONNECT ptap pwell
    SCONNECT ntap nwell
========================================================================


operation group: 49/106
    prec_resistor_body_1 = AND prec_resistor_poly psdm
========================================================================


operation group: 50/106
    prec_resistor_body_2 = AND prec_resistor_body_1 npc
========================================================================


operation group: 51/106
    prec_resistor_body_3 = NOT prec_resistor_body_2 prec_resistor_term
========================================================================


operation group: 52/106
    prec_resistor_body = SELECT -touch prec_resistor_body_3 prec_resistor_term -eq 2
========================================================================


operation group: 53/106
    prec_resistor_width = EDGE_SELECT prec_resistor_body prec_resistor_term -coincident_only
========================================================================


operation group: 54/106
    prec_resistor_width_edge_0p35 = EDGE_LENGTH prec_resistor_width -eq 0.35
========================================================================


operation group: 55/106
    prec_resistor_0p35 = SELECT -with_edge prec_resistor_body prec_resistor_width_edge_0p35 -eq 2
========================================================================


operation group: 56/106
    res_high_po_0p35_rec_1 = AND prec_resistor_0p35 rpm
========================================================================


operation group: 57/106
    res_high_po_0p35_rec = NOT res_high_po_0p35_rec_1 urpm
========================================================================


operation group: 58/106
    prec_resistor_width_edge_0p69 = EDGE_LENGTH prec_resistor_width -eq 0.69
========================================================================


operation group: 59/106
    prec_resistor_0p69 = SELECT -with_edge prec_resistor_body prec_resistor_width_edge_0p69 -eq 2
========================================================================


operation group: 60/106
    res_high_po_0p69_rec_1 = AND prec_resistor_0p69 rpm
========================================================================


operation group: 61/106
    res_high_po_0p69_rec = NOT res_high_po_0p69_rec_1 urpm
========================================================================


operation group: 62/106
    prec_resistor_width_edge_1p41 = EDGE_LENGTH prec_resistor_width -eq 1.41
========================================================================


operation group: 63/106
    prec_resistor_1p41 = SELECT -with_edge prec_resistor_body prec_resistor_width_edge_1p41 -eq 2
========================================================================


operation group: 64/106
    res_high_po_1p41_rec_1 = AND prec_resistor_1p41 rpm
========================================================================


operation group: 65/106
    res_high_po_1p41_rec = NOT res_high_po_1p41_rec_1 urpm
========================================================================


operation group: 66/106
    prec_resistor_width_edge_2p85 = EDGE_LENGTH prec_resistor_width -eq 2.85
========================================================================


operation group: 67/106
    prec_resistor_2p85 = SELECT -with_edge prec_resistor_body prec_resistor_width_edge_2p85 -eq 2
========================================================================


operation group: 68/106
    res_high_po_2p85_rec_1 = AND prec_resistor_2p85 rpm
========================================================================


operation group: 69/106
    res_high_po_2p85_rec = NOT res_high_po_2p85_rec_1 urpm
========================================================================


operation group: 70/106
    prec_resistor_width_edge_5p73 = EDGE_LENGTH prec_resistor_width -eq 5.73
========================================================================


operation group: 71/106
    prec_resistor_5p73 = SELECT -with_edge prec_resistor_body prec_resistor_width_edge_5p73 -eq 2
========================================================================


operation group: 72/106
    res_high_po_5p73_rec_1 = AND prec_resistor_5p73 rpm
========================================================================


operation group: 73/106
    res_high_po_5p73_rec = NOT res_high_po_5p73_rec_1 urpm
========================================================================


operation group: 74/106
    res_xhigh_po_0p35_rec = AND prec_resistor_0p35 urpm
========================================================================


operation group: 75/106
    res_xhigh_po_0p69_rec = AND prec_resistor_0p69 urpm
========================================================================


operation group: 76/106
    res_xhigh_po_1p41_rec = AND prec_resistor_1p41 urpm
========================================================================


operation group: 77/106
    res_xhigh_po_2p85_rec = AND prec_resistor_2p85 urpm
========================================================================


operation group: 78/106
    res_xhigh_po_5p73_rec = AND prec_resistor_5p73 urpm
========================================================================


operation group: 79/106
    capacitor = SELECT -enclose capm via3_in -gt 0
========================================================================


operation group: 80/106
    HV_gate = SELECT -inside gate hvi
========================================================================


operation group: 81/106
    HV_FET_gate = SELECT -touch HV_gate HV_source_drain
========================================================================


operation group: 82/106
    nfet_norm_a = NOT nfet HV_FET_gate
========================================================================


operation group: 83/106
    nfet_norm = NOT nfet_norm_a lvtn
========================================================================


operation group: 84/106
    nfet_01v8_rec = AND nfet_norm ndiff
========================================================================


operation group: 85/106
    pfet_norm_a = NOT pfet HV_FET_gate
========================================================================


operation group: 86/106
    hvtpfet = AND pfet hvtp
========================================================================


operation group: 87/106
    pfet_norm_b = NOT pfet_norm_a hvtpfet
========================================================================


operation group: 88/106
    pfet_norm = NOT pfet_norm_b lvtn
========================================================================


operation group: 89/106
    pfet_01v8_rec = AND pfet_norm pdiff
========================================================================


operation group: 90/106
    lvtpfet = AND pfet_norm_b lvtn
========================================================================


operation group: 91/106
    lvtpfet_01v8_rec = AND lvtpfet pdiff
========================================================================


operation group: 92/106
    lvtnfet = AND nfet_norm_a lvtn
========================================================================


operation group: 93/106
    lvtnfet_01v8_rec = AND lvtnfet ndiff
========================================================================


operation group: 94/106
    hvtpfet_01v8_rec = AND hvtpfet pdiff
========================================================================


operation group: 95/106
    HV_npoly = AND HV_FET_gate nsdm
========================================================================


operation group: 96/106
    HV_ngate_length = EDGE_SELECT HV_npoly HV_source_drain -coincident_only
========================================================================


operation group: 97/106
    HV_ngate_3v3_a = INTE HV_ngate_length -ltge 0.5 0.9 -output region
    HV_ngate_5v0_a = INTE HV_ngate_length -ltge 0.9 15 -output region
========================================================================


operation group: 98/106
    HV_ngate_3v3 = AND HV_ngate_3v3_a lvtn
========================================================================


operation group: 99/106
    HV_ngate_5v0 = AND HV_ngate_5v0_a lvtn
========================================================================


operation group: 100/106
    HV_gate_5v10v_a = NOT HV_FET_gate HV_ngate_5v0
========================================================================


operation group: 101/106
    HV_gate_5v10v_b = NOT HV_gate_5v10v_a HV_ngate_3v3
========================================================================


operation group: 102/106
    HV_ngate_5v10v = AND HV_gate_5v10v_b nsdm
========================================================================


operation group: 103/106
    HV_pgate_5v10v = AND HV_gate_5v10v_b psdm
========================================================================


operation group: 104/106
    cap_width = ANGLE capacitor -eq 0
========================================================================


operation group: 105/106
    cap_length = ANGLE capacitor -eq 90
========================================================================


operation group: 106/106
    DEVICE R( res_generic_m1) met1_res met1( P) met1( N)
    DEVICE R( res_generic_m2) met2_res met2( P) met2( N)
    DEVICE R( res_generic_m3) met3_res met3( P) met3( N)
    DEVICE R( res_generic_m4) met4_res met4( P) met4( N)
    DEVICE R( res_generic_m5) met5_res met5( P) met5( N)
    DEVICE R( RES_GENERIC_ND) diff_res np_term( P) np_term( N)
    DEVICE R( RES_GENERIC_PD) diff_res pp_term( P) pp_term( N)
    DEVICE MN( nfet_01v8) nfet_01v8_rec nfet( G) nSourceDrain( S) nSourceDrain( D) pwell( B)
    DEVICE MP( pfet_01v8) pfet_01v8_rec pfet( G) pSourceDrain( S) pSourceDrain( D) nwell( B)
    DEVICE MP( pfet_01v8_lvt) lvtpfet_01v8_rec lvtpfet( G) pSourceDrain( S) pSourceDrain( D) nwell( B)
    DEVICE MN( nfet_01v8_lvt) lvtnfet_01v8_rec lvtnfet( G) nSourceDrain( S) nSourceDrain( D) pwell( B)
    DEVICE MP( pfet_01v8_hvt) hvtpfet_01v8_rec hvtpfet( G) pSourceDrain( S) pSourceDrain( D) nwell( B)
    DEVICE MN( nfet_03v3_nvt) HV_ngate_3v3 HV_FET_gate( G) HV_source_drain( S) HV_source_drain( D) pwell( B)
    DEVICE MN( nfet_05v0_nvt) HV_ngate_5v0 HV_FET_gate( G) HV_source_drain( S) HV_source_drain( D) pwell( B)
    DEVICE MN( nfet_g5v0d10v5) HV_ngate_5v10v HV_FET_gate( G) HV_source_drain( S) HV_source_drain( D) pwell( B)
    DEVICE MP( pfet_g5v0d10v5) HV_pgate_5v10v HV_FET_gate( G) HV_source_drain( S) HV_source_drain( D) nwell( B)
    DEVICE R( res_high_po_0p35) res_high_po_0p35_rec prec_resistor_term( P) prec_resistor_term( N) pwell( B) -element R [
		area = area(res_high_po_0p35_rec)
		w = (perim_co(res_high_po_0p35_rec, prec_resistor_term) / 2)
		l = (AREA / w)
	]

    DEVICE R( res_high_po_0p69) res_high_po_0p69_rec prec_resistor_term( P) prec_resistor_term( N) pwell( B) -element R [
		area = area(res_high_po_0p69_rec)
		w = (perim_co(res_high_po_0p69_rec, prec_resistor_term) / 2)
		l = (AREA / w)
	]

    DEVICE R( res_high_po_1p41) res_high_po_1p41_rec prec_resistor_term( P) prec_resistor_term( N) pwell( B) -element R [
		area = area(res_high_po_1p41_rec)
		w = (perim_co(res_high_po_1p41_rec, prec_resistor_term) / 2)
		l = (AREA / w)
	]

    DEVICE R( res_high_po_2p85) res_high_po_2p85_rec prec_resistor_term( P) prec_resistor_term( N) pwell( B) -element R [
		area = area(res_high_po_2p85_rec)
		w = (perim_co(res_high_po_2p85_rec, prec_resistor_term) / 2)
		l = (AREA / w)
	]

    DEVICE R( res_high_po_5p73) res_high_po_5p73_rec prec_resistor_term( P) prec_resistor_term( N) pwell( B) -element R [
		area = area(res_high_po_5p73_rec)
		w = (perim_co(res_high_po_5p73_rec, prec_resistor_term) / 2)
		l = (AREA / w)
	]

    DEVICE R( res_xhigh_po_0p35) res_xhigh_po_0p35_rec prec_resistor_term( P) prec_resistor_term( N) pwell( B) -element R [
		area = area(res_xhigh_po_0p35_rec)
		w = (perim_co(res_xhigh_po_0p35_rec, prec_resistor_term) / 2)
		l = (AREA / w)
	]

    DEVICE R( res_xhigh_po_0p69) res_xhigh_po_0p69_rec prec_resistor_term( P) prec_resistor_term( N) pwell( B) -element R [
		area = area(res_xhigh_po_0p69_rec)
		w = (perim_co(res_xhigh_po_0p69_rec, prec_resistor_term) / 2)
		l = (AREA / w)
	]

    DEVICE R( res_xhigh_po_1p41) res_xhigh_po_1p41_rec prec_resistor_term( P) prec_resistor_term( N) pwell( B) -element R [
		area = area(res_xhigh_po_1p41_rec)
		w = (perim_co(res_xhigh_po_1p41_rec, prec_resistor_term) / 2)
		l = (AREA / w)
	]

    DEVICE R( res_xhigh_po_2p85) res_xhigh_po_2p85_rec prec_resistor_term( P) prec_resistor_term( N) pwell( B) -element R [
		area = area(res_xhigh_po_2p85_rec)
		w = (perim_co(res_xhigh_po_2p85_rec, prec_resistor_term) / 2)
		l = (AREA / w)
	]

    DEVICE R( res_xhigh_po_5p73) res_xhigh_po_5p73_rec prec_resistor_term( P) prec_resistor_term( N) pwell( B) -element R [
		area = area(res_xhigh_po_5p73_rec)
		w = (perim_co(res_xhigh_po_5p73_rec, prec_resistor_term) / 2)
		l = (AREA / w)
	]

    DEVICE C( cap_mim_m3__base) capacitor top_plate( PLUS) bottom_plate( MINUS) < cap_width> < cap_length> -element C [
		l = perim_co(capacitor, cap_length)
		w = (perim_co(capacitor, cap_width) / 2)
	]

========================================================================
Completed execution after parsing the rules, as requested by the "-p" flag or "-get_rules" flag 


Netlist extraction finished normally. Sun Dec  7 15:54:04 2025


